Archive member included to satisfy reference by file (symbol)

c:/st/stm32cubeide_1.4.0/stm32cubeide/plugins/com.st.stm32cube.ide.mcu.externaltools.gnu-tools-for-stm32.10.3-2021.10.win32_1.0.0.202111181127/tools/bin/../lib/gcc/arm-none-eabi/10.3.1/../../../../arm-none-eabi/lib/thumb/v7-m/nofp\libc_nano.a(lib_a-errno.o)
                              ./Src/syscalls.o (__errno)
c:/st/stm32cubeide_1.4.0/stm32cubeide/plugins/com.st.stm32cube.ide.mcu.externaltools.gnu-tools-for-stm32.10.3-2021.10.win32_1.0.0.202111181127/tools/bin/../lib/gcc/arm-none-eabi/10.3.1/../../../../arm-none-eabi/lib/thumb/v7-m/nofp\libc_nano.a(lib_a-exit.o)
                              c:/st/stm32cubeide_1.4.0/stm32cubeide/plugins/com.st.stm32cube.ide.mcu.externaltools.gnu-tools-for-stm32.10.3-2021.10.win32_1.0.0.202111181127/tools/bin/../lib/gcc/arm-none-eabi/10.3.1/../../../../arm-none-eabi/lib/thumb/v7-m/nofp/crt0.o (exit)
c:/st/stm32cubeide_1.4.0/stm32cubeide/plugins/com.st.stm32cube.ide.mcu.externaltools.gnu-tools-for-stm32.10.3-2021.10.win32_1.0.0.202111181127/tools/bin/../lib/gcc/arm-none-eabi/10.3.1/../../../../arm-none-eabi/lib/thumb/v7-m/nofp\libc_nano.a(lib_a-impure.o)
                              c:/st/stm32cubeide_1.4.0/stm32cubeide/plugins/com.st.stm32cube.ide.mcu.externaltools.gnu-tools-for-stm32.10.3-2021.10.win32_1.0.0.202111181127/tools/bin/../lib/gcc/arm-none-eabi/10.3.1/../../../../arm-none-eabi/lib/thumb/v7-m/nofp\libc_nano.a(lib_a-exit.o) (_global_impure_ptr)
c:/st/stm32cubeide_1.4.0/stm32cubeide/plugins/com.st.stm32cube.ide.mcu.externaltools.gnu-tools-for-stm32.10.3-2021.10.win32_1.0.0.202111181127/tools/bin/../lib/gcc/arm-none-eabi/10.3.1/../../../../arm-none-eabi/lib/thumb/v7-m/nofp\libc_nano.a(lib_a-init.o)
                              c:/st/stm32cubeide_1.4.0/stm32cubeide/plugins/com.st.stm32cube.ide.mcu.externaltools.gnu-tools-for-stm32.10.3-2021.10.win32_1.0.0.202111181127/tools/bin/../lib/gcc/arm-none-eabi/10.3.1/../../../../arm-none-eabi/lib/thumb/v7-m/nofp/crt0.o (__libc_init_array)
c:/st/stm32cubeide_1.4.0/stm32cubeide/plugins/com.st.stm32cube.ide.mcu.externaltools.gnu-tools-for-stm32.10.3-2021.10.win32_1.0.0.202111181127/tools/bin/../lib/gcc/arm-none-eabi/10.3.1/../../../../arm-none-eabi/lib/thumb/v7-m/nofp\libc_nano.a(lib_a-memset.o)
                              c:/st/stm32cubeide_1.4.0/stm32cubeide/plugins/com.st.stm32cube.ide.mcu.externaltools.gnu-tools-for-stm32.10.3-2021.10.win32_1.0.0.202111181127/tools/bin/../lib/gcc/arm-none-eabi/10.3.1/../../../../arm-none-eabi/lib/thumb/v7-m/nofp/crt0.o (memset)

Discarded input sections

 .text          0x0000000000000000        0x0 c:/st/stm32cubeide_1.4.0/stm32cubeide/plugins/com.st.stm32cube.ide.mcu.externaltools.gnu-tools-for-stm32.10.3-2021.10.win32_1.0.0.202111181127/tools/bin/../lib/gcc/arm-none-eabi/10.3.1/thumb/v7-m/nofp/crti.o
 .data          0x0000000000000000        0x0 c:/st/stm32cubeide_1.4.0/stm32cubeide/plugins/com.st.stm32cube.ide.mcu.externaltools.gnu-tools-for-stm32.10.3-2021.10.win32_1.0.0.202111181127/tools/bin/../lib/gcc/arm-none-eabi/10.3.1/thumb/v7-m/nofp/crti.o
 .bss           0x0000000000000000        0x0 c:/st/stm32cubeide_1.4.0/stm32cubeide/plugins/com.st.stm32cube.ide.mcu.externaltools.gnu-tools-for-stm32.10.3-2021.10.win32_1.0.0.202111181127/tools/bin/../lib/gcc/arm-none-eabi/10.3.1/thumb/v7-m/nofp/crti.o
 .data          0x0000000000000000        0x4 c:/st/stm32cubeide_1.4.0/stm32cubeide/plugins/com.st.stm32cube.ide.mcu.externaltools.gnu-tools-for-stm32.10.3-2021.10.win32_1.0.0.202111181127/tools/bin/../lib/gcc/arm-none-eabi/10.3.1/thumb/v7-m/nofp/crtbegin.o
 .rodata        0x0000000000000000       0x24 c:/st/stm32cubeide_1.4.0/stm32cubeide/plugins/com.st.stm32cube.ide.mcu.externaltools.gnu-tools-for-stm32.10.3-2021.10.win32_1.0.0.202111181127/tools/bin/../lib/gcc/arm-none-eabi/10.3.1/thumb/v7-m/nofp/crtbegin.o
 .text          0x0000000000000000       0x7c c:/st/stm32cubeide_1.4.0/stm32cubeide/plugins/com.st.stm32cube.ide.mcu.externaltools.gnu-tools-for-stm32.10.3-2021.10.win32_1.0.0.202111181127/tools/bin/../lib/gcc/arm-none-eabi/10.3.1/../../../../arm-none-eabi/lib/thumb/v7-m/nofp/crt0.o
 .data          0x0000000000000000        0x0 c:/st/stm32cubeide_1.4.0/stm32cubeide/plugins/com.st.stm32cube.ide.mcu.externaltools.gnu-tools-for-stm32.10.3-2021.10.win32_1.0.0.202111181127/tools/bin/../lib/gcc/arm-none-eabi/10.3.1/../../../../arm-none-eabi/lib/thumb/v7-m/nofp/crt0.o
 .bss           0x0000000000000000        0x0 c:/st/stm32cubeide_1.4.0/stm32cubeide/plugins/com.st.stm32cube.ide.mcu.externaltools.gnu-tools-for-stm32.10.3-2021.10.win32_1.0.0.202111181127/tools/bin/../lib/gcc/arm-none-eabi/10.3.1/../../../../arm-none-eabi/lib/thumb/v7-m/nofp/crt0.o
 .ARM.extab     0x0000000000000000        0x0 c:/st/stm32cubeide_1.4.0/stm32cubeide/plugins/com.st.stm32cube.ide.mcu.externaltools.gnu-tools-for-stm32.10.3-2021.10.win32_1.0.0.202111181127/tools/bin/../lib/gcc/arm-none-eabi/10.3.1/../../../../arm-none-eabi/lib/thumb/v7-m/nofp/crt0.o
[...]
Memory Configuration

Name             Origin             Length             Attributes
RAM              0x0000000020000000 0x0000000000002800 xrw
ROM              0x0000000008000000 0x0000000000008000 xr
*default*        0x0000000000000000 0xffffffffffffffff

Linker script and memory map

LOAD c:/st/stm32cubeide_1.4.0/stm32cubeide/plugins/com.st.stm32cube.ide.mcu.externaltools.gnu-tools-for-stm32.10.3-2021.10.win32_1.0.0.202111181127/tools/bin/../lib/gcc/arm-none-eabi/10.3.1/thumb/v7-m/nofp/crti.o
LOAD c:/st/stm32cubeide_1.4.0/stm32cubeide/plugins/com.st.stm32cube.ide.mcu.externaltools.gnu-tools-for-stm32.10.3-2021.10.win32_1.0.0.202111181127/tools/bin/../lib/gcc/arm-none-eabi/10.3.1/thumb/v7-m/nofp/crtbegin.o
LOAD c:/st/stm32cubeide_1.4.0/stm32cubeide/plugins/com.st.stm32cube.ide.mcu.externaltools.gnu-tools-for-stm32.10.3-2021.10.win32_1.0.0.202111181127/tools/bin/../lib/gcc/arm-none-eabi/10.3.1/../../../../arm-none-eabi/lib/thumb/v7-m/nofp/crt0.o
LOAD ./Src/main.o
LOAD ./Src/syscalls.o
LOAD ./Src/sysmem.o
LOAD ./Startup/startup_stm32f103c6tx.o
LOAD ./Stm32_F103C6_Drivers/HAL/KeyPad_Driver/KeyPad.o
LOAD ./Stm32_F103C6_Drivers/HAL/LCD_Driver/LCD.o
LOAD ./Stm32_F103C6_Drivers/MCAL/EXTI_Driver/Stm32_F103C6_EXTI_Driver.o
LOAD ./Stm32_F103C6_Drivers/MCAL/GPIO_Driver/Stm32_F103C6_GPIO_Driver.o
LOAD ./Stm32_F103C6_Drivers/MCAL/RCC_Driver/Stm32_F103C6_RCC_Driver.o
LOAD ./Stm32_F103C6_Drivers/MCAL/UART_Driver/Stm32_F103C6_UART_Driver.o
START GROUP
LOAD c:/st/stm32cubeide_1.4.0/stm32cubeide/plugins/com.st.stm32cube.ide.mcu.externaltools.gnu-tools-for-stm32.10.3-2021.10.win32_1.0.0.202111181127/tools/bin/../lib/gcc/arm-none-eabi/10.3.1/../../../../arm-none-eabi/lib/thumb/v7-m/nofp\libc_nano.a
LOAD c:/st/stm32cubeide_1.4.0/stm32cubeide/plugins/com.st.stm32cube.ide.mcu.externaltools.gnu-tools-for-stm32.10.3-2021.10.win32_1.0.0.202111181127/tools/bin/../lib/gcc/arm-none-eabi/10.3.1/../../../../arm-none-eabi/lib/thumb/v7-m/nofp\libm.a
END GROUP
START GROUP
LOAD c:/st/stm32cubeide_1.4.0/stm32cubeide/plugins/com.st.stm32cube.ide.mcu.externaltools.gnu-tools-for-stm32.10.3-2021.10.win32_1.0.0.202111181127/tools/bin/../lib/gcc/arm-none-eabi/10.3.1/thumb/v7-m/nofp\libgcc.a
LOAD c:/st/stm32cubeide_1.4.0/stm32cubeide/plugins/com.st.stm32cube.ide.mcu.externaltools.gnu-tools-for-stm32.10.3-2021.10.win32_1.0.0.202111181127/tools/bin/../lib/gcc/arm-none-eabi/10.3.1/../../../../arm-none-eabi/lib/thumb/v7-m/nofp\libg_nano.a
LOAD c:/st/stm32cubeide_1.4.0/stm32cubeide/plugins/com.st.stm32cube.ide.mcu.externaltools.gnu-tools-for-stm32.10.3-2021.10.win32_1.0.0.202111181127/tools/bin/../lib/gcc/arm-none-eabi/10.3.1/../../../../arm-none-eabi/lib/thumb/v7-m/nofp\libc_nano.a
END GROUP
START GROUP
LOAD c:/st/stm32cubeide_1.4.0/stm32cubeide/plugins/com.st.stm32cube.ide.mcu.externaltools.gnu-tools-for-stm32.10.3-2021.10.win32_1.0.0.202111181127/tools/bin/../lib/gcc/arm-none-eabi/10.3.1/thumb/v7-m/nofp\libgcc.a
LOAD c:/st/stm32cubeide_1.4.0/stm32cubeide/plugins/com.st.stm32cube.ide.mcu.externaltools.gnu-tools-for-stm32.10.3-2021.10.win32_1.0.0.202111181127/tools/bin/../lib/gcc/arm-none-eabi/10.3.1/../../../../arm-none-eabi/lib/thumb/v7-m/nofp\libc_nano.a
LOAD c:/st/stm32cubeide_1.4.0/stm32cubeide/plugins/com.st.stm32cube.ide.mcu.externaltools.gnu-tools-for-stm32.10.3-2021.10.win32_1.0.0.202111181127/tools/bin/../lib/gcc/arm-none-eabi/10.3.1/../../../../arm-none-eabi/lib/thumb/v7-m/nofp\libnosys.a
END GROUP
START GROUP
LOAD c:/st/stm32cubeide_1.4.0/stm32cubeide/plugins/com.st.stm32cube.ide.mcu.externaltools.gnu-tools-for-stm32.10.3-2021.10.win32_1.0.0.202111181127/tools/bin/../lib/gcc/arm-none-eabi/10.3.1/thumb/v7-m/nofp\libgcc.a
LOAD c:/st/stm32cubeide_1.4.0/stm32cubeide/plugins/com.st.stm32cube.ide.mcu.externaltools.gnu-tools-for-stm32.10.3-2021.10.win32_1.0.0.202111181127/tools/bin/../lib/gcc/arm-none-eabi/10.3.1/../../../../arm-none-eabi/lib/thumb/v7-m/nofp\libc_nano.a
LOAD c:/st/stm32cubeide_1.4.0/stm32cubeide/plugins/com.st.stm32cube.ide.mcu.externaltools.gnu-tools-for-stm32.10.3-2021.10.win32_1.0.0.202111181127/tools/bin/../lib/gcc/arm-none-eabi/10.3.1/../../../../arm-none-eabi/lib/thumb/v7-m/nofp\libnosys.a
END GROUP
LOAD c:/st/stm32cubeide_1.4.0/stm32cubeide/plugins/com.st.stm32cube.ide.mcu.externaltools.gnu-tools-for-stm32.10.3-2021.10.win32_1.0.0.202111181127/tools/bin/../lib/gcc/arm-none-eabi/10.3.1/thumb/v7-m/nofp/crtend.o
LOAD c:/st/stm32cubeide_1.4.0/stm32cubeide/plugins/com.st.stm32cube.ide.mcu.externaltools.gnu-tools-for-stm32.10.3-2021.10.win32_1.0.0.202111181127/tools/bin/../lib/gcc/arm-none-eabi/10.3.1/thumb/v7-m/nofp/crtn.o
                0x0000000020002800                _estack = (ORIGIN (RAM) + LENGTH (RAM))
                0x0000000000000200                _Min_Heap_Size = 0x200
                0x0000000000000400                _Min_Stack_Size = 0x400

.isr_vector     0x0000000008000000      0x130
                0x0000000008000000                . = ALIGN (0x4)
 *(.isr_vector)
 .isr_vector    0x0000000008000000      0x130 ./Startup/startup_stm32f103c6tx.o
                0x0000000008000000                g_pfnVectors
                0x0000000008000130                . = ALIGN (0x4)

.text           0x0000000008000130      0xa18
                0x0000000008000130                . = ALIGN (0x4)
 *(.text)
 .text          0x0000000008000130       0x40 c:/st/stm32cubeide_1.4.0/stm32cubeide/plugins/com.st.stm32cube.ide.mcu.externaltools.gnu-tools-for-stm32.10.3-2021.10.win32_1.0.0.202111181127/tools/bin/../lib/gcc/arm-none-eabi/10.3.1/thumb/v7-m/nofp/crtbegin.o
 *(.text*)
 .text.clock_init
                0x0000000008000170       0x34 ./Src/main.o
                0x0000000008000170                clock_init
 .text.main     0x00000000080001a4       0x5c ./Src/main.o
                0x00000000080001a4                main
 .text.Reset_Handler
                0x0000000008000200       0x50 ./Startup/startup_stm32f103c6tx.o
                0x0000000008000200                Reset_Handler
 .text.Default_Handler
                0x0000000008000250        0x2 ./Startup/startup_stm32f103c6tx.o
                0x0000000008000250                TIM8_TRG_COM_IRQHandler
                0x0000000008000250                TIM8_CC_IRQHandler
                0x0000000008000250                DebugMon_Handler
                0x0000000008000250                TIM1_CC_IRQHandler
                0x0000000008000250                HardFault_Handler
                0x0000000008000250                TIM6_IRQHandler
                0x0000000008000250                SysTick_Handler
                0x0000000008000250                PVD_IRQHandler
                0x0000000008000250                SDIO_IRQHandler
                0x0000000008000250                PendSV_Handler
                0x0000000008000250                NMI_Handler
                0x0000000008000250                USB_HP_CAN_TX_IRQHandler
                0x0000000008000250                I2C2_EV_IRQHandler
                0x0000000008000250                UsageFault_Handler
                0x0000000008000250                ADC1_2_IRQHandler
                0x0000000008000250                SPI1_IRQHandler
                0x0000000008000250                CAN_SCE_IRQHandler
                0x0000000008000250                TAMPER_IRQHandler
                0x0000000008000250                TIM8_UP_IRQHandler
                0x0000000008000250                DMA2_Channel2_IRQHandler
                0x0000000008000250                DMA1_Channel4_IRQHandler
                0x0000000008000250                RTC_IRQHandler
                0x0000000008000250                DMA1_Channel7_IRQHandler
                0x0000000008000250                UART5_IRQHandler
                0x0000000008000250                ADC3_IRQHandler
                0x0000000008000250                TIM4_IRQHandler
                0x0000000008000250                CAN_RX1_IRQHandler
                0x0000000008000250                DMA2_Channel1_IRQHandler
                0x0000000008000250                I2C1_EV_IRQHandler
                0x0000000008000250                DMA1_Channel6_IRQHandler
                0x0000000008000250                UART4_IRQHandler
                0x0000000008000250                TIM3_IRQHandler
                0x0000000008000250                RCC_IRQHandler
                0x0000000008000250                TIM1_TRG_COM_IRQHandler
                0x0000000008000250                DMA1_Channel1_IRQHandler
                0x0000000008000250                Default_Handler
                0x0000000008000250                TIM7_IRQHandler
                0x0000000008000250                TIM5_IRQHandler
                0x0000000008000250                SPI2_IRQHandler
                0x0000000008000250                USB_LP_CAN_RX0_IRQHandler
                0x0000000008000250                MemManage_Handler
                0x0000000008000250                SVC_Handler
                0x0000000008000250                DMA1_Channel5_IRQHandler
                0x0000000008000250                DMA1_Channel3_IRQHandler
                0x0000000008000250                FSMC_IRQHandler
                0x0000000008000250                TIM1_UP_IRQHandler
                0x0000000008000250                WWDG_IRQHandler
                0x0000000008000250                TIM2_IRQHandler
                0x0000000008000250                TIM1_BRK_IRQHandler
                0x0000000008000250                RTCAlarm_IRQHandler
                0x0000000008000250                DMA2_Channel4_5_IRQHandler
                0x0000000008000250                I2C2_ER_IRQHandler
                0x0000000008000250                DMA1_Channel2_IRQHandler
                0x0000000008000250                TIM8_BRK_IRQHandler
                0x0000000008000250                FLASH_IRQHandler
                0x0000000008000250                BusFault_Handler
                0x0000000008000250                SPI3_IRQHandler
                0x0000000008000250                I2C1_ER_IRQHandler
                0x0000000008000250                DMA2_Channel3_IRQHandler
 *fill*         0x0000000008000252        0x2 
 .text.EXTI0_IRQHandler
                0x0000000008000254       0x24 ./Stm32_F103C6_Drivers/MCAL/EXTI_Driver/Stm32_F103C6_EXTI_Driver.o
                0x0000000008000254                EXTI0_IRQHandler
 .text.EXTI1_IRQHandler
                0x0000000008000278       0x24 ./Stm32_F103C6_Drivers/MCAL/EXTI_Driver/Stm32_F103C6_EXTI_Driver.o
                0x0000000008000278                EXTI1_IRQHandler
 .text.EXTI2_IRQHandler
                0x000000000800029c       0x24 ./Stm32_F103C6_Drivers/MCAL/EXTI_Driver/Stm32_F103C6_EXTI_Driver.o
                0x000000000800029c                EXTI2_IRQHandler
 .text.EXTI3_IRQHandler
                0x00000000080002c0       0x24 ./Stm32_F103C6_Drivers/MCAL/EXTI_Driver/Stm32_F103C6_EXTI_Driver.o
                0x00000000080002c0                EXTI3_IRQHandler
 .text.EXTI4_IRQHandler
                0x00000000080002e4       0x24 ./Stm32_F103C6_Drivers/MCAL/EXTI_Driver/Stm32_F103C6_EXTI_Driver.o
                0x00000000080002e4                EXTI4_IRQHandler
 .text.EXTI9_5_IRQHandler
                0x0000000008000308       0xa8 ./Stm32_F103C6_Drivers/MCAL/EXTI_Driver/Stm32_F103C6_EXTI_Driver.o
                0x0000000008000308                EXTI9_5_IRQHandler
 .text.EXTI15_10_IRQHandler
                0x00000000080003b0       0xc4 ./Stm32_F103C6_Drivers/MCAL/EXTI_Driver/Stm32_F103C6_EXTI_Driver.o
                0x00000000080003b0                EXTI15_10_IRQHandler
 .text.Get_CRLH_Position
                0x0000000008000474      0x198 ./Stm32_F103C6_Drivers/MCAL/GPIO_Driver/Stm32_F103C6_GPIO_Driver.o
                0x0000000008000474                Get_CRLH_Position
 .text.MCAL_GPIO_Init
                0x000000000800060c       0xfe ./Stm32_F103C6_Drivers/MCAL/GPIO_Driver/Stm32_F103C6_GPIO_Driver.o
                0x000000000800060c                MCAL_GPIO_Init
 *fill*         0x000000000800070a        0x2 
 .text.MCAL_RCC_GetSYS_CLKFreq
                0x000000000800070c       0x44 ./Stm32_F103C6_Drivers/MCAL/RCC_Driver/Stm32_F103C6_RCC_Driver.o
                0x000000000800070c                MCAL_RCC_GetSYS_CLKFreq
 .text.MCAL_RCC_GetHCLKFreq
                0x0000000008000750       0x28 ./Stm32_F103C6_Drivers/MCAL/RCC_Driver/Stm32_F103C6_RCC_Driver.o
                0x0000000008000750                MCAL_RCC_GetHCLKFreq
 .text.MCAL_RCC_GetPCLK1Freq
                0x0000000008000778       0x28 ./Stm32_F103C6_Drivers/MCAL/RCC_Driver/Stm32_F103C6_RCC_Driver.o
                0x0000000008000778                MCAL_RCC_GetPCLK1Freq
 .text.MCAL_RCC_GetPCLK2Freq
                0x00000000080007a0       0x28 ./Stm32_F103C6_Drivers/MCAL/RCC_Driver/Stm32_F103C6_RCC_Driver.o
                0x00000000080007a0                MCAL_RCC_GetPCLK2Freq
 .text.MCAL_UART_Init
                0x00000000080007c8      0x184 ./Stm32_F103C6_Drivers/MCAL/UART_Driver/Stm32_F103C6_UART_Driver.o
                0x00000000080007c8                MCAL_UART_Init
 .text.MCAL_UART_ReceiveData
                0x000000000800094c       0x5c ./Stm32_F103C6_Drivers/MCAL/UART_Driver/Stm32_F103C6_UART_Driver.o
                0x000000000800094c                MCAL_UART_ReceiveData
 .text.MCAL_UART_SendData
                0x00000000080009a8       0x36 ./Stm32_F103C6_Drivers/MCAL/UART_Driver/Stm32_F103C6_UART_Driver.o
                0x00000000080009a8                MCAL_UART_SendData
 *fill*         0x00000000080009de        0x2 
 .text.MCAL_UART_GPIO_SetPins
                0x00000000080009e0       0xcc ./Stm32_F103C6_Drivers/MCAL/UART_Driver/Stm32_F103C6_UART_Driver.o
                0x00000000080009e0                MCAL_UART_GPIO_SetPins
 .text.USART1_IRQHandler
                0x0000000008000aac       0x14 ./Stm32_F103C6_Drivers/MCAL/UART_Driver/Stm32_F103C6_UART_Driver.o
                0x0000000008000aac                USART1_IRQHandler
 .text.USART2_IRQHandler
                0x0000000008000ac0       0x14 ./Stm32_F103C6_Drivers/MCAL/UART_Driver/Stm32_F103C6_UART_Driver.o
                0x0000000008000ac0                USART2_IRQHandler
 .text.USART3_IRQHandler
                0x0000000008000ad4       0x14 ./Stm32_F103C6_Drivers/MCAL/UART_Driver/Stm32_F103C6_UART_Driver.o
                0x0000000008000ad4                USART3_IRQHandler
 .text.__libc_init_array
                0x0000000008000ae8       0x48 c:/st/stm32cubeide_1.4.0/stm32cubeide/plugins/com.st.stm32cube.ide.mcu.externaltools.gnu-tools-for-stm32.10.3-2021.10.win32_1.0.0.202111181127/tools/bin/../lib/gcc/arm-none-eabi/10.3.1/../../../../arm-none-eabi/lib/thumb/v7-m/nofp\libc_nano.a(lib_a-init.o)
                0x0000000008000ae8                __libc_init_array
 *(.glue_7)
 .glue_7        0x0000000008000b30        0x0 linker stubs
 *(.glue_7t)
 .glue_7t       0x0000000008000b30        0x0 linker stubs
 *(.eh_frame)
 .eh_frame      0x0000000008000b30        0x0 c:/st/stm32cubeide_1.4.0/stm32cubeide/plugins/com.st.stm32cube.ide.mcu.externaltools.gnu-tools-for-stm32.10.3-2021.10.win32_1.0.0.202111181127/tools/bin/../lib/gcc/arm-none-eabi/10.3.1/thumb/v7-m/nofp/crtbegin.o
 *(.init)
 .init          0x0000000008000b30        0x4 c:/st/stm32cubeide_1.4.0/stm32cubeide/plugins/com.st.stm32cube.ide.mcu.externaltools.gnu-tools-for-stm32.10.3-2021.10.win32_1.0.0.202111181127/tools/bin/../lib/gcc/arm-none-eabi/10.3.1/thumb/v7-m/nofp/crti.o
                0x0000000008000b30                _init
 .init          0x0000000008000b34        0x8 c:/st/stm32cubeide_1.4.0/stm32cubeide/plugins/com.st.stm32cube.ide.mcu.externaltools.gnu-tools-for-stm32.10.3-2021.10.win32_1.0.0.202111181127/tools/bin/../lib/gcc/arm-none-eabi/10.3.1/thumb/v7-m/nofp/crtn.o
 *(.fini)
 .fini          0x0000000008000b3c        0x4 c:/st/stm32cubeide_1.4.0/stm32cubeide/plugins/com.st.stm32cube.ide.mcu.externaltools.gnu-tools-for-stm32.10.3-2021.10.win32_1.0.0.202111181127/tools/bin/../lib/gcc/arm-none-eabi/10.3.1/thumb/v7-m/nofp/crti.o
                0x0000000008000b3c                _fini
 .fini          0x0000000008000b40        0x8 c:/st/stm32cubeide_1.4.0/stm32cubeide/plugins/com.st.stm32cube.ide.mcu.externaltools.gnu-tools-for-stm32.10.3-2021.10.win32_1.0.0.202111181127/tools/bin/../lib/gcc/arm-none-eabi/10.3.1/thumb/v7-m/nofp/crtn.o
                0x0000000008000b48                . = ALIGN (0x4)
                0x0000000008000b48                _etext = .

.vfp11_veneer   0x0000000008000b48        0x0
 .vfp11_veneer  0x0000000008000b48        0x0 linker stubs

.v4_bx          0x0000000008000b48        0x0
 .v4_bx         0x0000000008000b48        0x0 linker stubs

.iplt           0x0000000008000b48        0x0
 .iplt          0x0000000008000b48        0x0 c:/st/stm32cubeide_1.4.0/stm32cubeide/plugins/com.st.stm32cube.ide.mcu.externaltools.gnu-tools-for-stm32.10.3-2021.10.win32_1.0.0.202111181127/tools/bin/../lib/gcc/arm-none-eabi/10.3.1/thumb/v7-m/nofp/crtbegin.o

.rodata         0x0000000008000b48       0x18
                0x0000000008000b48                . = ALIGN (0x4)
 *(.rodata)
 *(.rodata*)
 .rodata.APBPrescTable
                0x0000000008000b48        0x8 ./Stm32_F103C6_Drivers/MCAL/RCC_Driver/Stm32_F103C6_RCC_Driver.o
                0x0000000008000b48                APBPrescTable
 .rodata.AHBPrescTable
                0x0000000008000b50       0x10 ./Stm32_F103C6_Drivers/MCAL/RCC_Driver/Stm32_F103C6_RCC_Driver.o
                0x0000000008000b50                AHBPrescTable
                0x0000000008000b60                . = ALIGN (0x4)

.rel.dyn        0x0000000008000b60        0x0
 .rel.iplt      0x0000000008000b60        0x0 c:/st/stm32cubeide_1.4.0/stm32cubeide/plugins/com.st.stm32cube.ide.mcu.externaltools.gnu-tools-for-stm32.10.3-2021.10.win32_1.0.0.202111181127/tools/bin/../lib/gcc/arm-none-eabi/10.3.1/thumb/v7-m/nofp/crtbegin.o

.ARM.extab      0x0000000008000b60        0x0
                0x0000000008000b60                . = ALIGN (0x4)
 *(.ARM.extab* .gnu.linkonce.armextab.*)
                0x0000000008000b60                . = ALIGN (0x4)

.ARM            0x0000000008000b60        0x0
                0x0000000008000b60                . = ALIGN (0x4)
                0x0000000008000b60                __exidx_start = .
 *(.ARM.exidx*)
                0x0000000008000b60                __exidx_end = .
                0x0000000008000b60                . = ALIGN (0x4)

.preinit_array  0x0000000008000b60        0x0
                0x0000000008000b60                . = ALIGN (0x4)
                0x0000000008000b60                PROVIDE (__preinit_array_start = .)
 *(.preinit_array*)
                0x0000000008000b60                PROVIDE (__preinit_array_end = .)
                0x0000000008000b60                . = ALIGN (0x4)

.init_array     0x0000000008000b60        0x4
                0x0000000008000b60                . = ALIGN (0x4)
                0x0000000008000b60                PROVIDE (__init_array_start = .)
 *(SORT_BY_NAME(.init_array.*))
 *(.init_array*)
 .init_array    0x0000000008000b60        0x4 c:/st/stm32cubeide_1.4.0/stm32cubeide/plugins/com.st.stm32cube.ide.mcu.externaltools.gnu-tools-for-stm32.10.3-2021.10.win32_1.0.0.202111181127/tools/bin/../lib/gcc/arm-none-eabi/10.3.1/thumb/v7-m/nofp/crtbegin.o
                0x0000000008000b64                PROVIDE (__init_array_end = .)
                0x0000000008000b64                . = ALIGN (0x4)

.fini_array     0x0000000008000b64        0x4
                0x0000000008000b64                . = ALIGN (0x4)
                [!provide]                        PROVIDE (__fini_array_start = .)
 *(SORT_BY_NAME(.fini_array.*))
 *(.fini_array*)
 .fini_array    0x0000000008000b64        0x4 c:/st/stm32cubeide_1.4.0/stm32cubeide/plugins/com.st.stm32cube.ide.mcu.externaltools.gnu-tools-for-stm32.10.3-2021.10.win32_1.0.0.202111181127/tools/bin/../lib/gcc/arm-none-eabi/10.3.1/thumb/v7-m/nofp/crtbegin.o
                [!provide]                        PROVIDE (__fini_array_end = .)
                0x0000000008000b68                . = ALIGN (0x4)
                0x0000000008000b68                _sidata = LOADADDR (.data)

.data           0x0000000020000000        0x0 load address 0x0000000008000b68
                0x0000000020000000                . = ALIGN (0x4)
                0x0000000020000000                _sdata = .
 *(.data)
 *(.data*)
                0x0000000020000000                . = ALIGN (0x4)
                0x0000000020000000                _edata = .

.igot.plt       0x0000000020000000        0x0 load address 0x0000000008000b68
 .igot.plt      0x0000000020000000        0x0 c:/st/stm32cubeide_1.4.0/stm32cubeide/plugins/com.st.stm32cube.ide.mcu.externaltools.gnu-tools-for-stm32.10.3-2021.10.win32_1.0.0.202111181127/tools/bin/../lib/gcc/arm-none-eabi/10.3.1/thumb/v7-m/nofp/crtbegin.o
                0x0000000020000000                . = ALIGN (0x4)

.bss            0x0000000020000000       0x60 load address 0x0000000008000b68
                0x0000000020000000                _sbss = .
                0x0000000020000000                __bss_start__ = _sbss
 *(.bss)
 .bss           0x0000000020000000       0x1c c:/st/stm32cubeide_1.4.0/stm32cubeide/plugins/com.st.stm32cube.ide.mcu.externaltools.gnu-tools-for-stm32.10.3-2021.10.win32_1.0.0.202111181127/tools/bin/../lib/gcc/arm-none-eabi/10.3.1/thumb/v7-m/nofp/crtbegin.o
 *(.bss*)
 .bss.data      0x000000002000001c        0x1 ./Src/main.o
                0x000000002000001c                data
 *fill*         0x000000002000001d        0x3 
 .bss.GP_IRQ_CallBack
                0x0000000020000020       0x3c ./Stm32_F103C6_Drivers/MCAL/EXTI_Driver/Stm32_F103C6_EXTI_Driver.o
                0x0000000020000020                GP_IRQ_CallBack
 .bss.Global_UART_Config
                0x000000002000005c        0x4 ./Stm32_F103C6_Drivers/MCAL/UART_Driver/Stm32_F103C6_UART_Driver.o
                0x000000002000005c                Global_UART_Config
 *(COMMON)
                0x0000000020000060                . = ALIGN (0x4)
                0x0000000020000060                _ebss = .
                0x0000000020000060                __bss_end__ = _ebss

._user_heap_stack
                0x0000000020000060      0x600 load address 0x0000000008000b68
                0x0000000020000060                . = ALIGN (0x8)
                [!provide]                        PROVIDE (end = .)
                0x0000000020000060                PROVIDE (_end = .)
                0x0000000020000260                . = (. + _Min_Heap_Size)
 *fill*         0x0000000020000060      0x200 
                0x0000000020000660                . = (. + _Min_Stack_Size)
 *fill*         0x0000000020000260      0x400 
                0x0000000020000660                . = ALIGN (0x8)

/DISCARD/
 libc.a(*)
 libm.a(*)
 libgcc.a(*)

.ARM.attributes
                0x0000000000000000       0x29
 *(.ARM.attributes)
 .ARM.attributes
                0x0000000000000000       0x1d c:/st/stm32cubeide_1.4.0/stm32cubeide/plugins/com.st.stm32cube.ide.mcu.externaltools.gnu-tools-for-stm32.10.3-2021.10.win32_1.0.0.202111181127/tools/bin/../lib/gcc/arm-none-eabi/10.3.1/thumb/v7-m/nofp/crti.o
 .ARM.attributes
                0x000000000000001d       0x2d c:/st/stm32cubeide_1.4.0/stm32cubeide/plugins/com.st.stm32cube.ide.mcu.externaltools.gnu-tools-for-stm32.10.3-2021.10.win32_1.0.0.202111181127/tools/bin/../lib/gcc/arm-none-eabi/10.3.1/thumb/v7-m/nofp/crtbegin.o
 .ARM.attributes
                0x000000000000004a       0x2d ./Src/main.o
 .ARM.attributes
                0x0000000000000077       0x21 ./Startup/startup_stm32f103c6tx.o
 .ARM.attributes
                0x0000000000000098       0x2d ./Stm32_F103C6_Drivers/MCAL/EXTI_Driver/Stm32_F103C6_EXTI_Driver.o
 .ARM.attributes
                0x00000000000000c5       0x2d ./Stm32_F103C6_Drivers/MCAL/GPIO_Driver/Stm32_F103C6_GPIO_Driver.o
 .ARM.attributes
                0x00000000000000f2       0x2d ./Stm32_F103C6_Drivers/MCAL/RCC_Driver/Stm32_F103C6_RCC_Driver.o
 .ARM.attributes
                0x000000000000011f       0x2d ./Stm32_F103C6_Drivers/MCAL/UART_Driver/Stm32_F103C6_UART_Driver.o
 .ARM.attributes
                0x000000000000014c       0x2d c:/st/stm32cubeide_1.4.0/stm32cubeide/plugins/com.st.stm32cube.ide.mcu.externaltools.gnu-tools-for-stm32.10.3-2021.10.win32_1.0.0.202111181127/tools/bin/../lib/gcc/arm-none-eabi/10.3.1/../../../../arm-none-eabi/lib/thumb/v7-m/nofp\libc_nano.a(lib_a-init.o)
 .ARM.attributes
                0x0000000000000179       0x1d c:/st/stm32cubeide_1.4.0/stm32cubeide/plugins/com.st.stm32cube.ide.mcu.externaltools.gnu-tools-for-stm32.10.3-2021.10.win32_1.0.0.202111181127/tools/bin/../lib/gcc/arm-none-eabi/10.3.1/thumb/v7-m/nofp/crtn.o
OUTPUT(Drivers.elf elf32-littlearm)
LOAD linker stubs
LOAD c:/st/stm32cubeide_1.4.0/stm32cubeide/plugins/com.st.stm32cube.ide.mcu.externaltools.gnu-tools-for-stm32.10.3-2021.10.win32_1.0.0.202111181127/tools/bin/../lib/gcc/arm-none-eabi/10.3.1/../../../../arm-none-eabi/lib/thumb/v7-m/nofp\libc.a
LOAD c:/st/stm32cubeide_1.4.0/stm32cubeide/plugins/com.st.stm32cube.ide.mcu.externaltools.gnu-tools-for-stm32.10.3-2021.10.win32_1.0.0.202111181127/tools/bin/../lib/gcc/arm-none-eabi/10.3.1/../../../../arm-none-eabi/lib/thumb/v7-m/nofp\libm.a
LOAD c:/st/stm32cubeide_1.4.0/stm32cubeide/plugins/com.st.stm32cube.ide.mcu.externaltools.gnu-tools-for-stm32.10.3-2021.10.win32_1.0.0.202111181127/tools/bin/../lib/gcc/arm-none-eabi/10.3.1/thumb/v7-m/nofp\libgcc.a

.debug_info     0x0000000000000000     0x1521
 .debug_info    0x0000000000000000      0x384 ./Src/main.o
 .debug_info    0x0000000000000384       0x22 ./Startup/startup_stm32f103c6tx.o
 .debug_info    0x00000000000003a6      0x529 ./Stm32_F103C6_Drivers/MCAL/EXTI_Driver/Stm32_F103C6_EXTI_Driver.o
 .debug_info    0x00000000000008cf      0x498 ./Stm32_F103C6_Drivers/MCAL/GPIO_Driver/Stm32_F103C6_GPIO_Driver.o
 .debug_info    0x0000000000000d67      0x223 ./Stm32_F103C6_Drivers/MCAL/RCC_Driver/Stm32_F103C6_RCC_Driver.o
 .debug_info    0x0000000000000f8a      0x597 ./Stm32_F103C6_Drivers/MCAL/UART_Driver/Stm32_F103C6_UART_Driver.o

.debug_abbrev   0x0000000000000000      0x6c3
 .debug_abbrev  0x0000000000000000      0x11c ./Src/main.o
 .debug_abbrev  0x000000000000011c       0x12 ./Startup/startup_stm32f103c6tx.o
 .debug_abbrev  0x000000000000012e      0x198 ./Stm32_F103C6_Drivers/MCAL/EXTI_Driver/Stm32_F103C6_EXTI_Driver.o
 .debug_abbrev  0x00000000000002c6      0x16f ./Stm32_F103C6_Drivers/MCAL/GPIO_Driver/Stm32_F103C6_GPIO_Driver.o
 .debug_abbrev  0x0000000000000435       0xda ./Stm32_F103C6_Drivers/MCAL/RCC_Driver/Stm32_F103C6_RCC_Driver.o
 .debug_abbrev  0x000000000000050f      0x1b4 ./Stm32_F103C6_Drivers/MCAL/UART_Driver/Stm32_F103C6_UART_Driver.o

.debug_loc      0x0000000000000000      0xa28
 .debug_loc     0x0000000000000000       0x7c ./Src/main.o
 .debug_loc     0x000000000000007c      0x320 ./Stm32_F103C6_Drivers/MCAL/EXTI_Driver/Stm32_F103C6_EXTI_Driver.o
 .debug_loc     0x000000000000039c      0x330 ./Stm32_F103C6_Drivers/MCAL/GPIO_Driver/Stm32_F103C6_GPIO_Driver.o
 .debug_loc     0x00000000000006cc       0xc8 ./Stm32_F103C6_Drivers/MCAL/RCC_Driver/Stm32_F103C6_RCC_Driver.o
 .debug_loc     0x0000000000000794      0x294 ./Stm32_F103C6_Drivers/MCAL/UART_Driver/Stm32_F103C6_UART_Driver.o

.debug_aranges  0x0000000000000000      0x1c8
 .debug_aranges
                0x0000000000000000       0x28 ./Src/main.o
 .debug_aranges
                0x0000000000000028       0x28 ./Startup/startup_stm32f103c6tx.o
 .debug_aranges
                0x0000000000000050       0x80 ./Stm32_F103C6_Drivers/MCAL/EXTI_Driver/Stm32_F103C6_EXTI_Driver.o
 .debug_aranges
                0x00000000000000d0       0x60 ./Stm32_F103C6_Drivers/MCAL/GPIO_Driver/Stm32_F103C6_GPIO_Driver.o
 .debug_aranges
                0x0000000000000130       0x38 ./Stm32_F103C6_Drivers/MCAL/RCC_Driver/Stm32_F103C6_RCC_Driver.o
 .debug_aranges
                0x0000000000000168       0x60 ./Stm32_F103C6_Drivers/MCAL/UART_Driver/Stm32_F103C6_UART_Driver.o

.debug_ranges   0x0000000000000000      0x170
 .debug_ranges  0x0000000000000000       0x18 ./Src/main.o
 .debug_ranges  0x0000000000000018       0x20 ./Startup/startup_stm32f103c6tx.o
 .debug_ranges  0x0000000000000038       0x70 ./Stm32_F103C6_Drivers/MCAL/EXTI_Driver/Stm32_F103C6_EXTI_Driver.o
 .debug_ranges  0x00000000000000a8       0x50 ./Stm32_F103C6_Drivers/MCAL/GPIO_Driver/Stm32_F103C6_GPIO_Driver.o
 .debug_ranges  0x00000000000000f8       0x28 ./Stm32_F103C6_Drivers/MCAL/RCC_Driver/Stm32_F103C6_RCC_Driver.o
 .debug_ranges  0x0000000000000120       0x50 ./Stm32_F103C6_Drivers/MCAL/UART_Driver/Stm32_F103C6_UART_Driver.o

.debug_macro    0x0000000000000000     0x2766
 .debug_macro   0x0000000000000000      0x167 ./Src/main.o
 .debug_macro   0x0000000000000167      0xa72 ./Src/main.o
 .debug_macro   0x0000000000000bd9       0x18 ./Src/main.o
 .debug_macro   0x0000000000000bf1       0x22 ./Src/main.o
 .debug_macro   0x0000000000000c13       0x4c ./Src/main.o
 .debug_macro   0x0000000000000c5f       0x94 ./Src/main.o
 .debug_macro   0x0000000000000cf3       0x3c ./Src/main.o
 .debug_macro   0x0000000000000d2f       0x34 ./Src/main.o
 .debug_macro   0x0000000000000d63       0x16 ./Src/main.o
 .debug_macro   0x0000000000000d79      0x10e ./Src/main.o
 .debug_macro   0x0000000000000e87       0x8d ./Src/main.o
 .debug_macro   0x0000000000000f14       0x16 ./Src/main.o
 .debug_macro   0x0000000000000f2a       0x43 ./Src/main.o
 .debug_macro   0x0000000000000f6d       0x57 ./Src/main.o
 .debug_macro   0x0000000000000fc4       0x34 ./Src/main.o
 .debug_macro   0x0000000000000ff8       0x10 ./Src/main.o
 .debug_macro   0x0000000000001008       0x58 ./Src/main.o
 .debug_macro   0x0000000000001060       0x71 ./Src/main.o
 .debug_macro   0x00000000000010d1       0x1c ./Src/main.o
 .debug_macro   0x00000000000010ed      0x12a ./Src/main.o
 .debug_macro   0x0000000000001217      0x341 ./Src/main.o
 .debug_macro   0x0000000000001558       0x16 ./Src/main.o
 .debug_macro   0x000000000000156e       0x29 ./Src/main.o
 .debug_macro   0x0000000000001597      0x103 ./Src/main.o
 .debug_macro   0x000000000000169a       0x6a ./Src/main.o
 .debug_macro   0x0000000000001704      0x1df ./Src/main.o
 .debug_macro   0x00000000000018e3      0x23a ./Src/main.o
 .debug_macro   0x0000000000001b1d       0xd0 ./Src/main.o
 .debug_macro   0x0000000000001bed      0x22b ./Src/main.o
 .debug_macro   0x0000000000001e18       0x16 ./Src/main.o
 .debug_macro   0x0000000000001e2e       0xe8 ./Src/main.o
 .debug_macro   0x0000000000001f16      0x15b ./Stm32_F103C6_Drivers/MCAL/EXTI_Driver/Stm32_F103C6_EXTI_Driver.o
 .debug_macro   0x0000000000002071      0x225 ./Stm32_F103C6_Drivers/MCAL/EXTI_Driver/Stm32_F103C6_EXTI_Driver.o
 .debug_macro   0x0000000000002296      0x14c ./Stm32_F103C6_Drivers/MCAL/GPIO_Driver/Stm32_F103C6_GPIO_Driver.o
 .debug_macro   0x00000000000023e2       0xca ./Stm32_F103C6_Drivers/MCAL/GPIO_Driver/Stm32_F103C6_GPIO_Driver.o
 .debug_macro   0x00000000000024ac      0x14c ./Stm32_F103C6_Drivers/MCAL/RCC_Driver/Stm32_F103C6_RCC_Driver.o
 .debug_macro   0x00000000000025f8       0x10 ./Stm32_F103C6_Drivers/MCAL/RCC_Driver/Stm32_F103C6_RCC_Driver.o
 .debug_macro   0x0000000000002608      0x15e ./Stm32_F103C6_Drivers/MCAL/UART_Driver/Stm32_F103C6_UART_Driver.o

.debug_line     0x0000000000000000     0x276c
 .debug_line    0x0000000000000000      0x6ef ./Src/main.o
 .debug_line    0x00000000000006ef       0x84 ./Startup/startup_stm32f103c6tx.o
 .debug_line    0x0000000000000773      0xa14 ./Stm32_F103C6_Drivers/MCAL/EXTI_Driver/Stm32_F103C6_EXTI_Driver.o
 .debug_line    0x0000000000001187      0x7a5 ./Stm32_F103C6_Drivers/MCAL/GPIO_Driver/Stm32_F103C6_GPIO_Driver.o
 .debug_line    0x000000000000192c      0x5ee ./Stm32_F103C6_Drivers/MCAL/RCC_Driver/Stm32_F103C6_RCC_Driver.o
 .debug_line    0x0000000000001f1a      0x852 ./Stm32_F103C6_Drivers/MCAL/UART_Driver/Stm32_F103C6_UART_Driver.o

.debug_str      0x0000000000000000     0x9ac2
 .debug_str     0x0000000000000000     0x9512 ./Src/main.o
                                       0x9728 (size before relaxing)
 .debug_str     0x0000000000009512       0x31 ./Startup/startup_stm32f103c6tx.o
                                         0x58 (size before relaxing)
 .debug_str     0x0000000000009543      0x2e0 ./Stm32_F103C6_Drivers/MCAL/EXTI_Driver/Stm32_F103C6_EXTI_Driver.o
                                       0x92a5 (size before relaxing)
 .debug_str     0x0000000000009823      0x118 ./Stm32_F103C6_Drivers/MCAL/GPIO_Driver/Stm32_F103C6_GPIO_Driver.o
                                       0x7ef4 (size before relaxing)
 .debug_str     0x000000000000993b       0xb7 ./Stm32_F103C6_Drivers/MCAL/RCC_Driver/Stm32_F103C6_RCC_Driver.o
                                       0x7a53 (size before relaxing)
 .debug_str     0x00000000000099f2       0xd0 ./Stm32_F103C6_Drivers/MCAL/UART_Driver/Stm32_F103C6_UART_Driver.o
                                       0x85d9 (size before relaxing)

.comment        0x0000000000000000       0x50
 .comment       0x0000000000000000       0x50 ./Src/main.o
                                         0x51 (size before relaxing)
 .comment       0x0000000000000050       0x51 ./Stm32_F103C6_Drivers/MCAL/EXTI_Driver/Stm32_F103C6_EXTI_Driver.o
 .comment       0x0000000000000050       0x51 ./Stm32_F103C6_Drivers/MCAL/GPIO_Driver/Stm32_F103C6_GPIO_Driver.o
 .comment       0x0000000000000050       0x51 ./Stm32_F103C6_Drivers/MCAL/RCC_Driver/Stm32_F103C6_RCC_Driver.o
 .comment       0x0000000000000050       0x51 ./Stm32_F103C6_Drivers/MCAL/UART_Driver/Stm32_F103C6_UART_Driver.o

.debug_frame    0x0000000000000000      0x574
 .debug_frame   0x0000000000000000       0x50 ./Src/main.o
 .debug_frame   0x0000000000000050      0x1b0 ./Stm32_F103C6_Drivers/MCAL/EXTI_Driver/Stm32_F103C6_EXTI_Driver.o
 .debug_frame   0x0000000000000200      0x178 ./Stm32_F103C6_Drivers/MCAL/GPIO_Driver/Stm32_F103C6_GPIO_Driver.o
 .debug_frame   0x0000000000000378       0x84 ./Stm32_F103C6_Drivers/MCAL/RCC_Driver/Stm32_F103C6_RCC_Driver.o
 .debug_frame   0x00000000000003fc      0x14c ./Stm32_F103C6_Drivers/MCAL/UART_Driver/Stm32_F103C6_UART_Driver.o
 .debug_frame   0x0000000000000548       0x2c c:/st/stm32cubeide_1.4.0/stm32cubeide/plugins/com.st.stm32cube.ide.mcu.externaltools.gnu-tools-for-stm32.10.3-2021.10.win32_1.0.0.202111181127/tools/bin/../lib/gcc/arm-none-eabi/10.3.1/../../../../arm-none-eabi/lib/thumb/v7-m/nofp\libc_nano.a(lib_a-init.o)
