
Memory Configuration

Name             Origin             Length             Attributes
flash            0x0000000008000000 0x0000000000020000 xr
sram             0x0000000020000000 0x0000000000005000 xrw
*default*        0x0000000000000000 0xffffffffffffffff

Linker script and memory map


.text           0x0000000008000000      0x1bc
 *(.vectors*)
 .vectors       0x0000000008000000       0x1c startup.o
                0x0000000008000000                vectors
 *(.text*)
 .text          0x000000000800001c       0x3c Alarm.o
                0x000000000800001c                Set_Alarm_actuator
 .text          0x0000000008000058       0x3c AlarmMonitor.o
                0x0000000008000058                AlarmMonitor
 .text          0x0000000008000094       0x70 driver.o
                0x0000000008000094                Delay
                0x00000000080000b4                GPIO_INITIALIZATION
 .text          0x0000000008000104        0xe main.o
                0x0000000008000104                main
 *fill*         0x0000000008000112        0x2 
 .text          0x0000000008000114       0x18 PressureSensor.o
                0x0000000008000114                getPressureVal
 .text          0x000000000800012c       0x90 startup.o
                0x000000000800012c                MM_Fault_Handler
                0x000000000800012c                Usage_Fault_Handler
                0x000000000800012c                Bus_Fault
                0x000000000800012c                Default_Handler
                0x000000000800012c                H_fault_Handler
                0x000000000800012c                NMI_Handler
                0x0000000008000138                Reset_Handler
                0x00000000080001bc                _E_TEXT_ = .

.glue_7         0x00000000080001bc        0x0
 .glue_7        0x00000000080001bc        0x0 linker stubs

.glue_7t        0x00000000080001bc        0x0
 .glue_7t       0x00000000080001bc        0x0 linker stubs

.vfp11_veneer   0x00000000080001bc        0x0
 .vfp11_veneer  0x00000000080001bc        0x0 linker stubs

.v4_bx          0x00000000080001bc        0x0
 .v4_bx         0x00000000080001bc        0x0 linker stubs

.iplt           0x00000000080001bc        0x0
 .iplt          0x00000000080001bc        0x0 Alarm.o

.rel.dyn        0x00000000080001bc        0x0
 .rel.iplt      0x00000000080001bc        0x0 Alarm.o

.data           0x0000000020000000        0x0 load address 0x00000000080001bc
                0x0000000020000000                _S_DATA_ = .
 *(.data)
 .data          0x0000000020000000        0x0 Alarm.o
 .data          0x0000000020000000        0x0 AlarmMonitor.o
 .data          0x0000000020000000        0x0 driver.o
 .data          0x0000000020000000        0x0 main.o
 .data          0x0000000020000000        0x0 PressureSensor.o
 .data          0x0000000020000000        0x0 startup.o
                0x0000000020000000                _E_DATA_ = .
                0x0000000020000000                . = ALIGN (0x4)

.igot.plt       0x0000000020000000        0x0 load address 0x00000000080001bc
 .igot.plt      0x0000000020000000        0x0 Alarm.o

.bss            0x0000000020000000        0x4 load address 0x00000000080001bc
                0x0000000020000000                _S_BSS_ = .
 *(.bss)
 .bss           0x0000000020000000        0x0 Alarm.o
 .bss           0x0000000020000000        0x4 AlarmMonitor.o
                0x0000000020000000                x
 .bss           0x0000000020000004        0x0 driver.o
 .bss           0x0000000020000004        0x0 main.o
 .bss           0x0000000020000004        0x0 PressureSensor.o
 .bss           0x0000000020000004        0x0 startup.o
                0x0000000020000004                _E_BSS_ = .
                0x0000000020000004                . = ALIGN (0x4)
                0x00000000200003ec                . = (. + 0x3e8)
                0x00000000200003ec                _stack_top = .
LOAD Alarm.o
LOAD AlarmMonitor.o
LOAD driver.o
LOAD main.o
LOAD PressureSensor.o
LOAD startup.o
OUTPUT(High_Pressure_Control_System.elf elf32-littlearm)

.debug_info     0x0000000000000000     0x31ce
 .debug_info    0x0000000000000000      0x9ae Alarm.o
 .debug_info    0x00000000000009ae      0x99a AlarmMonitor.o
 .debug_info    0x0000000000001348      0x9c5 driver.o
 .debug_info    0x0000000000001d0d      0x98e main.o
 .debug_info    0x000000000000269b      0x9a4 PressureSensor.o
 .debug_info    0x000000000000303f      0x18f startup.o

.debug_abbrev   0x0000000000000000      0x86f
 .debug_abbrev  0x0000000000000000      0x187 Alarm.o
 .debug_abbrev  0x0000000000000187      0x187 AlarmMonitor.o
 .debug_abbrev  0x000000000000030e      0x19d driver.o
 .debug_abbrev  0x00000000000004ab      0x178 main.o
 .debug_abbrev  0x0000000000000623      0x178 PressureSensor.o
 .debug_abbrev  0x000000000000079b       0xd4 startup.o

.debug_loc      0x0000000000000000      0x214
 .debug_loc     0x0000000000000000       0x5c Alarm.o
 .debug_loc     0x000000000000005c       0x2c AlarmMonitor.o
 .debug_loc     0x0000000000000088       0xa0 driver.o
 .debug_loc     0x0000000000000128       0x2c main.o
 .debug_loc     0x0000000000000154       0x44 PressureSensor.o
 .debug_loc     0x0000000000000198       0x7c startup.o

.debug_aranges  0x0000000000000000       0xc0
 .debug_aranges
                0x0000000000000000       0x20 Alarm.o
 .debug_aranges
                0x0000000000000020       0x20 AlarmMonitor.o
 .debug_aranges
                0x0000000000000040       0x20 driver.o
 .debug_aranges
                0x0000000000000060       0x20 main.o
 .debug_aranges
                0x0000000000000080       0x20 PressureSensor.o
 .debug_aranges
                0x00000000000000a0       0x20 startup.o

.debug_line     0x0000000000000000      0xdce
 .debug_line    0x0000000000000000      0x2b0 Alarm.o
 .debug_line    0x00000000000002b0      0x1e0 AlarmMonitor.o
 .debug_line    0x0000000000000490      0x2c0 driver.o
 .debug_line    0x0000000000000750      0x1d7 main.o
 .debug_line    0x0000000000000927      0x2b5 PressureSensor.o
 .debug_line    0x0000000000000bdc      0x1f2 startup.o

.debug_str      0x0000000000000000      0x5e3
 .debug_str     0x0000000000000000      0x4ec Alarm.o
                                        0x553 (size before relaxing)
 .debug_str     0x00000000000004ec       0x1c AlarmMonitor.o
                                        0x540 (size before relaxing)
 .debug_str     0x0000000000000508       0x2a driver.o
                                        0x562 (size before relaxing)
 .debug_str     0x0000000000000532        0xc main.o
                                        0x530 (size before relaxing)
 .debug_str     0x000000000000053e       0x20 PressureSensor.o
                                        0x558 (size before relaxing)
 .debug_str     0x000000000000055e       0x85 startup.o
                                        0x1d0 (size before relaxing)

.comment        0x0000000000000000       0x7b
 .comment       0x0000000000000000       0x7b Alarm.o
                                         0x7c (size before relaxing)
 .comment       0x000000000000007b       0x7c AlarmMonitor.o
 .comment       0x000000000000007b       0x7c driver.o
 .comment       0x000000000000007b       0x7c main.o
 .comment       0x000000000000007b       0x7c PressureSensor.o
 .comment       0x000000000000007b       0x7c startup.o

.ARM.attributes
                0x0000000000000000       0x33
 .ARM.attributes
                0x0000000000000000       0x33 Alarm.o
 .ARM.attributes
                0x0000000000000033       0x33 AlarmMonitor.o
 .ARM.attributes
                0x0000000000000066       0x33 driver.o
 .ARM.attributes
                0x0000000000000099       0x33 main.o
 .ARM.attributes
                0x00000000000000cc       0x33 PressureSensor.o
 .ARM.attributes
                0x00000000000000ff       0x33 startup.o

.debug_frame    0x0000000000000000      0x168
 .debug_frame   0x0000000000000000       0x38 Alarm.o
 .debug_frame   0x0000000000000038       0x2c AlarmMonitor.o
 .debug_frame   0x0000000000000064       0x58 driver.o
 .debug_frame   0x00000000000000bc       0x2c main.o
 .debug_frame   0x00000000000000e8       0x30 PressureSensor.o
 .debug_frame   0x0000000000000118       0x50 startup.o
