Archive member included to satisfy reference by file (symbol)

c:/st/stm32cubeide_1.4.0/stm32cubeide/plugins/com.st.stm32cube.ide.mcu.externaltools.gnu-tools-for-stm32.7-2018-q2-update.win32_1.4.0.202007081208/tools/bin/../lib/gcc/arm-none-eabi/7.3.1/../../../../arm-none-eabi/lib/thumb/v7-m\libc_nano.a(lib_a-errno.o)
                              Src/syscalls.o (__errno)
c:/st/stm32cubeide_1.4.0/stm32cubeide/plugins/com.st.stm32cube.ide.mcu.externaltools.gnu-tools-for-stm32.7-2018-q2-update.win32_1.4.0.202007081208/tools/bin/../lib/gcc/arm-none-eabi/7.3.1/../../../../arm-none-eabi/lib/thumb/v7-m\libc_nano.a(lib_a-exit.o)
                              c:/st/stm32cubeide_1.4.0/stm32cubeide/plugins/com.st.stm32cube.ide.mcu.externaltools.gnu-tools-for-stm32.7-2018-q2-update.win32_1.4.0.202007081208/tools/bin/../lib/gcc/arm-none-eabi/7.3.1/../../../../arm-none-eabi/lib/thumb/v7-m/crt0.o (exit)
c:/st/stm32cubeide_1.4.0/stm32cubeide/plugins/com.st.stm32cube.ide.mcu.externaltools.gnu-tools-for-stm32.7-2018-q2-update.win32_1.4.0.202007081208/tools/bin/../lib/gcc/arm-none-eabi/7.3.1/../../../../arm-none-eabi/lib/thumb/v7-m\libc_nano.a(lib_a-impure.o)
                              c:/st/stm32cubeide_1.4.0/stm32cubeide/plugins/com.st.stm32cube.ide.mcu.externaltools.gnu-tools-for-stm32.7-2018-q2-update.win32_1.4.0.202007081208/tools/bin/../lib/gcc/arm-none-eabi/7.3.1/../../../../arm-none-eabi/lib/thumb/v7-m\libc_nano.a(lib_a-exit.o) (_global_impure_ptr)
c:/st/stm32cubeide_1.4.0/stm32cubeide/plugins/com.st.stm32cube.ide.mcu.externaltools.gnu-tools-for-stm32.7-2018-q2-update.win32_1.4.0.202007081208/tools/bin/../lib/gcc/arm-none-eabi/7.3.1/../../../../arm-none-eabi/lib/thumb/v7-m\libc_nano.a(lib_a-init.o)
                              c:/st/stm32cubeide_1.4.0/stm32cubeide/plugins/com.st.stm32cube.ide.mcu.externaltools.gnu-tools-for-stm32.7-2018-q2-update.win32_1.4.0.202007081208/tools/bin/../lib/gcc/arm-none-eabi/7.3.1/../../../../arm-none-eabi/lib/thumb/v7-m/crt0.o (__libc_init_array)
c:/st/stm32cubeide_1.4.0/stm32cubeide/plugins/com.st.stm32cube.ide.mcu.externaltools.gnu-tools-for-stm32.7-2018-q2-update.win32_1.4.0.202007081208/tools/bin/../lib/gcc/arm-none-eabi/7.3.1/../../../../arm-none-eabi/lib/thumb/v7-m\libc_nano.a(lib_a-memset.o)
                              c:/st/stm32cubeide_1.4.0/stm32cubeide/plugins/com.st.stm32cube.ide.mcu.externaltools.gnu-tools-for-stm32.7-2018-q2-update.win32_1.4.0.202007081208/tools/bin/../lib/gcc/arm-none-eabi/7.3.1/../../../../arm-none-eabi/lib/thumb/v7-m/crt0.o (memset)

Allocating common symbols
Common symbol       size              file

PinConfig           0x4               Src/main.o
GP_IRQ_CallBack     0x3c              Stm32_F103C6_Drivers/MCAL/EXTI_Driver/Stm32_F103C6_EXTI_Driver.o

Discarded input sections

 .text          0x0000000000000000        0x0 c:/st/stm32cubeide_1.4.0/stm32cubeide/plugins/com.st.stm32cube.ide.mcu.externaltools.gnu-tools-for-stm32.7-2018-q2-update.win32_1.4.0.202007081208/tools/bin/../lib/gcc/arm-none-eabi/7.3.1/thumb/v7-m/crti.o
 .data          0x0000000000000000        0x0 c:/st/stm32cubeide_1.4.0/stm32cubeide/plugins/com.st.stm32cube.ide.mcu.externaltools.gnu-tools-for-stm32.7-2018-q2-update.win32_1.4.0.202007081208/tools/bin/../lib/gcc/arm-none-eabi/7.3.1/thumb/v7-m/crti.o
 .bss           0x0000000000000000        0x0 c:/st/stm32cubeide_1.4.0/stm32cubeide/plugins/com.st.stm32cube.ide.mcu.externaltools.gnu-tools-for-stm32.7-2018-q2-update.win32_1.4.0.202007081208/tools/bin/../lib/gcc/arm-none-eabi/7.3.1/thumb/v7-m/crti.o
 .data          0x0000000000000000        0x4 c:/st/stm32cubeide_1.4.0/stm32cubeide/plugins/com.st.stm32cube.ide.mcu.externaltools.gnu-tools-for-stm32.7-2018-q2-update.win32_1.4.0.202007081208/tools/bin/../lib/gcc/arm-none-eabi/7.3.1/thumb/v7-m/crtbegin.o
 .text          0x0000000000000000       0x74 c:/st/stm32cubeide_1.4.0/stm32cubeide/plugins/com.st.stm32cube.ide.mcu.externaltools.gnu-tools-for-stm32.7-2018-q2-update.win32_1.4.0.202007081208/tools/bin/../lib/gcc/arm-none-eabi/7.3.1/../../../../arm-none-eabi/lib/thumb/v7-m/crt0.o
 .data          0x0000000000000000        0x0 c:/st/stm32cubeide_1.4.0/stm32cubeide/plugins/com.st.stm32cube.ide.mcu.externaltools.gnu-tools-for-stm32.7-2018-q2-update.win32_1.4.0.202007081208/tools/bin/../lib/gcc/arm-none-eabi/7.3.1/../../../../arm-none-eabi/lib/thumb/v7-m/crt0.o
 .bss           0x0000000000000000        0x0 c:/st/stm32cubeide_1.4.0/stm32cubeide/plugins/com.st.stm32cube.ide.mcu.externaltools.gnu-tools-for-stm32.7-2018-q2-update.win32_1.4.0.202007081208/tools/bin/../lib/gcc/arm-none-eabi/7.3.1/../../../../arm-none-eabi/lib/thumb/v7-m/crt0.o
 .ARM.extab     0x0000000000000000        0x0 c:/st/stm32cubeide_1.4.0/stm32cubeide/plugins/com.st.stm32cube.ide.mcu.externaltools.gnu-tools-for-stm32.7-2018-q2-update.win32_1.4.0.202007081208/tools/bin/../lib/gcc/arm-none-eabi/7.3.1/../../../../arm-none-eabi/lib/thumb/v7-m/crt0.o
 .ARM.exidx     0x0000000000000000        0x8 c:/st/stm32cubeide_1.4.0/stm32cubeide/plugins/com.st.stm32cube.ide.mcu.externaltools.gnu-tools-for-stm32.7-2018-q2-update.win32_1.4.0.202007081208/tools/bin/../lib/gcc/arm-none-eabi/7.3.1/../../../../arm-none-eabi/lib/thumb/v7-m/crt0.o
 .ARM.attributes
                0x0000000000000000       0x1b c:/st/stm32cubeide_1.4.0/stm32cubeide/plugins/com.st.stm32cube.ide.mcu.externaltools.gnu-tools-for-stm32.7-2018-q2-update.win32_1.4.0.202007081208/tools/bin/../lib/gcc/arm-none-eabi/7.3.1/../../../../arm-none-eabi/lib/thumb/v7-m/crt0.o
 .group         0x0000000000000000        0xc Src/main.o
 .group         0x0000000000000000        0xc Src/main.o
 .group         0x0000000000000000        0xc Src/main.o
 .group         0x0000000000000000        0xc Src/main.o
 .group         0x0000000000000000        0xc Src/main.o
 .group         0x0000000000000000        0xc Src/main.o
 .group         0x0000000000000000        0xc Src/main.o
 .group         0x0000000000000000        0xc Src/main.o
 .group         0x0000000000000000        0xc Src/main.o
 .group         0x0000000000000000        0xc Src/main.o
 .group         0x0000000000000000        0xc Src/main.o
 .group         0x0000000000000000        0xc Src/main.o
 .group         0x0000000000000000        0xc Src/main.o
 .group         0x0000000000000000        0xc Src/main.o
 .group         0x0000000000000000        0xc Src/main.o
 .group         0x0000000000000000        0xc Src/main.o
 .group         0x0000000000000000        0xc Src/main.o
 .group         0x0000000000000000        0xc Src/main.o
 .group         0x0000000000000000        0xc Src/main.o
 .group         0x0000000000000000        0xc Src/main.o
 .group         0x0000000000000000        0xc Src/main.o
 .group         0x0000000000000000        0xc Src/main.o
 .group         0x0000000000000000        0xc Src/main.o
 .group         0x0000000000000000        0xc Src/main.o
 .group         0x0000000000000000        0xc Src/main.o
 .group         0x0000000000000000        0xc Src/main.o
 .group         0x0000000000000000        0xc Src/main.o
 .text          0x0000000000000000        0x0 Src/main.o
 .data          0x0000000000000000        0x0 Src/main.o
 .bss           0x0000000000000000        0x0 Src/main.o
 .group         0x0000000000000000        0xc Src/syscalls.o
 .group         0x0000000000000000        0xc Src/syscalls.o
 .group         0x0000000000000000        0xc Src/syscalls.o
 .group         0x0000000000000000        0xc Src/syscalls.o
 .group         0x0000000000000000        0xc Src/syscalls.o
 .group         0x0000000000000000        0xc Src/syscalls.o
 .group         0x0000000000000000        0xc Src/syscalls.o
 .group         0x0000000000000000        0xc Src/syscalls.o
 .group         0x0000000000000000        0xc Src/syscalls.o
 .group         0x0000000000000000        0xc Src/syscalls.o
 .group         0x0000000000000000        0xc Src/syscalls.o
 .group         0x0000000000000000        0xc Src/syscalls.o
 .group         0x0000000000000000        0xc Src/syscalls.o
 .group         0x0000000000000000        0xc Src/syscalls.o
 .group         0x0000000000000000        0xc Src/syscalls.o
 .group         0x0000000000000000        0xc Src/syscalls.o
 .group         0x0000000000000000        0xc Src/syscalls.o
 .group         0x0000000000000000        0xc Src/syscalls.o
 .group         0x0000000000000000        0xc Src/syscalls.o
 .group         0x0000000000000000        0xc Src/syscalls.o
 .group         0x0000000000000000        0xc Src/syscalls.o
 .group         0x0000000000000000        0xc Src/syscalls.o
 .group         0x0000000000000000        0xc Src/syscalls.o
 .group         0x0000000000000000        0xc Src/syscalls.o
 .group         0x0000000000000000        0xc Src/syscalls.o
 .group         0x0000000000000000        0xc Src/syscalls.o
 .group         0x0000000000000000        0xc Src/syscalls.o
 .group         0x0000000000000000        0xc Src/syscalls.o
 .group         0x0000000000000000        0xc Src/syscalls.o
 .group         0x0000000000000000        0xc Src/syscalls.o
 .group         0x0000000000000000        0xc Src/syscalls.o
 .group         0x0000000000000000        0xc Src/syscalls.o
 .group         0x0000000000000000        0xc Src/syscalls.o
 .group         0x0000000000000000        0xc Src/syscalls.o
 .group         0x0000000000000000        0xc Src/syscalls.o
 .group         0x0000000000000000        0xc Src/syscalls.o
 .group         0x0000000000000000        0xc Src/syscalls.o
 .group         0x0000000000000000        0xc Src/syscalls.o
 .group         0x0000000000000000        0xc Src/syscalls.o
 .group         0x0000000000000000        0xc Src/syscalls.o
 .group         0x0000000000000000        0xc Src/syscalls.o
 .group         0x0000000000000000        0xc Src/syscalls.o
 .group         0x0000000000000000        0xc Src/syscalls.o
 .group         0x0000000000000000        0xc Src/syscalls.o
 .text          0x0000000000000000        0x0 Src/syscalls.o
 .data          0x0000000000000000        0x0 Src/syscalls.o
 .bss           0x0000000000000000        0x0 Src/syscalls.o
 .bss.__env     0x0000000000000000        0x4 Src/syscalls.o
 .data.environ  0x0000000000000000        0x4 Src/syscalls.o
 .text.initialise_monitor_handles
                0x0000000000000000        0xc Src/syscalls.o
 .text._getpid  0x0000000000000000        0xe Src/syscalls.o
 .text._kill    0x0000000000000000       0x20 Src/syscalls.o
 .text._exit    0x0000000000000000       0x14 Src/syscalls.o
 .text._read    0x0000000000000000       0x3a Src/syscalls.o
 .text._write   0x0000000000000000       0x38 Src/syscalls.o
 .text._close   0x0000000000000000       0x16 Src/syscalls.o
 .text._fstat   0x0000000000000000       0x1e Src/syscalls.o
 .text._isatty  0x0000000000000000       0x14 Src/syscalls.o
 .text._lseek   0x0000000000000000       0x18 Src/syscalls.o
 .text._open    0x0000000000000000       0x1a Src/syscalls.o
 .text._wait    0x0000000000000000       0x1e Src/syscalls.o
 .text._unlink  0x0000000000000000       0x1e Src/syscalls.o
 .text._times   0x0000000000000000       0x16 Src/syscalls.o
 .text._stat    0x0000000000000000       0x1e Src/syscalls.o
 .text._link    0x0000000000000000       0x20 Src/syscalls.o
 .text._fork    0x0000000000000000       0x16 Src/syscalls.o
 .text._execve  0x0000000000000000       0x22 Src/syscalls.o
 .debug_info    0x0000000000000000     0x1038 Src/syscalls.o
 .debug_abbrev  0x0000000000000000      0x254 Src/syscalls.o
 .debug_loc     0x0000000000000000      0x5b8 Src/syscalls.o
 .debug_aranges
                0x0000000000000000       0xa8 Src/syscalls.o
 .debug_ranges  0x0000000000000000       0x98 Src/syscalls.o
 .debug_macro   0x0000000000000000      0x243 Src/syscalls.o
 .debug_macro   0x0000000000000000      0xa60 Src/syscalls.o
 .debug_macro   0x0000000000000000       0x22 Src/syscalls.o
 .debug_macro   0x0000000000000000       0x40 Src/syscalls.o
 .debug_macro   0x0000000000000000       0x18 Src/syscalls.o
 .debug_macro   0x0000000000000000       0x94 Src/syscalls.o
 .debug_macro   0x0000000000000000       0x3c Src/syscalls.o
 .debug_macro   0x0000000000000000       0x34 Src/syscalls.o
 .debug_macro   0x0000000000000000       0x57 Src/syscalls.o
 .debug_macro   0x0000000000000000      0x174 Src/syscalls.o
 .debug_macro   0x0000000000000000      0x330 Src/syscalls.o
 .debug_macro   0x0000000000000000       0x52 Src/syscalls.o
 .debug_macro   0x0000000000000000       0x1f Src/syscalls.o
 .debug_macro   0x0000000000000000       0x43 Src/syscalls.o
 .debug_macro   0x0000000000000000       0x20 Src/syscalls.o
 .debug_macro   0x0000000000000000      0x1a3 Src/syscalls.o
 .debug_macro   0x0000000000000000       0x10 Src/syscalls.o
 .debug_macro   0x0000000000000000       0x35 Src/syscalls.o
 .debug_macro   0x0000000000000000       0x10 Src/syscalls.o
 .debug_macro   0x0000000000000000       0x10 Src/syscalls.o
 .debug_macro   0x0000000000000000       0x10 Src/syscalls.o
 .debug_macro   0x0000000000000000       0x6a Src/syscalls.o
 .debug_macro   0x0000000000000000       0x1c Src/syscalls.o
 .debug_macro   0x0000000000000000       0x52 Src/syscalls.o
 .debug_macro   0x0000000000000000       0x40 Src/syscalls.o
 .debug_macro   0x0000000000000000       0x10 Src/syscalls.o
 .debug_macro   0x0000000000000000       0x40 Src/syscalls.o
 .debug_macro   0x0000000000000000       0xd7 Src/syscalls.o
 .debug_macro   0x0000000000000000       0x1c Src/syscalls.o
 .debug_macro   0x0000000000000000       0x3d Src/syscalls.o
 .debug_macro   0x0000000000000000       0x35 Src/syscalls.o
 .debug_macro   0x0000000000000000      0x122 Src/syscalls.o
 .debug_macro   0x0000000000000000       0x16 Src/syscalls.o
 .debug_macro   0x0000000000000000       0x16 Src/syscalls.o
 .debug_macro   0x0000000000000000       0x29 Src/syscalls.o
 .debug_macro   0x0000000000000000       0x10 Src/syscalls.o
 .debug_macro   0x0000000000000000      0x241 Src/syscalls.o
 .debug_macro   0x0000000000000000       0x1c Src/syscalls.o
 .debug_macro   0x0000000000000000       0x10 Src/syscalls.o
 .debug_macro   0x0000000000000000       0x10 Src/syscalls.o
 .debug_macro   0x0000000000000000       0x16 Src/syscalls.o
 .debug_macro   0x0000000000000000      0x145 Src/syscalls.o
 .debug_macro   0x0000000000000000      0x189 Src/syscalls.o
 .debug_macro   0x0000000000000000       0x16 Src/syscalls.o
 .debug_macro   0x0000000000000000       0x88 Src/syscalls.o
 .debug_line    0x0000000000000000      0x739 Src/syscalls.o
 .debug_str     0x0000000000000000     0x8867 Src/syscalls.o
 .comment       0x0000000000000000       0x7c Src/syscalls.o
 .debug_frame   0x0000000000000000      0x2ac Src/syscalls.o
 .ARM.attributes
                0x0000000000000000       0x33 Src/syscalls.o
 .group         0x0000000000000000        0xc Src/sysmem.o
 .group         0x0000000000000000        0xc Src/sysmem.o
 .group         0x0000000000000000        0xc Src/sysmem.o
 .group         0x0000000000000000        0xc Src/sysmem.o
 .group         0x0000000000000000        0xc Src/sysmem.o
 .group         0x0000000000000000        0xc Src/sysmem.o
 .group         0x0000000000000000        0xc Src/sysmem.o
 .group         0x0000000000000000        0xc Src/sysmem.o
 .group         0x0000000000000000        0xc Src/sysmem.o
 .group         0x0000000000000000        0xc Src/sysmem.o
 .group         0x0000000000000000        0xc Src/sysmem.o
 .group         0x0000000000000000        0xc Src/sysmem.o
 .group         0x0000000000000000        0xc Src/sysmem.o
 .group         0x0000000000000000        0xc Src/sysmem.o
 .group         0x0000000000000000        0xc Src/sysmem.o
 .group         0x0000000000000000        0xc Src/sysmem.o
 .group         0x0000000000000000        0xc Src/sysmem.o
 .group         0x0000000000000000        0xc Src/sysmem.o
 .group         0x0000000000000000        0xc Src/sysmem.o
 .text          0x0000000000000000        0x0 Src/sysmem.o
 .data          0x0000000000000000        0x0 Src/sysmem.o
 .bss           0x0000000000000000        0x0 Src/sysmem.o
 .bss.__sbrk_heap_end
                0x0000000000000000        0x4 Src/sysmem.o
 .text._sbrk    0x0000000000000000       0x6c Src/sysmem.o
 .debug_info    0x0000000000000000      0xa7c Src/sysmem.o
 .debug_abbrev  0x0000000000000000      0x18e Src/sysmem.o
 .debug_loc     0x0000000000000000       0x50 Src/sysmem.o
 .debug_aranges
                0x0000000000000000       0x20 Src/sysmem.o
 .debug_ranges  0x0000000000000000       0x10 Src/sysmem.o
 .debug_macro   0x0000000000000000       0xee Src/sysmem.o
 .debug_macro   0x0000000000000000      0xa60 Src/sysmem.o
 .debug_macro   0x0000000000000000       0x10 Src/sysmem.o
 .debug_macro   0x0000000000000000       0x22 Src/sysmem.o
 .debug_macro   0x0000000000000000       0x40 Src/sysmem.o
 .debug_macro   0x0000000000000000       0x18 Src/sysmem.o
 .debug_macro   0x0000000000000000       0x94 Src/sysmem.o
 .debug_macro   0x0000000000000000       0x3c Src/sysmem.o
 .debug_macro   0x0000000000000000       0x34 Src/sysmem.o
 .debug_macro   0x0000000000000000      0x174 Src/sysmem.o
 .debug_macro   0x0000000000000000       0x57 Src/sysmem.o
 .debug_macro   0x0000000000000000       0x52 Src/sysmem.o
 .debug_macro   0x0000000000000000       0x1f Src/sysmem.o
 .debug_macro   0x0000000000000000       0x43 Src/sysmem.o
 .debug_macro   0x0000000000000000       0x20 Src/sysmem.o
 .debug_macro   0x0000000000000000      0x1a3 Src/sysmem.o
 .debug_macro   0x0000000000000000      0x23b Src/sysmem.o
 .debug_macro   0x0000000000000000       0xef Src/sysmem.o
 .debug_macro   0x0000000000000000       0x6a Src/sysmem.o
 .debug_macro   0x0000000000000000      0x1df Src/sysmem.o
 .debug_line    0x0000000000000000      0x4c2 Src/sysmem.o
 .debug_str     0x0000000000000000     0x5f35 Src/sysmem.o
 .comment       0x0000000000000000       0x7c Src/sysmem.o
 .debug_frame   0x0000000000000000       0x34 Src/sysmem.o
 .ARM.attributes
                0x0000000000000000       0x33 Src/sysmem.o
 .text          0x0000000000000000       0x14 Startup/startup_stm32f103c6tx.o
 .data          0x0000000000000000        0x0 Startup/startup_stm32f103c6tx.o
 .bss           0x0000000000000000        0x0 Startup/startup_stm32f103c6tx.o
 .group         0x0000000000000000        0xc Stm32_F103C6_Drivers/HAL/KeyPad_Driver/KeyPad.o
 .group         0x0000000000000000        0xc Stm32_F103C6_Drivers/HAL/KeyPad_Driver/KeyPad.o
 .group         0x0000000000000000        0xc Stm32_F103C6_Drivers/HAL/KeyPad_Driver/KeyPad.o
 .group         0x0000000000000000        0xc Stm32_F103C6_Drivers/HAL/KeyPad_Driver/KeyPad.o
 .group         0x0000000000000000        0xc Stm32_F103C6_Drivers/HAL/KeyPad_Driver/KeyPad.o
 .group         0x0000000000000000        0xc Stm32_F103C6_Drivers/HAL/KeyPad_Driver/KeyPad.o
 .group         0x0000000000000000        0xc Stm32_F103C6_Drivers/HAL/KeyPad_Driver/KeyPad.o
 .group         0x0000000000000000        0xc Stm32_F103C6_Drivers/HAL/KeyPad_Driver/KeyPad.o
 .group         0x0000000000000000        0xc Stm32_F103C6_Drivers/HAL/KeyPad_Driver/KeyPad.o
 .group         0x0000000000000000        0xc Stm32_F103C6_Drivers/HAL/KeyPad_Driver/KeyPad.o
 .group         0x0000000000000000        0xc Stm32_F103C6_Drivers/HAL/KeyPad_Driver/KeyPad.o
 .group         0x0000000000000000        0xc Stm32_F103C6_Drivers/HAL/KeyPad_Driver/KeyPad.o
 .group         0x0000000000000000        0xc Stm32_F103C6_Drivers/HAL/KeyPad_Driver/KeyPad.o
 .group         0x0000000000000000        0xc Stm32_F103C6_Drivers/HAL/KeyPad_Driver/KeyPad.o
 .group         0x0000000000000000        0xc Stm32_F103C6_Drivers/HAL/KeyPad_Driver/KeyPad.o
 .group         0x0000000000000000        0xc Stm32_F103C6_Drivers/HAL/KeyPad_Driver/KeyPad.o
 .group         0x0000000000000000        0xc Stm32_F103C6_Drivers/HAL/KeyPad_Driver/KeyPad.o
 .group         0x0000000000000000        0xc Stm32_F103C6_Drivers/HAL/KeyPad_Driver/KeyPad.o
 .group         0x0000000000000000        0xc Stm32_F103C6_Drivers/HAL/KeyPad_Driver/KeyPad.o
 .group         0x0000000000000000        0xc Stm32_F103C6_Drivers/HAL/KeyPad_Driver/KeyPad.o
 .group         0x0000000000000000        0xc Stm32_F103C6_Drivers/HAL/KeyPad_Driver/KeyPad.o
 .group         0x0000000000000000        0xc Stm32_F103C6_Drivers/HAL/KeyPad_Driver/KeyPad.o
 .group         0x0000000000000000        0xc Stm32_F103C6_Drivers/HAL/KeyPad_Driver/KeyPad.o
 .group         0x0000000000000000        0xc Stm32_F103C6_Drivers/HAL/KeyPad_Driver/KeyPad.o
 .group         0x0000000000000000        0xc Stm32_F103C6_Drivers/HAL/KeyPad_Driver/KeyPad.o
 .text          0x0000000000000000        0x0 Stm32_F103C6_Drivers/HAL/KeyPad_Driver/KeyPad.o
 .data          0x0000000000000000        0x0 Stm32_F103C6_Drivers/HAL/KeyPad_Driver/KeyPad.o
 .bss           0x0000000000000000        0x0 Stm32_F103C6_Drivers/HAL/KeyPad_Driver/KeyPad.o
 .data.keypad_R
                0x0000000000000000       0x10 Stm32_F103C6_Drivers/HAL/KeyPad_Driver/KeyPad.o
 .data.keypad_C
                0x0000000000000000       0x10 Stm32_F103C6_Drivers/HAL/KeyPad_Driver/KeyPad.o
 .text.HAL_KEYPAD_INIT
                0x0000000000000000       0xcc Stm32_F103C6_Drivers/HAL/KeyPad_Driver/KeyPad.o
 .text.HAL_KEYPAD_GET_KEY
                0x0000000000000000      0x194 Stm32_F103C6_Drivers/HAL/KeyPad_Driver/KeyPad.o
 .debug_info    0x0000000000000000      0xb09 Stm32_F103C6_Drivers/HAL/KeyPad_Driver/KeyPad.o
 .debug_abbrev  0x0000000000000000      0x1b9 Stm32_F103C6_Drivers/HAL/KeyPad_Driver/KeyPad.o
 .debug_loc     0x0000000000000000       0xa0 Stm32_F103C6_Drivers/HAL/KeyPad_Driver/KeyPad.o
 .debug_aranges
                0x0000000000000000       0x28 Stm32_F103C6_Drivers/HAL/KeyPad_Driver/KeyPad.o
 .debug_ranges  0x0000000000000000       0x18 Stm32_F103C6_Drivers/HAL/KeyPad_Driver/KeyPad.o
 .debug_macro   0x0000000000000000      0x148 Stm32_F103C6_Drivers/HAL/KeyPad_Driver/KeyPad.o
 .debug_macro   0x0000000000000000      0xa60 Stm32_F103C6_Drivers/HAL/KeyPad_Driver/KeyPad.o
 .debug_macro   0x0000000000000000       0x18 Stm32_F103C6_Drivers/HAL/KeyPad_Driver/KeyPad.o
 .debug_macro   0x0000000000000000       0x22 Stm32_F103C6_Drivers/HAL/KeyPad_Driver/KeyPad.o
 .debug_macro   0x0000000000000000       0x40 Stm32_F103C6_Drivers/HAL/KeyPad_Driver/KeyPad.o
 .debug_macro   0x0000000000000000       0x94 Stm32_F103C6_Drivers/HAL/KeyPad_Driver/KeyPad.o
 .debug_macro   0x0000000000000000       0x3c Stm32_F103C6_Drivers/HAL/KeyPad_Driver/KeyPad.o
 .debug_macro   0x0000000000000000       0x34 Stm32_F103C6_Drivers/HAL/KeyPad_Driver/KeyPad.o
 .debug_macro   0x0000000000000000       0x16 Stm32_F103C6_Drivers/HAL/KeyPad_Driver/KeyPad.o
 .debug_macro   0x0000000000000000      0x10e Stm32_F103C6_Drivers/HAL/KeyPad_Driver/KeyPad.o
 .debug_macro   0x0000000000000000       0x8d Stm32_F103C6_Drivers/HAL/KeyPad_Driver/KeyPad.o
 .debug_macro   0x0000000000000000       0x57 Stm32_F103C6_Drivers/HAL/KeyPad_Driver/KeyPad.o
 .debug_macro   0x0000000000000000       0x52 Stm32_F103C6_Drivers/HAL/KeyPad_Driver/KeyPad.o
 .debug_macro   0x0000000000000000       0x1f Stm32_F103C6_Drivers/HAL/KeyPad_Driver/KeyPad.o
 .debug_macro   0x0000000000000000       0x43 Stm32_F103C6_Drivers/HAL/KeyPad_Driver/KeyPad.o
 .debug_macro   0x0000000000000000       0x20 Stm32_F103C6_Drivers/HAL/KeyPad_Driver/KeyPad.o
 .debug_macro   0x0000000000000000      0x1a3 Stm32_F103C6_Drivers/HAL/KeyPad_Driver/KeyPad.o
 .debug_macro   0x0000000000000000      0x330 Stm32_F103C6_Drivers/HAL/KeyPad_Driver/KeyPad.o
 .debug_macro   0x0000000000000000       0x16 Stm32_F103C6_Drivers/HAL/KeyPad_Driver/KeyPad.o
 .debug_macro   0x0000000000000000       0x29 Stm32_F103C6_Drivers/HAL/KeyPad_Driver/KeyPad.o
 .debug_macro   0x0000000000000000       0xef Stm32_F103C6_Drivers/HAL/KeyPad_Driver/KeyPad.o
 .debug_macro   0x0000000000000000       0x6a Stm32_F103C6_Drivers/HAL/KeyPad_Driver/KeyPad.o
 .debug_macro   0x0000000000000000      0x1df Stm32_F103C6_Drivers/HAL/KeyPad_Driver/KeyPad.o
 .debug_macro   0x0000000000000000      0x1a8 Stm32_F103C6_Drivers/HAL/KeyPad_Driver/KeyPad.o
 .debug_macro   0x0000000000000000       0xd0 Stm32_F103C6_Drivers/HAL/KeyPad_Driver/KeyPad.o
 .debug_macro   0x0000000000000000       0x3a Stm32_F103C6_Drivers/HAL/KeyPad_Driver/KeyPad.o
 .debug_line    0x0000000000000000      0x698 Stm32_F103C6_Drivers/HAL/KeyPad_Driver/KeyPad.o
 .debug_str     0x0000000000000000     0x7cb5 Stm32_F103C6_Drivers/HAL/KeyPad_Driver/KeyPad.o
 .comment       0x0000000000000000       0x7c Stm32_F103C6_Drivers/HAL/KeyPad_Driver/KeyPad.o
 .debug_frame   0x0000000000000000       0x58 Stm32_F103C6_Drivers/HAL/KeyPad_Driver/KeyPad.o
 .ARM.attributes
                0x0000000000000000       0x33 Stm32_F103C6_Drivers/HAL/KeyPad_Driver/KeyPad.o
 .group         0x0000000000000000        0xc Stm32_F103C6_Drivers/HAL/LCD_Driver/LCD.o
 .group         0x0000000000000000        0xc Stm32_F103C6_Drivers/HAL/LCD_Driver/LCD.o
 .group         0x0000000000000000        0xc Stm32_F103C6_Drivers/HAL/LCD_Driver/LCD.o
 .group         0x0000000000000000        0xc Stm32_F103C6_Drivers/HAL/LCD_Driver/LCD.o
 .group         0x0000000000000000        0xc Stm32_F103C6_Drivers/HAL/LCD_Driver/LCD.o
 .group         0x0000000000000000        0xc Stm32_F103C6_Drivers/HAL/LCD_Driver/LCD.o
 .group         0x0000000000000000        0xc Stm32_F103C6_Drivers/HAL/LCD_Driver/LCD.o
 .group         0x0000000000000000        0xc Stm32_F103C6_Drivers/HAL/LCD_Driver/LCD.o
 .group         0x0000000000000000        0xc Stm32_F103C6_Drivers/HAL/LCD_Driver/LCD.o
 .group         0x0000000000000000        0xc Stm32_F103C6_Drivers/HAL/LCD_Driver/LCD.o
 .group         0x0000000000000000        0xc Stm32_F103C6_Drivers/HAL/LCD_Driver/LCD.o
 .group         0x0000000000000000        0xc Stm32_F103C6_Drivers/HAL/LCD_Driver/LCD.o
 .group         0x0000000000000000        0xc Stm32_F103C6_Drivers/HAL/LCD_Driver/LCD.o
 .group         0x0000000000000000        0xc Stm32_F103C6_Drivers/HAL/LCD_Driver/LCD.o
 .group         0x0000000000000000        0xc Stm32_F103C6_Drivers/HAL/LCD_Driver/LCD.o
 .group         0x0000000000000000        0xc Stm32_F103C6_Drivers/HAL/LCD_Driver/LCD.o
 .group         0x0000000000000000        0xc Stm32_F103C6_Drivers/HAL/LCD_Driver/LCD.o
 .group         0x0000000000000000        0xc Stm32_F103C6_Drivers/HAL/LCD_Driver/LCD.o
 .group         0x0000000000000000        0xc Stm32_F103C6_Drivers/HAL/LCD_Driver/LCD.o
 .group         0x0000000000000000        0xc Stm32_F103C6_Drivers/HAL/LCD_Driver/LCD.o
 .group         0x0000000000000000        0xc Stm32_F103C6_Drivers/HAL/LCD_Driver/LCD.o
 .group         0x0000000000000000        0xc Stm32_F103C6_Drivers/HAL/LCD_Driver/LCD.o
 .group         0x0000000000000000        0xc Stm32_F103C6_Drivers/HAL/LCD_Driver/LCD.o
 .group         0x0000000000000000        0xc Stm32_F103C6_Drivers/HAL/LCD_Driver/LCD.o
 .group         0x0000000000000000        0xc Stm32_F103C6_Drivers/HAL/LCD_Driver/LCD.o
 .group         0x0000000000000000        0xc Stm32_F103C6_Drivers/HAL/LCD_Driver/LCD.o
 .text          0x0000000000000000        0x0 Stm32_F103C6_Drivers/HAL/LCD_Driver/LCD.o
 .data          0x0000000000000000        0x0 Stm32_F103C6_Drivers/HAL/LCD_Driver/LCD.o
 .bss           0x0000000000000000        0x0 Stm32_F103C6_Drivers/HAL/LCD_Driver/LCD.o
 .text.HAL_LCD_ISBUSY
                0x0000000000000000       0xd8 Stm32_F103C6_Drivers/HAL/LCD_Driver/LCD.o
 .debug_macro   0x0000000000000000      0xa60 Stm32_F103C6_Drivers/HAL/LCD_Driver/LCD.o
 .debug_macro   0x0000000000000000       0x18 Stm32_F103C6_Drivers/HAL/LCD_Driver/LCD.o
 .debug_macro   0x0000000000000000       0x22 Stm32_F103C6_Drivers/HAL/LCD_Driver/LCD.o
 .debug_macro   0x0000000000000000       0x40 Stm32_F103C6_Drivers/HAL/LCD_Driver/LCD.o
 .debug_macro   0x0000000000000000       0x94 Stm32_F103C6_Drivers/HAL/LCD_Driver/LCD.o
 .debug_macro   0x0000000000000000       0x3c Stm32_F103C6_Drivers/HAL/LCD_Driver/LCD.o
 .debug_macro   0x0000000000000000       0x34 Stm32_F103C6_Drivers/HAL/LCD_Driver/LCD.o
 .debug_macro   0x0000000000000000       0x16 Stm32_F103C6_Drivers/HAL/LCD_Driver/LCD.o
 .debug_macro   0x0000000000000000      0x10e Stm32_F103C6_Drivers/HAL/LCD_Driver/LCD.o
 .debug_macro   0x0000000000000000       0x8d Stm32_F103C6_Drivers/HAL/LCD_Driver/LCD.o
 .debug_macro   0x0000000000000000       0x57 Stm32_F103C6_Drivers/HAL/LCD_Driver/LCD.o
 .debug_macro   0x0000000000000000       0x52 Stm32_F103C6_Drivers/HAL/LCD_Driver/LCD.o
 .debug_macro   0x0000000000000000       0x1f Stm32_F103C6_Drivers/HAL/LCD_Driver/LCD.o
 .debug_macro   0x0000000000000000       0x43 Stm32_F103C6_Drivers/HAL/LCD_Driver/LCD.o
 .debug_macro   0x0000000000000000       0x20 Stm32_F103C6_Drivers/HAL/LCD_Driver/LCD.o
 .debug_macro   0x0000000000000000      0x1a3 Stm32_F103C6_Drivers/HAL/LCD_Driver/LCD.o
 .debug_macro   0x0000000000000000      0x330 Stm32_F103C6_Drivers/HAL/LCD_Driver/LCD.o
 .debug_macro   0x0000000000000000       0x16 Stm32_F103C6_Drivers/HAL/LCD_Driver/LCD.o
 .debug_macro   0x0000000000000000       0x29 Stm32_F103C6_Drivers/HAL/LCD_Driver/LCD.o
 .debug_macro   0x0000000000000000       0xef Stm32_F103C6_Drivers/HAL/LCD_Driver/LCD.o
 .debug_macro   0x0000000000000000       0x6a Stm32_F103C6_Drivers/HAL/LCD_Driver/LCD.o
 .debug_macro   0x0000000000000000      0x1df Stm32_F103C6_Drivers/HAL/LCD_Driver/LCD.o
 .debug_macro   0x0000000000000000      0x1a8 Stm32_F103C6_Drivers/HAL/LCD_Driver/LCD.o
 .debug_macro   0x0000000000000000       0xd0 Stm32_F103C6_Drivers/HAL/LCD_Driver/LCD.o
 .group         0x0000000000000000        0xc Stm32_F103C6_Drivers/MCAL/EXTI_Driver/Stm32_F103C6_EXTI_Driver.o
 .group         0x0000000000000000        0xc Stm32_F103C6_Drivers/MCAL/EXTI_Driver/Stm32_F103C6_EXTI_Driver.o
 .group         0x0000000000000000        0xc Stm32_F103C6_Drivers/MCAL/EXTI_Driver/Stm32_F103C6_EXTI_Driver.o
 .group         0x0000000000000000        0xc Stm32_F103C6_Drivers/MCAL/EXTI_Driver/Stm32_F103C6_EXTI_Driver.o
 .group         0x0000000000000000        0xc Stm32_F103C6_Drivers/MCAL/EXTI_Driver/Stm32_F103C6_EXTI_Driver.o
 .group         0x0000000000000000        0xc Stm32_F103C6_Drivers/MCAL/EXTI_Driver/Stm32_F103C6_EXTI_Driver.o
 .group         0x0000000000000000        0xc Stm32_F103C6_Drivers/MCAL/EXTI_Driver/Stm32_F103C6_EXTI_Driver.o
 .group         0x0000000000000000        0xc Stm32_F103C6_Drivers/MCAL/EXTI_Driver/Stm32_F103C6_EXTI_Driver.o
 .group         0x0000000000000000        0xc Stm32_F103C6_Drivers/MCAL/EXTI_Driver/Stm32_F103C6_EXTI_Driver.o
 .group         0x0000000000000000        0xc Stm32_F103C6_Drivers/MCAL/EXTI_Driver/Stm32_F103C6_EXTI_Driver.o
 .group         0x0000000000000000        0xc Stm32_F103C6_Drivers/MCAL/EXTI_Driver/Stm32_F103C6_EXTI_Driver.o
 .group         0x0000000000000000        0xc Stm32_F103C6_Drivers/MCAL/EXTI_Driver/Stm32_F103C6_EXTI_Driver.o
 .group         0x0000000000000000        0xc Stm32_F103C6_Drivers/MCAL/EXTI_Driver/Stm32_F103C6_EXTI_Driver.o
 .group         0x0000000000000000        0xc Stm32_F103C6_Drivers/MCAL/EXTI_Driver/Stm32_F103C6_EXTI_Driver.o
 .group         0x0000000000000000        0xc Stm32_F103C6_Drivers/MCAL/EXTI_Driver/Stm32_F103C6_EXTI_Driver.o
 .group         0x0000000000000000        0xc Stm32_F103C6_Drivers/MCAL/EXTI_Driver/Stm32_F103C6_EXTI_Driver.o
 .group         0x0000000000000000        0xc Stm32_F103C6_Drivers/MCAL/EXTI_Driver/Stm32_F103C6_EXTI_Driver.o
 .group         0x0000000000000000        0xc Stm32_F103C6_Drivers/MCAL/EXTI_Driver/Stm32_F103C6_EXTI_Driver.o
 .group         0x0000000000000000        0xc Stm32_F103C6_Drivers/MCAL/EXTI_Driver/Stm32_F103C6_EXTI_Driver.o
 .group         0x0000000000000000        0xc Stm32_F103C6_Drivers/MCAL/EXTI_Driver/Stm32_F103C6_EXTI_Driver.o
 .group         0x0000000000000000        0xc Stm32_F103C6_Drivers/MCAL/EXTI_Driver/Stm32_F103C6_EXTI_Driver.o
 .group         0x0000000000000000        0xc Stm32_F103C6_Drivers/MCAL/EXTI_Driver/Stm32_F103C6_EXTI_Driver.o
 .group         0x0000000000000000        0xc Stm32_F103C6_Drivers/MCAL/EXTI_Driver/Stm32_F103C6_EXTI_Driver.o
 .group         0x0000000000000000        0xc Stm32_F103C6_Drivers/MCAL/EXTI_Driver/Stm32_F103C6_EXTI_Driver.o
 .group         0x0000000000000000        0xc Stm32_F103C6_Drivers/MCAL/EXTI_Driver/Stm32_F103C6_EXTI_Driver.o
 .text          0x0000000000000000        0x0 Stm32_F103C6_Drivers/MCAL/EXTI_Driver/Stm32_F103C6_EXTI_Driver.o
 .data          0x0000000000000000        0x0 Stm32_F103C6_Drivers/MCAL/EXTI_Driver/Stm32_F103C6_EXTI_Driver.o
 .bss           0x0000000000000000        0x0 Stm32_F103C6_Drivers/MCAL/EXTI_Driver/Stm32_F103C6_EXTI_Driver.o
 .text.MCAL_EXTI_GPIO_DeInit
                0x0000000000000000       0x88 Stm32_F103C6_Drivers/MCAL/EXTI_Driver/Stm32_F103C6_EXTI_Driver.o
 .text.MCAL_EXTI_GPIO_Update
                0x0000000000000000       0x16 Stm32_F103C6_Drivers/MCAL/EXTI_Driver/Stm32_F103C6_EXTI_Driver.o
 .debug_macro   0x0000000000000000      0xa60 Stm32_F103C6_Drivers/MCAL/EXTI_Driver/Stm32_F103C6_EXTI_Driver.o
 .debug_macro   0x0000000000000000       0x18 Stm32_F103C6_Drivers/MCAL/EXTI_Driver/Stm32_F103C6_EXTI_Driver.o
 .debug_macro   0x0000000000000000       0x22 Stm32_F103C6_Drivers/MCAL/EXTI_Driver/Stm32_F103C6_EXTI_Driver.o
 .debug_macro   0x0000000000000000       0x40 Stm32_F103C6_Drivers/MCAL/EXTI_Driver/Stm32_F103C6_EXTI_Driver.o
 .debug_macro   0x0000000000000000       0x94 Stm32_F103C6_Drivers/MCAL/EXTI_Driver/Stm32_F103C6_EXTI_Driver.o
 .debug_macro   0x0000000000000000       0x3c Stm32_F103C6_Drivers/MCAL/EXTI_Driver/Stm32_F103C6_EXTI_Driver.o
 .debug_macro   0x0000000000000000       0x34 Stm32_F103C6_Drivers/MCAL/EXTI_Driver/Stm32_F103C6_EXTI_Driver.o
 .debug_macro   0x0000000000000000       0x16 Stm32_F103C6_Drivers/MCAL/EXTI_Driver/Stm32_F103C6_EXTI_Driver.o
 .debug_macro   0x0000000000000000      0x10e Stm32_F103C6_Drivers/MCAL/EXTI_Driver/Stm32_F103C6_EXTI_Driver.o
 .debug_macro   0x0000000000000000       0x8d Stm32_F103C6_Drivers/MCAL/EXTI_Driver/Stm32_F103C6_EXTI_Driver.o
 .debug_macro   0x0000000000000000       0x57 Stm32_F103C6_Drivers/MCAL/EXTI_Driver/Stm32_F103C6_EXTI_Driver.o
 .debug_macro   0x0000000000000000       0x52 Stm32_F103C6_Drivers/MCAL/EXTI_Driver/Stm32_F103C6_EXTI_Driver.o
 .debug_macro   0x0000000000000000       0x1f Stm32_F103C6_Drivers/MCAL/EXTI_Driver/Stm32_F103C6_EXTI_Driver.o
 .debug_macro   0x0000000000000000       0x43 Stm32_F103C6_Drivers/MCAL/EXTI_Driver/Stm32_F103C6_EXTI_Driver.o
 .debug_macro   0x0000000000000000       0x20 Stm32_F103C6_Drivers/MCAL/EXTI_Driver/Stm32_F103C6_EXTI_Driver.o
 .debug_macro   0x0000000000000000      0x1a3 Stm32_F103C6_Drivers/MCAL/EXTI_Driver/Stm32_F103C6_EXTI_Driver.o
 .debug_macro   0x0000000000000000      0x330 Stm32_F103C6_Drivers/MCAL/EXTI_Driver/Stm32_F103C6_EXTI_Driver.o
 .debug_macro   0x0000000000000000       0x16 Stm32_F103C6_Drivers/MCAL/EXTI_Driver/Stm32_F103C6_EXTI_Driver.o
 .debug_macro   0x0000000000000000       0x29 Stm32_F103C6_Drivers/MCAL/EXTI_Driver/Stm32_F103C6_EXTI_Driver.o
 .debug_macro   0x0000000000000000       0xef Stm32_F103C6_Drivers/MCAL/EXTI_Driver/Stm32_F103C6_EXTI_Driver.o
 .debug_macro   0x0000000000000000       0x6a Stm32_F103C6_Drivers/MCAL/EXTI_Driver/Stm32_F103C6_EXTI_Driver.o
 .debug_macro   0x0000000000000000      0x1df Stm32_F103C6_Drivers/MCAL/EXTI_Driver/Stm32_F103C6_EXTI_Driver.o
 .debug_macro   0x0000000000000000      0x1a8 Stm32_F103C6_Drivers/MCAL/EXTI_Driver/Stm32_F103C6_EXTI_Driver.o
 .debug_macro   0x0000000000000000       0xd0 Stm32_F103C6_Drivers/MCAL/EXTI_Driver/Stm32_F103C6_EXTI_Driver.o
 .group         0x0000000000000000        0xc Stm32_F103C6_Drivers/MCAL/GPIO_Driver/Stm32_F103C6_GPIO_Driver.o
 .group         0x0000000000000000        0xc Stm32_F103C6_Drivers/MCAL/GPIO_Driver/Stm32_F103C6_GPIO_Driver.o
 .group         0x0000000000000000        0xc Stm32_F103C6_Drivers/MCAL/GPIO_Driver/Stm32_F103C6_GPIO_Driver.o
 .group         0x0000000000000000        0xc Stm32_F103C6_Drivers/MCAL/GPIO_Driver/Stm32_F103C6_GPIO_Driver.o
 .group         0x0000000000000000        0xc Stm32_F103C6_Drivers/MCAL/GPIO_Driver/Stm32_F103C6_GPIO_Driver.o
 .group         0x0000000000000000        0xc Stm32_F103C6_Drivers/MCAL/GPIO_Driver/Stm32_F103C6_GPIO_Driver.o
 .group         0x0000000000000000        0xc Stm32_F103C6_Drivers/MCAL/GPIO_Driver/Stm32_F103C6_GPIO_Driver.o
 .group         0x0000000000000000        0xc Stm32_F103C6_Drivers/MCAL/GPIO_Driver/Stm32_F103C6_GPIO_Driver.o
 .group         0x0000000000000000        0xc Stm32_F103C6_Drivers/MCAL/GPIO_Driver/Stm32_F103C6_GPIO_Driver.o
 .group         0x0000000000000000        0xc Stm32_F103C6_Drivers/MCAL/GPIO_Driver/Stm32_F103C6_GPIO_Driver.o
 .group         0x0000000000000000        0xc Stm32_F103C6_Drivers/MCAL/GPIO_Driver/Stm32_F103C6_GPIO_Driver.o
 .group         0x0000000000000000        0xc Stm32_F103C6_Drivers/MCAL/GPIO_Driver/Stm32_F103C6_GPIO_Driver.o
 .group         0x0000000000000000        0xc Stm32_F103C6_Drivers/MCAL/GPIO_Driver/Stm32_F103C6_GPIO_Driver.o
 .group         0x0000000000000000        0xc Stm32_F103C6_Drivers/MCAL/GPIO_Driver/Stm32_F103C6_GPIO_Driver.o
 .group         0x0000000000000000        0xc Stm32_F103C6_Drivers/MCAL/GPIO_Driver/Stm32_F103C6_GPIO_Driver.o
 .group         0x0000000000000000        0xc Stm32_F103C6_Drivers/MCAL/GPIO_Driver/Stm32_F103C6_GPIO_Driver.o
 .group         0x0000000000000000        0xc Stm32_F103C6_Drivers/MCAL/GPIO_Driver/Stm32_F103C6_GPIO_Driver.o
 .group         0x0000000000000000        0xc Stm32_F103C6_Drivers/MCAL/GPIO_Driver/Stm32_F103C6_GPIO_Driver.o
 .group         0x0000000000000000        0xc Stm32_F103C6_Drivers/MCAL/GPIO_Driver/Stm32_F103C6_GPIO_Driver.o
 .group         0x0000000000000000        0xc Stm32_F103C6_Drivers/MCAL/GPIO_Driver/Stm32_F103C6_GPIO_Driver.o
 .group         0x0000000000000000        0xc Stm32_F103C6_Drivers/MCAL/GPIO_Driver/Stm32_F103C6_GPIO_Driver.o
 .group         0x0000000000000000        0xc Stm32_F103C6_Drivers/MCAL/GPIO_Driver/Stm32_F103C6_GPIO_Driver.o
 .group         0x0000000000000000        0xc Stm32_F103C6_Drivers/MCAL/GPIO_Driver/Stm32_F103C6_GPIO_Driver.o
 .group         0x0000000000000000        0xc Stm32_F103C6_Drivers/MCAL/GPIO_Driver/Stm32_F103C6_GPIO_Driver.o
 .text          0x0000000000000000        0x0 Stm32_F103C6_Drivers/MCAL/GPIO_Driver/Stm32_F103C6_GPIO_Driver.o
 .data          0x0000000000000000        0x0 Stm32_F103C6_Drivers/MCAL/GPIO_Driver/Stm32_F103C6_GPIO_Driver.o
 .bss           0x0000000000000000        0x0 Stm32_F103C6_Drivers/MCAL/GPIO_Driver/Stm32_F103C6_GPIO_Driver.o
 .text.MCAL_GPIO_DeInit
                0x0000000000000000       0xd4 Stm32_F103C6_Drivers/MCAL/GPIO_Driver/Stm32_F103C6_GPIO_Driver.o
 .text.MCAL_GPIO_ReadPin
                0x0000000000000000       0x34 Stm32_F103C6_Drivers/MCAL/GPIO_Driver/Stm32_F103C6_GPIO_Driver.o
 .text.MCAL_GPIO_ReadPort
                0x0000000000000000       0x1e Stm32_F103C6_Drivers/MCAL/GPIO_Driver/Stm32_F103C6_GPIO_Driver.o
 .text.MCAL_GPIO_TogglePin
                0x0000000000000000       0x22 Stm32_F103C6_Drivers/MCAL/GPIO_Driver/Stm32_F103C6_GPIO_Driver.o
 .text.MCAL_GPIO_LockPin
                0x0000000000000000       0x4e Stm32_F103C6_Drivers/MCAL/GPIO_Driver/Stm32_F103C6_GPIO_Driver.o
 .debug_macro   0x0000000000000000      0xa60 Stm32_F103C6_Drivers/MCAL/GPIO_Driver/Stm32_F103C6_GPIO_Driver.o
 .debug_macro   0x0000000000000000       0x18 Stm32_F103C6_Drivers/MCAL/GPIO_Driver/Stm32_F103C6_GPIO_Driver.o
 .debug_macro   0x0000000000000000       0x22 Stm32_F103C6_Drivers/MCAL/GPIO_Driver/Stm32_F103C6_GPIO_Driver.o
 .debug_macro   0x0000000000000000       0x40 Stm32_F103C6_Drivers/MCAL/GPIO_Driver/Stm32_F103C6_GPIO_Driver.o
 .debug_macro   0x0000000000000000       0x94 Stm32_F103C6_Drivers/MCAL/GPIO_Driver/Stm32_F103C6_GPIO_Driver.o
 .debug_macro   0x0000000000000000       0x3c Stm32_F103C6_Drivers/MCAL/GPIO_Driver/Stm32_F103C6_GPIO_Driver.o
 .debug_macro   0x0000000000000000       0x34 Stm32_F103C6_Drivers/MCAL/GPIO_Driver/Stm32_F103C6_GPIO_Driver.o
 .debug_macro   0x0000000000000000       0x16 Stm32_F103C6_Drivers/MCAL/GPIO_Driver/Stm32_F103C6_GPIO_Driver.o
 .debug_macro   0x0000000000000000      0x10e Stm32_F103C6_Drivers/MCAL/GPIO_Driver/Stm32_F103C6_GPIO_Driver.o
 .debug_macro   0x0000000000000000       0x8d Stm32_F103C6_Drivers/MCAL/GPIO_Driver/Stm32_F103C6_GPIO_Driver.o
 .debug_macro   0x0000000000000000       0x57 Stm32_F103C6_Drivers/MCAL/GPIO_Driver/Stm32_F103C6_GPIO_Driver.o
 .debug_macro   0x0000000000000000       0x52 Stm32_F103C6_Drivers/MCAL/GPIO_Driver/Stm32_F103C6_GPIO_Driver.o
 .debug_macro   0x0000000000000000       0x1f Stm32_F103C6_Drivers/MCAL/GPIO_Driver/Stm32_F103C6_GPIO_Driver.o
 .debug_macro   0x0000000000000000       0x43 Stm32_F103C6_Drivers/MCAL/GPIO_Driver/Stm32_F103C6_GPIO_Driver.o
 .debug_macro   0x0000000000000000       0x20 Stm32_F103C6_Drivers/MCAL/GPIO_Driver/Stm32_F103C6_GPIO_Driver.o
 .debug_macro   0x0000000000000000      0x1a3 Stm32_F103C6_Drivers/MCAL/GPIO_Driver/Stm32_F103C6_GPIO_Driver.o
 .debug_macro   0x0000000000000000      0x330 Stm32_F103C6_Drivers/MCAL/GPIO_Driver/Stm32_F103C6_GPIO_Driver.o
 .debug_macro   0x0000000000000000       0x16 Stm32_F103C6_Drivers/MCAL/GPIO_Driver/Stm32_F103C6_GPIO_Driver.o
 .debug_macro   0x0000000000000000       0x29 Stm32_F103C6_Drivers/MCAL/GPIO_Driver/Stm32_F103C6_GPIO_Driver.o
 .debug_macro   0x0000000000000000       0xef Stm32_F103C6_Drivers/MCAL/GPIO_Driver/Stm32_F103C6_GPIO_Driver.o
 .debug_macro   0x0000000000000000       0x6a Stm32_F103C6_Drivers/MCAL/GPIO_Driver/Stm32_F103C6_GPIO_Driver.o
 .debug_macro   0x0000000000000000      0x1df Stm32_F103C6_Drivers/MCAL/GPIO_Driver/Stm32_F103C6_GPIO_Driver.o
 .debug_macro   0x0000000000000000      0x1a8 Stm32_F103C6_Drivers/MCAL/GPIO_Driver/Stm32_F103C6_GPIO_Driver.o
 .text          0x0000000000000000        0x0 c:/st/stm32cubeide_1.4.0/stm32cubeide/plugins/com.st.stm32cube.ide.mcu.externaltools.gnu-tools-for-stm32.7-2018-q2-update.win32_1.4.0.202007081208/tools/bin/../lib/gcc/arm-none-eabi/7.3.1/../../../../arm-none-eabi/lib/thumb/v7-m\libc_nano.a(lib_a-errno.o)
 .data          0x0000000000000000        0x0 c:/st/stm32cubeide_1.4.0/stm32cubeide/plugins/com.st.stm32cube.ide.mcu.externaltools.gnu-tools-for-stm32.7-2018-q2-update.win32_1.4.0.202007081208/tools/bin/../lib/gcc/arm-none-eabi/7.3.1/../../../../arm-none-eabi/lib/thumb/v7-m\libc_nano.a(lib_a-errno.o)
 .bss           0x0000000000000000        0x0 c:/st/stm32cubeide_1.4.0/stm32cubeide/plugins/com.st.stm32cube.ide.mcu.externaltools.gnu-tools-for-stm32.7-2018-q2-update.win32_1.4.0.202007081208/tools/bin/../lib/gcc/arm-none-eabi/7.3.1/../../../../arm-none-eabi/lib/thumb/v7-m\libc_nano.a(lib_a-errno.o)
 .text.__errno  0x0000000000000000        0xc c:/st/stm32cubeide_1.4.0/stm32cubeide/plugins/com.st.stm32cube.ide.mcu.externaltools.gnu-tools-for-stm32.7-2018-q2-update.win32_1.4.0.202007081208/tools/bin/../lib/gcc/arm-none-eabi/7.3.1/../../../../arm-none-eabi/lib/thumb/v7-m\libc_nano.a(lib_a-errno.o)
 .debug_frame   0x0000000000000000       0x20 c:/st/stm32cubeide_1.4.0/stm32cubeide/plugins/com.st.stm32cube.ide.mcu.externaltools.gnu-tools-for-stm32.7-2018-q2-update.win32_1.4.0.202007081208/tools/bin/../lib/gcc/arm-none-eabi/7.3.1/../../../../arm-none-eabi/lib/thumb/v7-m\libc_nano.a(lib_a-errno.o)
 .ARM.attributes
                0x0000000000000000       0x2d c:/st/stm32cubeide_1.4.0/stm32cubeide/plugins/com.st.stm32cube.ide.mcu.externaltools.gnu-tools-for-stm32.7-2018-q2-update.win32_1.4.0.202007081208/tools/bin/../lib/gcc/arm-none-eabi/7.3.1/../../../../arm-none-eabi/lib/thumb/v7-m\libc_nano.a(lib_a-errno.o)
 .text          0x0000000000000000        0x0 c:/st/stm32cubeide_1.4.0/stm32cubeide/plugins/com.st.stm32cube.ide.mcu.externaltools.gnu-tools-for-stm32.7-2018-q2-update.win32_1.4.0.202007081208/tools/bin/../lib/gcc/arm-none-eabi/7.3.1/../../../../arm-none-eabi/lib/thumb/v7-m\libc_nano.a(lib_a-exit.o)
 .data          0x0000000000000000        0x0 c:/st/stm32cubeide_1.4.0/stm32cubeide/plugins/com.st.stm32cube.ide.mcu.externaltools.gnu-tools-for-stm32.7-2018-q2-update.win32_1.4.0.202007081208/tools/bin/../lib/gcc/arm-none-eabi/7.3.1/../../../../arm-none-eabi/lib/thumb/v7-m\libc_nano.a(lib_a-exit.o)
 .bss           0x0000000000000000        0x0 c:/st/stm32cubeide_1.4.0/stm32cubeide/plugins/com.st.stm32cube.ide.mcu.externaltools.gnu-tools-for-stm32.7-2018-q2-update.win32_1.4.0.202007081208/tools/bin/../lib/gcc/arm-none-eabi/7.3.1/../../../../arm-none-eabi/lib/thumb/v7-m\libc_nano.a(lib_a-exit.o)
 .text.exit     0x0000000000000000       0x28 c:/st/stm32cubeide_1.4.0/stm32cubeide/plugins/com.st.stm32cube.ide.mcu.externaltools.gnu-tools-for-stm32.7-2018-q2-update.win32_1.4.0.202007081208/tools/bin/../lib/gcc/arm-none-eabi/7.3.1/../../../../arm-none-eabi/lib/thumb/v7-m\libc_nano.a(lib_a-exit.o)
 .debug_frame   0x0000000000000000       0x28 c:/st/stm32cubeide_1.4.0/stm32cubeide/plugins/com.st.stm32cube.ide.mcu.externaltools.gnu-tools-for-stm32.7-2018-q2-update.win32_1.4.0.202007081208/tools/bin/../lib/gcc/arm-none-eabi/7.3.1/../../../../arm-none-eabi/lib/thumb/v7-m\libc_nano.a(lib_a-exit.o)
 .ARM.attributes
                0x0000000000000000       0x2d c:/st/stm32cubeide_1.4.0/stm32cubeide/plugins/com.st.stm32cube.ide.mcu.externaltools.gnu-tools-for-stm32.7-2018-q2-update.win32_1.4.0.202007081208/tools/bin/../lib/gcc/arm-none-eabi/7.3.1/../../../../arm-none-eabi/lib/thumb/v7-m\libc_nano.a(lib_a-exit.o)
 .text          0x0000000000000000        0x0 c:/st/stm32cubeide_1.4.0/stm32cubeide/plugins/com.st.stm32cube.ide.mcu.externaltools.gnu-tools-for-stm32.7-2018-q2-update.win32_1.4.0.202007081208/tools/bin/../lib/gcc/arm-none-eabi/7.3.1/../../../../arm-none-eabi/lib/thumb/v7-m\libc_nano.a(lib_a-impure.o)
 .data          0x0000000000000000        0x0 c:/st/stm32cubeide_1.4.0/stm32cubeide/plugins/com.st.stm32cube.ide.mcu.externaltools.gnu-tools-for-stm32.7-2018-q2-update.win32_1.4.0.202007081208/tools/bin/../lib/gcc/arm-none-eabi/7.3.1/../../../../arm-none-eabi/lib/thumb/v7-m\libc_nano.a(lib_a-impure.o)
 .bss           0x0000000000000000        0x0 c:/st/stm32cubeide_1.4.0/stm32cubeide/plugins/com.st.stm32cube.ide.mcu.externaltools.gnu-tools-for-stm32.7-2018-q2-update.win32_1.4.0.202007081208/tools/bin/../lib/gcc/arm-none-eabi/7.3.1/../../../../arm-none-eabi/lib/thumb/v7-m\libc_nano.a(lib_a-impure.o)
 .data._impure_ptr
                0x0000000000000000        0x4 c:/st/stm32cubeide_1.4.0/stm32cubeide/plugins/com.st.stm32cube.ide.mcu.externaltools.gnu-tools-for-stm32.7-2018-q2-update.win32_1.4.0.202007081208/tools/bin/../lib/gcc/arm-none-eabi/7.3.1/../../../../arm-none-eabi/lib/thumb/v7-m\libc_nano.a(lib_a-impure.o)
 .data.impure_data
                0x0000000000000000       0x60 c:/st/stm32cubeide_1.4.0/stm32cubeide/plugins/com.st.stm32cube.ide.mcu.externaltools.gnu-tools-for-stm32.7-2018-q2-update.win32_1.4.0.202007081208/tools/bin/../lib/gcc/arm-none-eabi/7.3.1/../../../../arm-none-eabi/lib/thumb/v7-m\libc_nano.a(lib_a-impure.o)
 .rodata._global_impure_ptr
                0x0000000000000000        0x4 c:/st/stm32cubeide_1.4.0/stm32cubeide/plugins/com.st.stm32cube.ide.mcu.externaltools.gnu-tools-for-stm32.7-2018-q2-update.win32_1.4.0.202007081208/tools/bin/../lib/gcc/arm-none-eabi/7.3.1/../../../../arm-none-eabi/lib/thumb/v7-m\libc_nano.a(lib_a-impure.o)
 .ARM.attributes
                0x0000000000000000       0x2d c:/st/stm32cubeide_1.4.0/stm32cubeide/plugins/com.st.stm32cube.ide.mcu.externaltools.gnu-tools-for-stm32.7-2018-q2-update.win32_1.4.0.202007081208/tools/bin/../lib/gcc/arm-none-eabi/7.3.1/../../../../arm-none-eabi/lib/thumb/v7-m\libc_nano.a(lib_a-impure.o)
 .text          0x0000000000000000        0x0 c:/st/stm32cubeide_1.4.0/stm32cubeide/plugins/com.st.stm32cube.ide.mcu.externaltools.gnu-tools-for-stm32.7-2018-q2-update.win32_1.4.0.202007081208/tools/bin/../lib/gcc/arm-none-eabi/7.3.1/../../../../arm-none-eabi/lib/thumb/v7-m\libc_nano.a(lib_a-init.o)
 .data          0x0000000000000000        0x0 c:/st/stm32cubeide_1.4.0/stm32cubeide/plugins/com.st.stm32cube.ide.mcu.externaltools.gnu-tools-for-stm32.7-2018-q2-update.win32_1.4.0.202007081208/tools/bin/../lib/gcc/arm-none-eabi/7.3.1/../../../../arm-none-eabi/lib/thumb/v7-m\libc_nano.a(lib_a-init.o)
 .bss           0x0000000000000000        0x0 c:/st/stm32cubeide_1.4.0/stm32cubeide/plugins/com.st.stm32cube.ide.mcu.externaltools.gnu-tools-for-stm32.7-2018-q2-update.win32_1.4.0.202007081208/tools/bin/../lib/gcc/arm-none-eabi/7.3.1/../../../../arm-none-eabi/lib/thumb/v7-m\libc_nano.a(lib_a-init.o)
 .text          0x0000000000000000        0x0 c:/st/stm32cubeide_1.4.0/stm32cubeide/plugins/com.st.stm32cube.ide.mcu.externaltools.gnu-tools-for-stm32.7-2018-q2-update.win32_1.4.0.202007081208/tools/bin/../lib/gcc/arm-none-eabi/7.3.1/../../../../arm-none-eabi/lib/thumb/v7-m\libc_nano.a(lib_a-memset.o)
 .data          0x0000000000000000        0x0 c:/st/stm32cubeide_1.4.0/stm32cubeide/plugins/com.st.stm32cube.ide.mcu.externaltools.gnu-tools-for-stm32.7-2018-q2-update.win32_1.4.0.202007081208/tools/bin/../lib/gcc/arm-none-eabi/7.3.1/../../../../arm-none-eabi/lib/thumb/v7-m\libc_nano.a(lib_a-memset.o)
 .bss           0x0000000000000000        0x0 c:/st/stm32cubeide_1.4.0/stm32cubeide/plugins/com.st.stm32cube.ide.mcu.externaltools.gnu-tools-for-stm32.7-2018-q2-update.win32_1.4.0.202007081208/tools/bin/../lib/gcc/arm-none-eabi/7.3.1/../../../../arm-none-eabi/lib/thumb/v7-m\libc_nano.a(lib_a-memset.o)
 .text.memset   0x0000000000000000       0x10 c:/st/stm32cubeide_1.4.0/stm32cubeide/plugins/com.st.stm32cube.ide.mcu.externaltools.gnu-tools-for-stm32.7-2018-q2-update.win32_1.4.0.202007081208/tools/bin/../lib/gcc/arm-none-eabi/7.3.1/../../../../arm-none-eabi/lib/thumb/v7-m\libc_nano.a(lib_a-memset.o)
 .debug_frame   0x0000000000000000       0x20 c:/st/stm32cubeide_1.4.0/stm32cubeide/plugins/com.st.stm32cube.ide.mcu.externaltools.gnu-tools-for-stm32.7-2018-q2-update.win32_1.4.0.202007081208/tools/bin/../lib/gcc/arm-none-eabi/7.3.1/../../../../arm-none-eabi/lib/thumb/v7-m\libc_nano.a(lib_a-memset.o)
 .ARM.attributes
                0x0000000000000000       0x2d c:/st/stm32cubeide_1.4.0/stm32cubeide/plugins/com.st.stm32cube.ide.mcu.externaltools.gnu-tools-for-stm32.7-2018-q2-update.win32_1.4.0.202007081208/tools/bin/../lib/gcc/arm-none-eabi/7.3.1/../../../../arm-none-eabi/lib/thumb/v7-m\libc_nano.a(lib_a-memset.o)
 .text          0x0000000000000000        0x0 c:/st/stm32cubeide_1.4.0/stm32cubeide/plugins/com.st.stm32cube.ide.mcu.externaltools.gnu-tools-for-stm32.7-2018-q2-update.win32_1.4.0.202007081208/tools/bin/../lib/gcc/arm-none-eabi/7.3.1/thumb/v7-m/crtend.o
 .data          0x0000000000000000        0x0 c:/st/stm32cubeide_1.4.0/stm32cubeide/plugins/com.st.stm32cube.ide.mcu.externaltools.gnu-tools-for-stm32.7-2018-q2-update.win32_1.4.0.202007081208/tools/bin/../lib/gcc/arm-none-eabi/7.3.1/thumb/v7-m/crtend.o
 .bss           0x0000000000000000        0x0 c:/st/stm32cubeide_1.4.0/stm32cubeide/plugins/com.st.stm32cube.ide.mcu.externaltools.gnu-tools-for-stm32.7-2018-q2-update.win32_1.4.0.202007081208/tools/bin/../lib/gcc/arm-none-eabi/7.3.1/thumb/v7-m/crtend.o
 .eh_frame      0x0000000000000000        0x4 c:/st/stm32cubeide_1.4.0/stm32cubeide/plugins/com.st.stm32cube.ide.mcu.externaltools.gnu-tools-for-stm32.7-2018-q2-update.win32_1.4.0.202007081208/tools/bin/../lib/gcc/arm-none-eabi/7.3.1/thumb/v7-m/crtend.o
 .ARM.attributes
                0x0000000000000000       0x2d c:/st/stm32cubeide_1.4.0/stm32cubeide/plugins/com.st.stm32cube.ide.mcu.externaltools.gnu-tools-for-stm32.7-2018-q2-update.win32_1.4.0.202007081208/tools/bin/../lib/gcc/arm-none-eabi/7.3.1/thumb/v7-m/crtend.o
 .text          0x0000000000000000        0x0 c:/st/stm32cubeide_1.4.0/stm32cubeide/plugins/com.st.stm32cube.ide.mcu.externaltools.gnu-tools-for-stm32.7-2018-q2-update.win32_1.4.0.202007081208/tools/bin/../lib/gcc/arm-none-eabi/7.3.1/thumb/v7-m/crtn.o
 .data          0x0000000000000000        0x0 c:/st/stm32cubeide_1.4.0/stm32cubeide/plugins/com.st.stm32cube.ide.mcu.externaltools.gnu-tools-for-stm32.7-2018-q2-update.win32_1.4.0.202007081208/tools/bin/../lib/gcc/arm-none-eabi/7.3.1/thumb/v7-m/crtn.o
 .bss           0x0000000000000000        0x0 c:/st/stm32cubeide_1.4.0/stm32cubeide/plugins/com.st.stm32cube.ide.mcu.externaltools.gnu-tools-for-stm32.7-2018-q2-update.win32_1.4.0.202007081208/tools/bin/../lib/gcc/arm-none-eabi/7.3.1/thumb/v7-m/crtn.o

Memory Configuration

Name             Origin             Length             Attributes
RAM              0x0000000020000000 0x0000000000002800 xrw
ROM              0x0000000008000000 0x0000000000008000 xr
*default*        0x0000000000000000 0xffffffffffffffff

Linker script and memory map

LOAD c:/st/stm32cubeide_1.4.0/stm32cubeide/plugins/com.st.stm32cube.ide.mcu.externaltools.gnu-tools-for-stm32.7-2018-q2-update.win32_1.4.0.202007081208/tools/bin/../lib/gcc/arm-none-eabi/7.3.1/thumb/v7-m/crti.o
LOAD c:/st/stm32cubeide_1.4.0/stm32cubeide/plugins/com.st.stm32cube.ide.mcu.externaltools.gnu-tools-for-stm32.7-2018-q2-update.win32_1.4.0.202007081208/tools/bin/../lib/gcc/arm-none-eabi/7.3.1/thumb/v7-m/crtbegin.o
LOAD c:/st/stm32cubeide_1.4.0/stm32cubeide/plugins/com.st.stm32cube.ide.mcu.externaltools.gnu-tools-for-stm32.7-2018-q2-update.win32_1.4.0.202007081208/tools/bin/../lib/gcc/arm-none-eabi/7.3.1/../../../../arm-none-eabi/lib/thumb/v7-m/crt0.o
LOAD Src/main.o
LOAD Src/syscalls.o
LOAD Src/sysmem.o
LOAD Startup/startup_stm32f103c6tx.o
LOAD Stm32_F103C6_Drivers/HAL/KeyPad_Driver/KeyPad.o
LOAD Stm32_F103C6_Drivers/HAL/LCD_Driver/LCD.o
LOAD Stm32_F103C6_Drivers/MCAL/EXTI_Driver/Stm32_F103C6_EXTI_Driver.o
LOAD Stm32_F103C6_Drivers/MCAL/GPIO_Driver/Stm32_F103C6_GPIO_Driver.o
START GROUP
LOAD c:/st/stm32cubeide_1.4.0/stm32cubeide/plugins/com.st.stm32cube.ide.mcu.externaltools.gnu-tools-for-stm32.7-2018-q2-update.win32_1.4.0.202007081208/tools/bin/../lib/gcc/arm-none-eabi/7.3.1/../../../../arm-none-eabi/lib/thumb/v7-m\libc_nano.a
LOAD c:/st/stm32cubeide_1.4.0/stm32cubeide/plugins/com.st.stm32cube.ide.mcu.externaltools.gnu-tools-for-stm32.7-2018-q2-update.win32_1.4.0.202007081208/tools/bin/../lib/gcc/arm-none-eabi/7.3.1/../../../../arm-none-eabi/lib/thumb/v7-m\libm.a
END GROUP
START GROUP
LOAD c:/st/stm32cubeide_1.4.0/stm32cubeide/plugins/com.st.stm32cube.ide.mcu.externaltools.gnu-tools-for-stm32.7-2018-q2-update.win32_1.4.0.202007081208/tools/bin/../lib/gcc/arm-none-eabi/7.3.1/thumb/v7-m\libgcc.a
LOAD c:/st/stm32cubeide_1.4.0/stm32cubeide/plugins/com.st.stm32cube.ide.mcu.externaltools.gnu-tools-for-stm32.7-2018-q2-update.win32_1.4.0.202007081208/tools/bin/../lib/gcc/arm-none-eabi/7.3.1/../../../../arm-none-eabi/lib/thumb/v7-m\libg_nano.a
LOAD c:/st/stm32cubeide_1.4.0/stm32cubeide/plugins/com.st.stm32cube.ide.mcu.externaltools.gnu-tools-for-stm32.7-2018-q2-update.win32_1.4.0.202007081208/tools/bin/../lib/gcc/arm-none-eabi/7.3.1/../../../../arm-none-eabi/lib/thumb/v7-m\libc_nano.a
END GROUP
START GROUP
LOAD c:/st/stm32cubeide_1.4.0/stm32cubeide/plugins/com.st.stm32cube.ide.mcu.externaltools.gnu-tools-for-stm32.7-2018-q2-update.win32_1.4.0.202007081208/tools/bin/../lib/gcc/arm-none-eabi/7.3.1/thumb/v7-m\libgcc.a
LOAD c:/st/stm32cubeide_1.4.0/stm32cubeide/plugins/com.st.stm32cube.ide.mcu.externaltools.gnu-tools-for-stm32.7-2018-q2-update.win32_1.4.0.202007081208/tools/bin/../lib/gcc/arm-none-eabi/7.3.1/../../../../arm-none-eabi/lib/thumb/v7-m\libc_nano.a
LOAD c:/st/stm32cubeide_1.4.0/stm32cubeide/plugins/com.st.stm32cube.ide.mcu.externaltools.gnu-tools-for-stm32.7-2018-q2-update.win32_1.4.0.202007081208/tools/bin/../lib/gcc/arm-none-eabi/7.3.1/../../../../arm-none-eabi/lib/thumb/v7-m\libnosys.a
END GROUP
START GROUP
LOAD c:/st/stm32cubeide_1.4.0/stm32cubeide/plugins/com.st.stm32cube.ide.mcu.externaltools.gnu-tools-for-stm32.7-2018-q2-update.win32_1.4.0.202007081208/tools/bin/../lib/gcc/arm-none-eabi/7.3.1/thumb/v7-m\libgcc.a
LOAD c:/st/stm32cubeide_1.4.0/stm32cubeide/plugins/com.st.stm32cube.ide.mcu.externaltools.gnu-tools-for-stm32.7-2018-q2-update.win32_1.4.0.202007081208/tools/bin/../lib/gcc/arm-none-eabi/7.3.1/../../../../arm-none-eabi/lib/thumb/v7-m\libc_nano.a
LOAD c:/st/stm32cubeide_1.4.0/stm32cubeide/plugins/com.st.stm32cube.ide.mcu.externaltools.gnu-tools-for-stm32.7-2018-q2-update.win32_1.4.0.202007081208/tools/bin/../lib/gcc/arm-none-eabi/7.3.1/../../../../arm-none-eabi/lib/thumb/v7-m\libnosys.a
END GROUP
LOAD c:/st/stm32cubeide_1.4.0/stm32cubeide/plugins/com.st.stm32cube.ide.mcu.externaltools.gnu-tools-for-stm32.7-2018-q2-update.win32_1.4.0.202007081208/tools/bin/../lib/gcc/arm-none-eabi/7.3.1/thumb/v7-m/crtend.o
LOAD c:/st/stm32cubeide_1.4.0/stm32cubeide/plugins/com.st.stm32cube.ide.mcu.externaltools.gnu-tools-for-stm32.7-2018-q2-update.win32_1.4.0.202007081208/tools/bin/../lib/gcc/arm-none-eabi/7.3.1/thumb/v7-m/crtn.o
                0x0000000020002800                _estack = (ORIGIN (RAM) + LENGTH (RAM))
                0x0000000000000200                _Min_Heap_Size = 0x200
                0x0000000000000400                _Min_Stack_Size = 0x400

.isr_vector     0x0000000008000000      0x130
                0x0000000008000000                . = ALIGN (0x4)
 *(.isr_vector)
 .isr_vector    0x0000000008000000      0x130 Startup/startup_stm32f103c6tx.o
                0x0000000008000000                g_pfnVectors
                0x0000000008000130                . = ALIGN (0x4)

.text           0x0000000008000130      0xcc0
                0x0000000008000130                . = ALIGN (0x4)
 *(.text)
 .text          0x0000000008000130       0x40 c:/st/stm32cubeide_1.4.0/stm32cubeide/plugins/com.st.stm32cube.ide.mcu.externaltools.gnu-tools-for-stm32.7-2018-q2-update.win32_1.4.0.202007081208/tools/bin/../lib/gcc/arm-none-eabi/7.3.1/thumb/v7-m/crtbegin.o
 *(.text*)
 .text.my_wait  0x0000000008000170       0x38 Src/main.o
                0x0000000008000170                my_wait
 .text.EXTI9_CallBack
                0x00000000080001a8       0x24 Src/main.o
                0x00000000080001a8                EXTI9_CallBack
 .text.clock_init
                0x00000000080001cc       0x34 Src/main.o
                0x00000000080001cc                clock_init
 .text.main     0x0000000008000200       0x58 Src/main.o
                0x0000000008000200                main
 .text.Reset_Handler
                0x0000000008000258       0x50 Startup/startup_stm32f103c6tx.o
                0x0000000008000258                Reset_Handler
 .text.Default_Handler
                0x00000000080002a8        0x2 Startup/startup_stm32f103c6tx.o
                0x00000000080002a8                TIM8_TRG_COM_IRQHandler
                0x00000000080002a8                TIM8_CC_IRQHandler
                0x00000000080002a8                DebugMon_Handler
                0x00000000080002a8                TIM1_CC_IRQHandler
                0x00000000080002a8                HardFault_Handler
                0x00000000080002a8                TIM6_IRQHandler
                0x00000000080002a8                SysTick_Handler
                0x00000000080002a8                PVD_IRQHandler
                0x00000000080002a8                SDIO_IRQHandler
                0x00000000080002a8                PendSV_Handler
                0x00000000080002a8                NMI_Handler
                0x00000000080002a8                USB_HP_CAN_TX_IRQHandler
                0x00000000080002a8                I2C2_EV_IRQHandler
                0x00000000080002a8                UsageFault_Handler
                0x00000000080002a8                ADC1_2_IRQHandler
                0x00000000080002a8                SPI1_IRQHandler
                0x00000000080002a8                CAN_SCE_IRQHandler
                0x00000000080002a8                TAMPER_IRQHandler
                0x00000000080002a8                TIM8_UP_IRQHandler
                0x00000000080002a8                DMA2_Channel2_IRQHandler
                0x00000000080002a8                DMA1_Channel4_IRQHandler
                0x00000000080002a8                USART3_IRQHandler
                0x00000000080002a8                RTC_IRQHandler
                0x00000000080002a8                DMA1_Channel7_IRQHandler
                0x00000000080002a8                UART5_IRQHandler
                0x00000000080002a8                ADC3_IRQHandler
                0x00000000080002a8                TIM4_IRQHandler
                0x00000000080002a8                CAN_RX1_IRQHandler
                0x00000000080002a8                DMA2_Channel1_IRQHandler
                0x00000000080002a8                I2C1_EV_IRQHandler
                0x00000000080002a8                DMA1_Channel6_IRQHandler
                0x00000000080002a8                UART4_IRQHandler
                0x00000000080002a8                TIM3_IRQHandler
                0x00000000080002a8                RCC_IRQHandler
                0x00000000080002a8                TIM1_TRG_COM_IRQHandler
                0x00000000080002a8                DMA1_Channel1_IRQHandler
                0x00000000080002a8                Default_Handler
                0x00000000080002a8                TIM7_IRQHandler
                0x00000000080002a8                TIM5_IRQHandler
                0x00000000080002a8                SPI2_IRQHandler
                0x00000000080002a8                USB_LP_CAN_RX0_IRQHandler
                0x00000000080002a8                MemManage_Handler
                0x00000000080002a8                SVC_Handler
                0x00000000080002a8                DMA1_Channel5_IRQHandler
                0x00000000080002a8                DMA1_Channel3_IRQHandler
                0x00000000080002a8                FSMC_IRQHandler
                0x00000000080002a8                TIM1_UP_IRQHandler
                0x00000000080002a8                WWDG_IRQHandler
                0x00000000080002a8                TIM2_IRQHandler
                0x00000000080002a8                TIM1_BRK_IRQHandler
                0x00000000080002a8                RTCAlarm_IRQHandler
                0x00000000080002a8                DMA2_Channel4_5_IRQHandler
                0x00000000080002a8                USART2_IRQHandler
                0x00000000080002a8                I2C2_ER_IRQHandler
                0x00000000080002a8                DMA1_Channel2_IRQHandler
                0x00000000080002a8                TIM8_BRK_IRQHandler
                0x00000000080002a8                FLASH_IRQHandler
                0x00000000080002a8                BusFault_Handler
                0x00000000080002a8                USART1_IRQHandler
                0x00000000080002a8                SPI3_IRQHandler
                0x00000000080002a8                I2C1_ER_IRQHandler
                0x00000000080002a8                DMA2_Channel3_IRQHandler
 .text.delay_ms
                0x00000000080002aa       0x38 Stm32_F103C6_Drivers/HAL/LCD_Driver/LCD.o
 *fill*         0x00000000080002e2        0x2 
 .text.LCD_GPIO_INIT
                0x00000000080002e4      0x158 Stm32_F103C6_Drivers/HAL/LCD_Driver/LCD.o
 .text.HAL_LCD_CLEAR_SCREEN
                0x000000000800043c        0xe Stm32_F103C6_Drivers/HAL/LCD_Driver/LCD.o
                0x000000000800043c                HAL_LCD_CLEAR_SCREEN
 *fill*         0x000000000800044a        0x2 
 .text.HAL_LCD_KICK
                0x000000000800044c       0x2c Stm32_F103C6_Drivers/HAL/LCD_Driver/LCD.o
 .text.HAL_LCD_GOTO_XY
                0x0000000008000478       0x48 Stm32_F103C6_Drivers/HAL/LCD_Driver/LCD.o
                0x0000000008000478                HAL_LCD_GOTO_XY
 .text.HAL_LCD_INIT
                0x00000000080004c0       0x34 Stm32_F103C6_Drivers/HAL/LCD_Driver/LCD.o
                0x00000000080004c0                HAL_LCD_INIT
 .text.HAL_LCD_WRITE_COMMAND
                0x00000000080004f4       0x44 Stm32_F103C6_Drivers/HAL/LCD_Driver/LCD.o
                0x00000000080004f4                HAL_LCD_WRITE_COMMAND
 .text.HAL_LCD_WRITE_CHAR
                0x0000000008000538       0x44 Stm32_F103C6_Drivers/HAL/LCD_Driver/LCD.o
                0x0000000008000538                HAL_LCD_WRITE_CHAR
 .text.HAL_LCD_WRITE_STRING
                0x000000000800057c       0x58 Stm32_F103C6_Drivers/HAL/LCD_Driver/LCD.o
                0x000000000800057c                HAL_LCD_WRITE_STRING
 .text.Enable_NVIC
                0x00000000080005d4       0xcc Stm32_F103C6_Drivers/MCAL/EXTI_Driver/Stm32_F103C6_EXTI_Driver.o
                0x00000000080005d4                Enable_NVIC
 .text.Disable_NVIC
                0x00000000080006a0       0xcc Stm32_F103C6_Drivers/MCAL/EXTI_Driver/Stm32_F103C6_EXTI_Driver.o
                0x00000000080006a0                Disable_NVIC
 .text.Update_EXTI
                0x000000000800076c      0x1e0 Stm32_F103C6_Drivers/MCAL/EXTI_Driver/Stm32_F103C6_EXTI_Driver.o
                0x000000000800076c                Update_EXTI
 .text.MCAL_EXTI_GPIO_Init
                0x000000000800094c       0x16 Stm32_F103C6_Drivers/MCAL/EXTI_Driver/Stm32_F103C6_EXTI_Driver.o
                0x000000000800094c                MCAL_EXTI_GPIO_Init
 *fill*         0x0000000008000962        0x2 
 .text.EXTI0_IRQHandler
                0x0000000008000964       0x24 Stm32_F103C6_Drivers/MCAL/EXTI_Driver/Stm32_F103C6_EXTI_Driver.o
                0x0000000008000964                EXTI0_IRQHandler
 .text.EXTI1_IRQHandler
                0x0000000008000988       0x24 Stm32_F103C6_Drivers/MCAL/EXTI_Driver/Stm32_F103C6_EXTI_Driver.o
                0x0000000008000988                EXTI1_IRQHandler
 .text.EXTI2_IRQHandler
                0x00000000080009ac       0x24 Stm32_F103C6_Drivers/MCAL/EXTI_Driver/Stm32_F103C6_EXTI_Driver.o
                0x00000000080009ac                EXTI2_IRQHandler
 .text.EXTI3_IRQHandler
                0x00000000080009d0       0x24 Stm32_F103C6_Drivers/MCAL/EXTI_Driver/Stm32_F103C6_EXTI_Driver.o
                0x00000000080009d0                EXTI3_IRQHandler
 .text.EXTI4_IRQHandler
                0x00000000080009f4       0x24 Stm32_F103C6_Drivers/MCAL/EXTI_Driver/Stm32_F103C6_EXTI_Driver.o
                0x00000000080009f4                EXTI4_IRQHandler
 .text.EXTI9_5_IRQHandler
                0x0000000008000a18       0xa8 Stm32_F103C6_Drivers/MCAL/EXTI_Driver/Stm32_F103C6_EXTI_Driver.o
                0x0000000008000a18                EXTI9_5_IRQHandler
 .text.EXTI15_10_IRQHandler
                0x0000000008000ac0       0xc4 Stm32_F103C6_Drivers/MCAL/EXTI_Driver/Stm32_F103C6_EXTI_Driver.o
                0x0000000008000ac0                EXTI15_10_IRQHandler
 .text.Get_CRLH_Position
                0x0000000008000b84       0xc4 Stm32_F103C6_Drivers/MCAL/GPIO_Driver/Stm32_F103C6_GPIO_Driver.o
                0x0000000008000b84                Get_CRLH_Position
 .text.MCAL_GPIO_Init
                0x0000000008000c48       0xfe Stm32_F103C6_Drivers/MCAL/GPIO_Driver/Stm32_F103C6_GPIO_Driver.o
                0x0000000008000c48                MCAL_GPIO_Init
 .text.MCAL_GPIO_WritePin
                0x0000000008000d46       0x2e Stm32_F103C6_Drivers/MCAL/GPIO_Driver/Stm32_F103C6_GPIO_Driver.o
                0x0000000008000d46                MCAL_GPIO_WritePin
 .text.MCAL_GPIO_WritePort
                0x0000000008000d74       0x1c Stm32_F103C6_Drivers/MCAL/GPIO_Driver/Stm32_F103C6_GPIO_Driver.o
                0x0000000008000d74                MCAL_GPIO_WritePort
 .text.__libc_init_array
                0x0000000008000d90       0x48 c:/st/stm32cubeide_1.4.0/stm32cubeide/plugins/com.st.stm32cube.ide.mcu.externaltools.gnu-tools-for-stm32.7-2018-q2-update.win32_1.4.0.202007081208/tools/bin/../lib/gcc/arm-none-eabi/7.3.1/../../../../arm-none-eabi/lib/thumb/v7-m\libc_nano.a(lib_a-init.o)
                0x0000000008000d90                __libc_init_array
 *(.glue_7)
 .glue_7        0x0000000008000dd8        0x0 linker stubs
 *(.glue_7t)
 .glue_7t       0x0000000008000dd8        0x0 linker stubs
 *(.eh_frame)
 .eh_frame      0x0000000008000dd8        0x0 c:/st/stm32cubeide_1.4.0/stm32cubeide/plugins/com.st.stm32cube.ide.mcu.externaltools.gnu-tools-for-stm32.7-2018-q2-update.win32_1.4.0.202007081208/tools/bin/../lib/gcc/arm-none-eabi/7.3.1/thumb/v7-m/crtbegin.o
 *(.init)
 .init          0x0000000008000dd8        0x4 c:/st/stm32cubeide_1.4.0/stm32cubeide/plugins/com.st.stm32cube.ide.mcu.externaltools.gnu-tools-for-stm32.7-2018-q2-update.win32_1.4.0.202007081208/tools/bin/../lib/gcc/arm-none-eabi/7.3.1/thumb/v7-m/crti.o
                0x0000000008000dd8                _init
 .init          0x0000000008000ddc        0x8 c:/st/stm32cubeide_1.4.0/stm32cubeide/plugins/com.st.stm32cube.ide.mcu.externaltools.gnu-tools-for-stm32.7-2018-q2-update.win32_1.4.0.202007081208/tools/bin/../lib/gcc/arm-none-eabi/7.3.1/thumb/v7-m/crtn.o
 *(.fini)
 .fini          0x0000000008000de4        0x4 c:/st/stm32cubeide_1.4.0/stm32cubeide/plugins/com.st.stm32cube.ide.mcu.externaltools.gnu-tools-for-stm32.7-2018-q2-update.win32_1.4.0.202007081208/tools/bin/../lib/gcc/arm-none-eabi/7.3.1/thumb/v7-m/crti.o
                0x0000000008000de4                _fini
 .fini          0x0000000008000de8        0x8 c:/st/stm32cubeide_1.4.0/stm32cubeide/plugins/com.st.stm32cube.ide.mcu.externaltools.gnu-tools-for-stm32.7-2018-q2-update.win32_1.4.0.202007081208/tools/bin/../lib/gcc/arm-none-eabi/7.3.1/thumb/v7-m/crtn.o
                0x0000000008000df0                . = ALIGN (0x4)
                0x0000000008000df0                _etext = .

.vfp11_veneer   0x0000000008000df0        0x0
 .vfp11_veneer  0x0000000008000df0        0x0 linker stubs

.v4_bx          0x0000000008000df0        0x0
 .v4_bx         0x0000000008000df0        0x0 linker stubs

.iplt           0x0000000008000df0        0x0
 .iplt          0x0000000008000df0        0x0 c:/st/stm32cubeide_1.4.0/stm32cubeide/plugins/com.st.stm32cube.ide.mcu.externaltools.gnu-tools-for-stm32.7-2018-q2-update.win32_1.4.0.202007081208/tools/bin/../lib/gcc/arm-none-eabi/7.3.1/thumb/v7-m/crtbegin.o

.rodata         0x0000000008000df0       0x24
                0x0000000008000df0                . = ALIGN (0x4)
 *(.rodata)
 .rodata        0x0000000008000df0       0x24 Src/main.o
 *(.rodata*)
                0x0000000008000e14                . = ALIGN (0x4)

.rel.dyn        0x0000000008000e14        0x0
 .rel.iplt      0x0000000008000e14        0x0 c:/st/stm32cubeide_1.4.0/stm32cubeide/plugins/com.st.stm32cube.ide.mcu.externaltools.gnu-tools-for-stm32.7-2018-q2-update.win32_1.4.0.202007081208/tools/bin/../lib/gcc/arm-none-eabi/7.3.1/thumb/v7-m/crtbegin.o

.ARM.extab      0x0000000008000e14        0x0
                0x0000000008000e14                . = ALIGN (0x4)
 *(.ARM.extab* .gnu.linkonce.armextab.*)
                0x0000000008000e14                . = ALIGN (0x4)

.ARM            0x0000000008000e14        0x0
                0x0000000008000e14                . = ALIGN (0x4)
                0x0000000008000e14                __exidx_start = .
 *(.ARM.exidx*)
                0x0000000008000e14                __exidx_end = .
                0x0000000008000e14                . = ALIGN (0x4)

.preinit_array  0x0000000008000e14        0x0
                0x0000000008000e14                . = ALIGN (0x4)
                0x0000000008000e14                PROVIDE (__preinit_array_start = .)
 *(.preinit_array*)
                0x0000000008000e14                PROVIDE (__preinit_array_end = .)
                0x0000000008000e14                . = ALIGN (0x4)

.init_array     0x0000000008000e14        0x4
                0x0000000008000e14                . = ALIGN (0x4)
                0x0000000008000e14                PROVIDE (__init_array_start = .)
 *(SORT_BY_NAME(.init_array.*))
 *(.init_array*)
 .init_array    0x0000000008000e14        0x4 c:/st/stm32cubeide_1.4.0/stm32cubeide/plugins/com.st.stm32cube.ide.mcu.externaltools.gnu-tools-for-stm32.7-2018-q2-update.win32_1.4.0.202007081208/tools/bin/../lib/gcc/arm-none-eabi/7.3.1/thumb/v7-m/crtbegin.o
                0x0000000008000e18                PROVIDE (__init_array_end = .)
                0x0000000008000e18                . = ALIGN (0x4)

.fini_array     0x0000000008000e18        0x4
                0x0000000008000e18                . = ALIGN (0x4)
                [!provide]                        PROVIDE (__fini_array_start = .)
 *(SORT_BY_NAME(.fini_array.*))
 *(.fini_array*)
 .fini_array    0x0000000008000e18        0x4 c:/st/stm32cubeide_1.4.0/stm32cubeide/plugins/com.st.stm32cube.ide.mcu.externaltools.gnu-tools-for-stm32.7-2018-q2-update.win32_1.4.0.202007081208/tools/bin/../lib/gcc/arm-none-eabi/7.3.1/thumb/v7-m/crtbegin.o
                [!provide]                        PROVIDE (__fini_array_end = .)
                0x0000000008000e1c                . = ALIGN (0x4)
                0x0000000008000e1c                _sidata = LOADADDR (.data)

.data           0x0000000020000000        0x0 load address 0x0000000008000e1c
                0x0000000020000000                . = ALIGN (0x4)
                0x0000000020000000                _sdata = .
 *(.data)
 *(.data*)
                0x0000000020000000                . = ALIGN (0x4)
                0x0000000020000000                _edata = .

.igot.plt       0x0000000020000000        0x0 load address 0x0000000008000e1c
 .igot.plt      0x0000000020000000        0x0 c:/st/stm32cubeide_1.4.0/stm32cubeide/plugins/com.st.stm32cube.ide.mcu.externaltools.gnu-tools-for-stm32.7-2018-q2-update.win32_1.4.0.202007081208/tools/bin/../lib/gcc/arm-none-eabi/7.3.1/thumb/v7-m/crtbegin.o
                0x0000000020000000                . = ALIGN (0x4)

.bss            0x0000000020000000       0x60 load address 0x0000000008000e1c
                0x0000000020000000                _sbss = .
                0x0000000020000000                __bss_start__ = _sbss
 *(.bss)
 .bss           0x0000000020000000       0x1c c:/st/stm32cubeide_1.4.0/stm32cubeide/plugins/com.st.stm32cube.ide.mcu.externaltools.gnu-tools-for-stm32.7-2018-q2-update.win32_1.4.0.202007081208/tools/bin/../lib/gcc/arm-none-eabi/7.3.1/thumb/v7-m/crtbegin.o
 *(.bss*)
 .bss.IRQ_Flag  0x000000002000001c        0x4 Src/main.o
                0x000000002000001c                IRQ_Flag
 *(COMMON)
 COMMON         0x0000000020000020        0x4 Src/main.o
                0x0000000020000020                PinConfig
 COMMON         0x0000000020000024       0x3c Stm32_F103C6_Drivers/MCAL/EXTI_Driver/Stm32_F103C6_EXTI_Driver.o
                0x0000000020000024                GP_IRQ_CallBack
                0x0000000020000060                . = ALIGN (0x4)
                0x0000000020000060                _ebss = .
                0x0000000020000060                __bss_end__ = _ebss

._user_heap_stack
                0x0000000020000060      0x600 load address 0x0000000008000e1c
                0x0000000020000060                . = ALIGN (0x8)
                [!provide]                        PROVIDE (end = .)
                0x0000000020000060                PROVIDE (_end = .)
                0x0000000020000260                . = (. + _Min_Heap_Size)
 *fill*         0x0000000020000060      0x200 
                0x0000000020000660                . = (. + _Min_Stack_Size)
 *fill*         0x0000000020000260      0x400 
                0x0000000020000660                . = ALIGN (0x8)

/DISCARD/
 libc.a(*)
 libm.a(*)
 libgcc.a(*)

.ARM.attributes
                0x0000000000000000       0x29
 *(.ARM.attributes)
 .ARM.attributes
                0x0000000000000000       0x1d c:/st/stm32cubeide_1.4.0/stm32cubeide/plugins/com.st.stm32cube.ide.mcu.externaltools.gnu-tools-for-stm32.7-2018-q2-update.win32_1.4.0.202007081208/tools/bin/../lib/gcc/arm-none-eabi/7.3.1/thumb/v7-m/crti.o
 .ARM.attributes
                0x000000000000001d       0x2d c:/st/stm32cubeide_1.4.0/stm32cubeide/plugins/com.st.stm32cube.ide.mcu.externaltools.gnu-tools-for-stm32.7-2018-q2-update.win32_1.4.0.202007081208/tools/bin/../lib/gcc/arm-none-eabi/7.3.1/thumb/v7-m/crtbegin.o
 .ARM.attributes
                0x000000000000004a       0x33 Src/main.o
 .ARM.attributes
                0x000000000000007d       0x21 Startup/startup_stm32f103c6tx.o
 .ARM.attributes
                0x000000000000009e       0x33 Stm32_F103C6_Drivers/HAL/LCD_Driver/LCD.o
 .ARM.attributes
                0x00000000000000d1       0x33 Stm32_F103C6_Drivers/MCAL/EXTI_Driver/Stm32_F103C6_EXTI_Driver.o
 .ARM.attributes
                0x0000000000000104       0x33 Stm32_F103C6_Drivers/MCAL/GPIO_Driver/Stm32_F103C6_GPIO_Driver.o
 .ARM.attributes
                0x0000000000000137       0x2d c:/st/stm32cubeide_1.4.0/stm32cubeide/plugins/com.st.stm32cube.ide.mcu.externaltools.gnu-tools-for-stm32.7-2018-q2-update.win32_1.4.0.202007081208/tools/bin/../lib/gcc/arm-none-eabi/7.3.1/../../../../arm-none-eabi/lib/thumb/v7-m\libc_nano.a(lib_a-init.o)
 .ARM.attributes
                0x0000000000000164       0x1d c:/st/stm32cubeide_1.4.0/stm32cubeide/plugins/com.st.stm32cube.ide.mcu.externaltools.gnu-tools-for-stm32.7-2018-q2-update.win32_1.4.0.202007081208/tools/bin/../lib/gcc/arm-none-eabi/7.3.1/thumb/v7-m/crtn.o
OUTPUT(Drivers.elf elf32-littlearm)

.debug_info     0x0000000000000000     0x33c4
 .debug_info    0x0000000000000000      0xc9e Src/main.o
 .debug_info    0x0000000000000c9e       0x22 Startup/startup_stm32f103c6tx.o
 .debug_info    0x0000000000000cc0      0xbf6 Stm32_F103C6_Drivers/HAL/LCD_Driver/LCD.o
 .debug_info    0x00000000000018b6      0xdb8 Stm32_F103C6_Drivers/MCAL/EXTI_Driver/Stm32_F103C6_EXTI_Driver.o
 .debug_info    0x000000000000266e      0xd56 Stm32_F103C6_Drivers/MCAL/GPIO_Driver/Stm32_F103C6_GPIO_Driver.o

.debug_abbrev   0x0000000000000000      0x884
 .debug_abbrev  0x0000000000000000      0x1ff Src/main.o
 .debug_abbrev  0x00000000000001ff       0x12 Startup/startup_stm32f103c6tx.o
 .debug_abbrev  0x0000000000000211      0x21b Stm32_F103C6_Drivers/HAL/LCD_Driver/LCD.o
 .debug_abbrev  0x000000000000042c      0x226 Stm32_F103C6_Drivers/MCAL/EXTI_Driver/Stm32_F103C6_EXTI_Driver.o
 .debug_abbrev  0x0000000000000652      0x232 Stm32_F103C6_Drivers/MCAL/GPIO_Driver/Stm32_F103C6_GPIO_Driver.o

.debug_loc      0x0000000000000000      0x9cc
 .debug_loc     0x0000000000000000      0x104 Src/main.o
 .debug_loc     0x0000000000000104      0x278 Stm32_F103C6_Drivers/HAL/LCD_Driver/LCD.o
 .debug_loc     0x000000000000037c      0x320 Stm32_F103C6_Drivers/MCAL/EXTI_Driver/Stm32_F103C6_EXTI_Driver.o
 .debug_loc     0x000000000000069c      0x330 Stm32_F103C6_Drivers/MCAL/GPIO_Driver/Stm32_F103C6_GPIO_Driver.o

.debug_aranges  0x0000000000000000      0x1a8
 .debug_aranges
                0x0000000000000000       0x38 Src/main.o
 .debug_aranges
                0x0000000000000038       0x28 Startup/startup_stm32f103c6tx.o
 .debug_aranges
                0x0000000000000060       0x68 Stm32_F103C6_Drivers/HAL/LCD_Driver/LCD.o
 .debug_aranges
                0x00000000000000c8       0x80 Stm32_F103C6_Drivers/MCAL/EXTI_Driver/Stm32_F103C6_EXTI_Driver.o
 .debug_aranges
                0x0000000000000148       0x60 Stm32_F103C6_Drivers/MCAL/GPIO_Driver/Stm32_F103C6_GPIO_Driver.o

.debug_ranges   0x0000000000000000      0x160
 .debug_ranges  0x0000000000000000       0x28 Src/main.o
 .debug_ranges  0x0000000000000028       0x20 Startup/startup_stm32f103c6tx.o
 .debug_ranges  0x0000000000000048       0x58 Stm32_F103C6_Drivers/HAL/LCD_Driver/LCD.o
 .debug_ranges  0x00000000000000a0       0x70 Stm32_F103C6_Drivers/MCAL/EXTI_Driver/Stm32_F103C6_EXTI_Driver.o
 .debug_ranges  0x0000000000000110       0x50 Stm32_F103C6_Drivers/MCAL/GPIO_Driver/Stm32_F103C6_GPIO_Driver.o

.debug_macro    0x0000000000000000     0x2536
 .debug_macro   0x0000000000000000      0x154 Src/main.o
 .debug_macro   0x0000000000000154      0xa60 Src/main.o
 .debug_macro   0x0000000000000bb4       0x18 Src/main.o
 .debug_macro   0x0000000000000bcc       0x22 Src/main.o
 .debug_macro   0x0000000000000bee       0x40 Src/main.o
 .debug_macro   0x0000000000000c2e       0x94 Src/main.o
 .debug_macro   0x0000000000000cc2       0x3c Src/main.o
 .debug_macro   0x0000000000000cfe       0x34 Src/main.o
 .debug_macro   0x0000000000000d32       0x16 Src/main.o
 .debug_macro   0x0000000000000d48      0x10e Src/main.o
 .debug_macro   0x0000000000000e56       0x8d Src/main.o
 .debug_macro   0x0000000000000ee3       0x57 Src/main.o
 .debug_macro   0x0000000000000f3a       0x52 Src/main.o
 .debug_macro   0x0000000000000f8c       0x1f Src/main.o
 .debug_macro   0x0000000000000fab       0x43 Src/main.o
 .debug_macro   0x0000000000000fee       0x20 Src/main.o
 .debug_macro   0x000000000000100e      0x1a3 Src/main.o
 .debug_macro   0x00000000000011b1      0x330 Src/main.o
 .debug_macro   0x00000000000014e1       0x16 Src/main.o
 .debug_macro   0x00000000000014f7       0x29 Src/main.o
 .debug_macro   0x0000000000001520       0xef Src/main.o
 .debug_macro   0x000000000000160f       0x6a Src/main.o
 .debug_macro   0x0000000000001679      0x1df Src/main.o
 .debug_macro   0x0000000000001858      0x1a8 Src/main.o
 .debug_macro   0x0000000000001a00       0xd0 Src/main.o
 .debug_macro   0x0000000000001ad0      0x22b Src/main.o
 .debug_macro   0x0000000000001cfb       0x9a Src/main.o
 .debug_macro   0x0000000000001d95       0x40 Src/main.o
 .debug_macro   0x0000000000001dd5      0x147 Stm32_F103C6_Drivers/HAL/LCD_Driver/LCD.o
 .debug_macro   0x0000000000001f1c       0x10 Stm32_F103C6_Drivers/HAL/LCD_Driver/LCD.o
 .debug_macro   0x0000000000001f2c       0x8e Stm32_F103C6_Drivers/HAL/LCD_Driver/LCD.o
 .debug_macro   0x0000000000001fba      0x14e Stm32_F103C6_Drivers/MCAL/EXTI_Driver/Stm32_F103C6_EXTI_Driver.o
 .debug_macro   0x0000000000002108      0x225 Stm32_F103C6_Drivers/MCAL/EXTI_Driver/Stm32_F103C6_EXTI_Driver.o
 .debug_macro   0x000000000000232d      0x13f Stm32_F103C6_Drivers/MCAL/GPIO_Driver/Stm32_F103C6_GPIO_Driver.o
 .debug_macro   0x000000000000246c       0xca Stm32_F103C6_Drivers/MCAL/GPIO_Driver/Stm32_F103C6_GPIO_Driver.o

.debug_line     0x0000000000000000     0x1c30
 .debug_line    0x0000000000000000      0x6e2 Src/main.o
 .debug_line    0x00000000000006e2       0x84 Startup/startup_stm32f103c6tx.o
 .debug_line    0x0000000000000766      0x6d3 Stm32_F103C6_Drivers/HAL/LCD_Driver/LCD.o
 .debug_line    0x0000000000000e39      0x777 Stm32_F103C6_Drivers/MCAL/EXTI_Driver/Stm32_F103C6_EXTI_Driver.o
 .debug_line    0x00000000000015b0      0x680 Stm32_F103C6_Drivers/MCAL/GPIO_Driver/Stm32_F103C6_GPIO_Driver.o

.debug_str      0x0000000000000000     0x946b
 .debug_str     0x0000000000000000     0x9012 Src/main.o
                                       0x928c (size before relaxing)
 .debug_str     0x0000000000009012       0x31 Startup/startup_stm32f103c6tx.o
                                         0x58 (size before relaxing)
 .debug_str     0x0000000000009043       0xfd Stm32_F103C6_Drivers/HAL/LCD_Driver/LCD.o
                                       0x7f58 (size before relaxing)
 .debug_str     0x0000000000009140      0x20a Stm32_F103C6_Drivers/MCAL/EXTI_Driver/Stm32_F103C6_EXTI_Driver.o
                                       0x90c0 (size before relaxing)
 .debug_str     0x000000000000934a      0x121 Stm32_F103C6_Drivers/MCAL/GPIO_Driver/Stm32_F103C6_GPIO_Driver.o
                                       0x7d1e (size before relaxing)

.comment        0x0000000000000000       0x7b
 .comment       0x0000000000000000       0x7b Src/main.o
                                         0x7c (size before relaxing)
 .comment       0x000000000000007b       0x7c Stm32_F103C6_Drivers/HAL/LCD_Driver/LCD.o
 .comment       0x000000000000007b       0x7c Stm32_F103C6_Drivers/MCAL/EXTI_Driver/Stm32_F103C6_EXTI_Driver.o
 .comment       0x000000000000007b       0x7c Stm32_F103C6_Drivers/MCAL/GPIO_Driver/Stm32_F103C6_GPIO_Driver.o

.debug_frame    0x0000000000000000      0x53c
 .debug_frame   0x0000000000000000       0x94 Src/main.o
 .debug_frame   0x0000000000000094      0x154 Stm32_F103C6_Drivers/HAL/LCD_Driver/LCD.o
 .debug_frame   0x00000000000001e8      0x1b0 Stm32_F103C6_Drivers/MCAL/EXTI_Driver/Stm32_F103C6_EXTI_Driver.o
 .debug_frame   0x0000000000000398      0x178 Stm32_F103C6_Drivers/MCAL/GPIO_Driver/Stm32_F103C6_GPIO_Driver.o
 .debug_frame   0x0000000000000510       0x2c c:/st/stm32cubeide_1.4.0/stm32cubeide/plugins/com.st.stm32cube.ide.mcu.externaltools.gnu-tools-for-stm32.7-2018-q2-update.win32_1.4.0.202007081208/tools/bin/../lib/gcc/arm-none-eabi/7.3.1/../../../../arm-none-eabi/lib/thumb/v7-m\libc_nano.a(lib_a-init.o)
