Archive member included to satisfy reference by file (symbol)

c:/st/stm32cubeide_1.4.0/stm32cubeide/plugins/com.st.stm32cube.ide.mcu.externaltools.gnu-tools-for-stm32.10.3-2021.10.win32_1.0.100.202210260954/tools/bin/../lib/gcc/arm-none-eabi/10.3.1/../../../../arm-none-eabi/lib/thumb/v7-m/nofp\libc_nano.a(lib_a-errno.o)
                              ./Src/syscalls.o (__errno)
c:/st/stm32cubeide_1.4.0/stm32cubeide/plugins/com.st.stm32cube.ide.mcu.externaltools.gnu-tools-for-stm32.10.3-2021.10.win32_1.0.100.202210260954/tools/bin/../lib/gcc/arm-none-eabi/10.3.1/../../../../arm-none-eabi/lib/thumb/v7-m/nofp\libc_nano.a(lib_a-exit.o)
                              c:/st/stm32cubeide_1.4.0/stm32cubeide/plugins/com.st.stm32cube.ide.mcu.externaltools.gnu-tools-for-stm32.10.3-2021.10.win32_1.0.100.202210260954/tools/bin/../lib/gcc/arm-none-eabi/10.3.1/../../../../arm-none-eabi/lib/thumb/v7-m/nofp/crt0.o (exit)
c:/st/stm32cubeide_1.4.0/stm32cubeide/plugins/com.st.stm32cube.ide.mcu.externaltools.gnu-tools-for-stm32.10.3-2021.10.win32_1.0.100.202210260954/tools/bin/../lib/gcc/arm-none-eabi/10.3.1/../../../../arm-none-eabi/lib/thumb/v7-m/nofp\libc_nano.a(lib_a-impure.o)
                              c:/st/stm32cubeide_1.4.0/stm32cubeide/plugins/com.st.stm32cube.ide.mcu.externaltools.gnu-tools-for-stm32.10.3-2021.10.win32_1.0.100.202210260954/tools/bin/../lib/gcc/arm-none-eabi/10.3.1/../../../../arm-none-eabi/lib/thumb/v7-m/nofp\libc_nano.a(lib_a-exit.o) (_global_impure_ptr)
c:/st/stm32cubeide_1.4.0/stm32cubeide/plugins/com.st.stm32cube.ide.mcu.externaltools.gnu-tools-for-stm32.10.3-2021.10.win32_1.0.100.202210260954/tools/bin/../lib/gcc/arm-none-eabi/10.3.1/../../../../arm-none-eabi/lib/thumb/v7-m/nofp\libc_nano.a(lib_a-init.o)
                              c:/st/stm32cubeide_1.4.0/stm32cubeide/plugins/com.st.stm32cube.ide.mcu.externaltools.gnu-tools-for-stm32.10.3-2021.10.win32_1.0.100.202210260954/tools/bin/../lib/gcc/arm-none-eabi/10.3.1/../../../../arm-none-eabi/lib/thumb/v7-m/nofp/crt0.o (__libc_init_array)
c:/st/stm32cubeide_1.4.0/stm32cubeide/plugins/com.st.stm32cube.ide.mcu.externaltools.gnu-tools-for-stm32.10.3-2021.10.win32_1.0.100.202210260954/tools/bin/../lib/gcc/arm-none-eabi/10.3.1/../../../../arm-none-eabi/lib/thumb/v7-m/nofp\libc_nano.a(lib_a-memset.o)
                              c:/st/stm32cubeide_1.4.0/stm32cubeide/plugins/com.st.stm32cube.ide.mcu.externaltools.gnu-tools-for-stm32.10.3-2021.10.win32_1.0.100.202210260954/tools/bin/../lib/gcc/arm-none-eabi/10.3.1/../../../../arm-none-eabi/lib/thumb/v7-m/nofp/crt0.o (memset)

Discarded input sections

 .text          0x0000000000000000        0x0 c:/st/stm32cubeide_1.4.0/stm32cubeide/plugins/com.st.stm32cube.ide.mcu.externaltools.gnu-tools-for-stm32.10.3-2021.10.win32_1.0.100.202210260954/tools/bin/../lib/gcc/arm-none-eabi/10.3.1/thumb/v7-m/nofp/crti.o
 .data          0x0000000000000000        0x0 c:/st/stm32cubeide_1.4.0/stm32cubeide/plugins/com.st.stm32cube.ide.mcu.externaltools.gnu-tools-for-stm32.10.3-2021.10.win32_1.0.100.202210260954/tools/bin/../lib/gcc/arm-none-eabi/10.3.1/thumb/v7-m/nofp/crti.o
 .bss           0x0000000000000000        0x0 c:/st/stm32cubeide_1.4.0/stm32cubeide/plugins/com.st.stm32cube.ide.mcu.externaltools.gnu-tools-for-stm32.10.3-2021.10.win32_1.0.100.202210260954/tools/bin/../lib/gcc/arm-none-eabi/10.3.1/thumb/v7-m/nofp/crti.o
 .data          0x0000000000000000        0x4 c:/st/stm32cubeide_1.4.0/stm32cubeide/plugins/com.st.stm32cube.ide.mcu.externaltools.gnu-tools-for-stm32.10.3-2021.10.win32_1.0.100.202210260954/tools/bin/../lib/gcc/arm-none-eabi/10.3.1/thumb/v7-m/nofp/crtbegin.o
 .rodata        0x0000000000000000       0x24 c:/st/stm32cubeide_1.4.0/stm32cubeide/plugins/com.st.stm32cube.ide.mcu.externaltools.gnu-tools-for-stm32.10.3-2021.10.win32_1.0.100.202210260954/tools/bin/../lib/gcc/arm-none-eabi/10.3.1/thumb/v7-m/nofp/crtbegin.o
 .text          0x0000000000000000       0x7c c:/st/stm32cubeide_1.4.0/stm32cubeide/plugins/com.st.stm32cube.ide.mcu.externaltools.gnu-tools-for-stm32.10.3-2021.10.win32_1.0.100.202210260954/tools/bin/../lib/gcc/arm-none-eabi/10.3.1/../../../../arm-none-eabi/lib/thumb/v7-m/nofp/crt0.o
 .data          0x0000000000000000        0x0 c:/st/stm32cubeide_1.4.0/stm32cubeide/plugins/com.st.stm32cube.ide.mcu.externaltools.gnu-tools-for-stm32.10.3-2021.10.win32_1.0.100.202210260954/tools/bin/../lib/gcc/arm-none-eabi/10.3.1/../../../../arm-none-eabi/lib/thumb/v7-m/nofp/crt0.o
 .bss           0x0000000000000000        0x0 c:/st/stm32cubeide_1.4.0/stm32cubeide/plugins/com.st.stm32cube.ide.mcu.externaltools.gnu-tools-for-stm32.10.3-2021.10.win32_1.0.100.202210260954/tools/bin/../lib/gcc/arm-none-eabi/10.3.1/../../../../arm-none-eabi/lib/thumb/v7-m/nofp/crt0.o
[...]
Memory Configuration

Name             Origin             Length             Attributes
RAM              0x0000000020000000 0x0000000000002800 xrw
ROM              0x0000000008000000 0x0000000000008000 xr
*default*        0x0000000000000000 0xffffffffffffffff

Linker script and memory map

LOAD c:/st/stm32cubeide_1.4.0/stm32cubeide/plugins/com.st.stm32cube.ide.mcu.externaltools.gnu-tools-for-stm32.10.3-2021.10.win32_1.0.100.202210260954/tools/bin/../lib/gcc/arm-none-eabi/10.3.1/thumb/v7-m/nofp/crti.o
LOAD c:/st/stm32cubeide_1.4.0/stm32cubeide/plugins/com.st.stm32cube.ide.mcu.externaltools.gnu-tools-for-stm32.10.3-2021.10.win32_1.0.100.202210260954/tools/bin/../lib/gcc/arm-none-eabi/10.3.1/thumb/v7-m/nofp/crtbegin.o
LOAD c:/st/stm32cubeide_1.4.0/stm32cubeide/plugins/com.st.stm32cube.ide.mcu.externaltools.gnu-tools-for-stm32.10.3-2021.10.win32_1.0.100.202210260954/tools/bin/../lib/gcc/arm-none-eabi/10.3.1/../../../../arm-none-eabi/lib/thumb/v7-m/nofp/crt0.o
LOAD ./Src/main.o
LOAD ./Src/syscalls.o
LOAD ./Src/sysmem.o
LOAD ./Startup/startup_stm32f103c6tx.o
LOAD ./Stm32_F103C6_Drivers/HAL/KeyPad_Driver/KeyPad.o
LOAD ./Stm32_F103C6_Drivers/HAL/LCD_Driver/LCD.o
LOAD ./Stm32_F103C6_Drivers/MCAL/EXTI_Driver/Stm32_F103C6_EXTI_Driver.o
LOAD ./Stm32_F103C6_Drivers/MCAL/GPIO_Driver/Stm32_F103C6_GPIO_Driver.o
LOAD ./Stm32_F103C6_Drivers/MCAL/RCC_Driver/Stm32_F103C6_RCC_Driver.o
LOAD ./Stm32_F103C6_Drivers/MCAL/SPI_Driver/Stm32_F103C6_SPI_Driver.o
LOAD ./Stm32_F103C6_Drivers/MCAL/UART_Driver/Stm32_F103C6_UART_Driver.o
START GROUP
LOAD c:/st/stm32cubeide_1.4.0/stm32cubeide/plugins/com.st.stm32cube.ide.mcu.externaltools.gnu-tools-for-stm32.10.3-2021.10.win32_1.0.100.202210260954/tools/bin/../lib/gcc/arm-none-eabi/10.3.1/../../../../arm-none-eabi/lib/thumb/v7-m/nofp\libc_nano.a
LOAD c:/st/stm32cubeide_1.4.0/stm32cubeide/plugins/com.st.stm32cube.ide.mcu.externaltools.gnu-tools-for-stm32.10.3-2021.10.win32_1.0.100.202210260954/tools/bin/../lib/gcc/arm-none-eabi/10.3.1/../../../../arm-none-eabi/lib/thumb/v7-m/nofp\libm.a
END GROUP
START GROUP
LOAD c:/st/stm32cubeide_1.4.0/stm32cubeide/plugins/com.st.stm32cube.ide.mcu.externaltools.gnu-tools-for-stm32.10.3-2021.10.win32_1.0.100.202210260954/tools/bin/../lib/gcc/arm-none-eabi/10.3.1/thumb/v7-m/nofp\libgcc.a
LOAD c:/st/stm32cubeide_1.4.0/stm32cubeide/plugins/com.st.stm32cube.ide.mcu.externaltools.gnu-tools-for-stm32.10.3-2021.10.win32_1.0.100.202210260954/tools/bin/../lib/gcc/arm-none-eabi/10.3.1/../../../../arm-none-eabi/lib/thumb/v7-m/nofp\libg_nano.a
LOAD c:/st/stm32cubeide_1.4.0/stm32cubeide/plugins/com.st.stm32cube.ide.mcu.externaltools.gnu-tools-for-stm32.10.3-2021.10.win32_1.0.100.202210260954/tools/bin/../lib/gcc/arm-none-eabi/10.3.1/../../../../arm-none-eabi/lib/thumb/v7-m/nofp\libc_nano.a
END GROUP
START GROUP
LOAD c:/st/stm32cubeide_1.4.0/stm32cubeide/plugins/com.st.stm32cube.ide.mcu.externaltools.gnu-tools-for-stm32.10.3-2021.10.win32_1.0.100.202210260954/tools/bin/../lib/gcc/arm-none-eabi/10.3.1/thumb/v7-m/nofp\libgcc.a
LOAD c:/st/stm32cubeide_1.4.0/stm32cubeide/plugins/com.st.stm32cube.ide.mcu.externaltools.gnu-tools-for-stm32.10.3-2021.10.win32_1.0.100.202210260954/tools/bin/../lib/gcc/arm-none-eabi/10.3.1/../../../../arm-none-eabi/lib/thumb/v7-m/nofp\libc_nano.a
LOAD c:/st/stm32cubeide_1.4.0/stm32cubeide/plugins/com.st.stm32cube.ide.mcu.externaltools.gnu-tools-for-stm32.10.3-2021.10.win32_1.0.100.202210260954/tools/bin/../lib/gcc/arm-none-eabi/10.3.1/../../../../arm-none-eabi/lib/thumb/v7-m/nofp\libnosys.a
END GROUP
START GROUP
LOAD c:/st/stm32cubeide_1.4.0/stm32cubeide/plugins/com.st.stm32cube.ide.mcu.externaltools.gnu-tools-for-stm32.10.3-2021.10.win32_1.0.100.202210260954/tools/bin/../lib/gcc/arm-none-eabi/10.3.1/thumb/v7-m/nofp\libgcc.a
LOAD c:/st/stm32cubeide_1.4.0/stm32cubeide/plugins/com.st.stm32cube.ide.mcu.externaltools.gnu-tools-for-stm32.10.3-2021.10.win32_1.0.100.202210260954/tools/bin/../lib/gcc/arm-none-eabi/10.3.1/../../../../arm-none-eabi/lib/thumb/v7-m/nofp\libc_nano.a
LOAD c:/st/stm32cubeide_1.4.0/stm32cubeide/plugins/com.st.stm32cube.ide.mcu.externaltools.gnu-tools-for-stm32.10.3-2021.10.win32_1.0.100.202210260954/tools/bin/../lib/gcc/arm-none-eabi/10.3.1/../../../../arm-none-eabi/lib/thumb/v7-m/nofp\libnosys.a
END GROUP
LOAD c:/st/stm32cubeide_1.4.0/stm32cubeide/plugins/com.st.stm32cube.ide.mcu.externaltools.gnu-tools-for-stm32.10.3-2021.10.win32_1.0.100.202210260954/tools/bin/../lib/gcc/arm-none-eabi/10.3.1/thumb/v7-m/nofp/crtend.o
LOAD c:/st/stm32cubeide_1.4.0/stm32cubeide/plugins/com.st.stm32cube.ide.mcu.externaltools.gnu-tools-for-stm32.10.3-2021.10.win32_1.0.100.202210260954/tools/bin/../lib/gcc/arm-none-eabi/10.3.1/thumb/v7-m/nofp/crtn.o
                0x0000000020002800                _estack = (ORIGIN (RAM) + LENGTH (RAM))
                0x0000000000000200                _Min_Heap_Size = 0x200
                0x0000000000000400                _Min_Stack_Size = 0x400

.isr_vector     0x0000000008000000      0x130
                0x0000000008000000                . = ALIGN (0x4)
 *(.isr_vector)
 .isr_vector    0x0000000008000000      0x130 ./Startup/startup_stm32f103c6tx.o
                0x0000000008000000                g_pfnVectors
                0x0000000008000130                . = ALIGN (0x4)

.text           0x0000000008000130      0xeb0
                0x0000000008000130                . = ALIGN (0x4)
 *(.text)
 .text          0x0000000008000130       0x40 c:/st/stm32cubeide_1.4.0/stm32cubeide/plugins/com.st.stm32cube.ide.mcu.externaltools.gnu-tools-for-stm32.10.3-2021.10.win32_1.0.100.202210260954/tools/bin/../lib/gcc/arm-none-eabi/10.3.1/thumb/v7-m/nofp/crtbegin.o
 *(.text*)
 .text.clock_init
                0x0000000008000170       0x34 ./Src/main.o
                0x0000000008000170                clock_init
 .text.Mahmoud_SPI1_IRQ_Callback
                0x00000000080001a4       0x44 ./Src/main.o
                0x00000000080001a4                Mahmoud_SPI1_IRQ_Callback
 .text.Mahmoud_UART_IRQ_CallBack
                0x00000000080001e8        0xc ./Src/main.o
                0x00000000080001e8                Mahmoud_UART_IRQ_CallBack
 .text.main     0x00000000080001f4       0x94 ./Src/main.o
                0x00000000080001f4                main
 .text.Reset_Handler
                0x0000000008000288       0x50 ./Startup/startup_stm32f103c6tx.o
                0x0000000008000288                Reset_Handler
 .text.Default_Handler
                0x00000000080002d8        0x2 ./Startup/startup_stm32f103c6tx.o
                0x00000000080002d8                TIM8_TRG_COM_IRQHandler
                0x00000000080002d8                TIM8_CC_IRQHandler
                0x00000000080002d8                DebugMon_Handler
                0x00000000080002d8                TIM1_CC_IRQHandler
                0x00000000080002d8                HardFault_Handler
                0x00000000080002d8                TIM6_IRQHandler
                0x00000000080002d8                SysTick_Handler
                0x00000000080002d8                PVD_IRQHandler
                0x00000000080002d8                SDIO_IRQHandler
                0x00000000080002d8                PendSV_Handler
                0x00000000080002d8                NMI_Handler
                0x00000000080002d8                USB_HP_CAN_TX_IRQHandler
                0x00000000080002d8                I2C2_EV_IRQHandler
                0x00000000080002d8                UsageFault_Handler
                0x00000000080002d8                ADC1_2_IRQHandler
                0x00000000080002d8                CAN_SCE_IRQHandler
                0x00000000080002d8                TAMPER_IRQHandler
                0x00000000080002d8                TIM8_UP_IRQHandler
                0x00000000080002d8                DMA2_Channel2_IRQHandler
                0x00000000080002d8                DMA1_Channel4_IRQHandler
                0x00000000080002d8                RTC_IRQHandler
                0x00000000080002d8                DMA1_Channel7_IRQHandler
                0x00000000080002d8                UART5_IRQHandler
                0x00000000080002d8                ADC3_IRQHandler
                0x00000000080002d8                TIM4_IRQHandler
                0x00000000080002d8                CAN_RX1_IRQHandler
                0x00000000080002d8                DMA2_Channel1_IRQHandler
                0x00000000080002d8                I2C1_EV_IRQHandler
                0x00000000080002d8                DMA1_Channel6_IRQHandler
                0x00000000080002d8                UART4_IRQHandler
                0x00000000080002d8                TIM3_IRQHandler
                0x00000000080002d8                RCC_IRQHandler
                0x00000000080002d8                TIM1_TRG_COM_IRQHandler
                0x00000000080002d8                DMA1_Channel1_IRQHandler
                0x00000000080002d8                Default_Handler
                0x00000000080002d8                TIM7_IRQHandler
                0x00000000080002d8                TIM5_IRQHandler
                0x00000000080002d8                USB_LP_CAN_RX0_IRQHandler
                0x00000000080002d8                MemManage_Handler
                0x00000000080002d8                SVC_Handler
                0x00000000080002d8                DMA1_Channel5_IRQHandler
                0x00000000080002d8                DMA1_Channel3_IRQHandler
                0x00000000080002d8                FSMC_IRQHandler
                0x00000000080002d8                TIM1_UP_IRQHandler
                0x00000000080002d8                WWDG_IRQHandler
                0x00000000080002d8                TIM2_IRQHandler
                0x00000000080002d8                TIM1_BRK_IRQHandler
                0x00000000080002d8                RTCAlarm_IRQHandler
                0x00000000080002d8                DMA2_Channel4_5_IRQHandler
                0x00000000080002d8                I2C2_ER_IRQHandler
                0x00000000080002d8                DMA1_Channel2_IRQHandler
                0x00000000080002d8                TIM8_BRK_IRQHandler
                0x00000000080002d8                FLASH_IRQHandler
                0x00000000080002d8                BusFault_Handler
                0x00000000080002d8                SPI3_IRQHandler
                0x00000000080002d8                I2C1_ER_IRQHandler
                0x00000000080002d8                DMA2_Channel3_IRQHandler
 *fill*         0x00000000080002da        0x2 
 .text.EXTI0_IRQHandler
                0x00000000080002dc       0x24 ./Stm32_F103C6_Drivers/MCAL/EXTI_Driver/Stm32_F103C6_EXTI_Driver.o
                0x00000000080002dc                EXTI0_IRQHandler
 .text.EXTI1_IRQHandler
                0x0000000008000300       0x24 ./Stm32_F103C6_Drivers/MCAL/EXTI_Driver/Stm32_F103C6_EXTI_Driver.o
                0x0000000008000300                EXTI1_IRQHandler
 .text.EXTI2_IRQHandler
                0x0000000008000324       0x24 ./Stm32_F103C6_Drivers/MCAL/EXTI_Driver/Stm32_F103C6_EXTI_Driver.o
                0x0000000008000324                EXTI2_IRQHandler
 .text.EXTI3_IRQHandler
                0x0000000008000348       0x24 ./Stm32_F103C6_Drivers/MCAL/EXTI_Driver/Stm32_F103C6_EXTI_Driver.o
                0x0000000008000348                EXTI3_IRQHandler
 .text.EXTI4_IRQHandler
                0x000000000800036c       0x24 ./Stm32_F103C6_Drivers/MCAL/EXTI_Driver/Stm32_F103C6_EXTI_Driver.o
                0x000000000800036c                EXTI4_IRQHandler
 .text.EXTI9_5_IRQHandler
                0x0000000008000390       0xa8 ./Stm32_F103C6_Drivers/MCAL/EXTI_Driver/Stm32_F103C6_EXTI_Driver.o
                0x0000000008000390                EXTI9_5_IRQHandler
 .text.EXTI15_10_IRQHandler
                0x0000000008000438       0xc4 ./Stm32_F103C6_Drivers/MCAL/EXTI_Driver/Stm32_F103C6_EXTI_Driver.o
                0x0000000008000438                EXTI15_10_IRQHandler
 .text.Get_CRLH_Position
                0x00000000080004fc      0x198 ./Stm32_F103C6_Drivers/MCAL/GPIO_Driver/Stm32_F103C6_GPIO_Driver.o
                0x00000000080004fc                Get_CRLH_Position
 .text.MCAL_GPIO_Init
                0x0000000008000694       0xfe ./Stm32_F103C6_Drivers/MCAL/GPIO_Driver/Stm32_F103C6_GPIO_Driver.o
                0x0000000008000694                MCAL_GPIO_Init
 *fill*         0x0000000008000792        0x2 
 .text.MCAL_RCC_GetSYS_CLKFreq
                0x0000000008000794       0x44 ./Stm32_F103C6_Drivers/MCAL/RCC_Driver/Stm32_F103C6_RCC_Driver.o
                0x0000000008000794                MCAL_RCC_GetSYS_CLKFreq
 .text.MCAL_RCC_GetHCLKFreq
                0x00000000080007d8       0x28 ./Stm32_F103C6_Drivers/MCAL/RCC_Driver/Stm32_F103C6_RCC_Driver.o
                0x00000000080007d8                MCAL_RCC_GetHCLKFreq
 .text.MCAL_RCC_GetPCLK1Freq
                0x0000000008000800       0x28 ./Stm32_F103C6_Drivers/MCAL/RCC_Driver/Stm32_F103C6_RCC_Driver.o
                0x0000000008000800                MCAL_RCC_GetPCLK1Freq
 .text.MCAL_RCC_GetPCLK2Freq
                0x0000000008000828       0x28 ./Stm32_F103C6_Drivers/MCAL/RCC_Driver/Stm32_F103C6_RCC_Driver.o
                0x0000000008000828                MCAL_RCC_GetPCLK2Freq
 .text.MCAL_SPI_Init
                0x0000000008000850      0x134 ./Stm32_F103C6_Drivers/MCAL/SPI_Driver/Stm32_F103C6_SPI_Driver.o
                0x0000000008000850                MCAL_SPI_Init
 .text.MCAL_SPI_GPIO_Set_Pins
                0x0000000008000984      0x22c ./Stm32_F103C6_Drivers/MCAL/SPI_Driver/Stm32_F103C6_SPI_Driver.o
                0x0000000008000984                MCAL_SPI_GPIO_Set_Pins
 .text.MCAL_SPI_TX_RX
                0x0000000008000bb0       0x54 ./Stm32_F103C6_Drivers/MCAL/SPI_Driver/Stm32_F103C6_SPI_Driver.o
                0x0000000008000bb0                MCAL_SPI_TX_RX
 .text.SPI1_IRQHandler
                0x0000000008000c04       0x5c ./Stm32_F103C6_Drivers/MCAL/SPI_Driver/Stm32_F103C6_SPI_Driver.o
                0x0000000008000c04                SPI1_IRQHandler
 .text.SPI2_IRQHandler
                0x0000000008000c60       0x5c ./Stm32_F103C6_Drivers/MCAL/SPI_Driver/Stm32_F103C6_SPI_Driver.o
                0x0000000008000c60                SPI2_IRQHandler
 .text.MCAL_UART_Init
                0x0000000008000cbc      0x184 ./Stm32_F103C6_Drivers/MCAL/UART_Driver/Stm32_F103C6_UART_Driver.o
                0x0000000008000cbc                MCAL_UART_Init
 .text.MCAL_UART_SendData
                0x0000000008000e40       0x36 ./Stm32_F103C6_Drivers/MCAL/UART_Driver/Stm32_F103C6_UART_Driver.o
                0x0000000008000e40                MCAL_UART_SendData
 *fill*         0x0000000008000e76        0x2 
 .text.MCAL_UART_GPIO_SetPins
                0x0000000008000e78       0xcc ./Stm32_F103C6_Drivers/MCAL/UART_Driver/Stm32_F103C6_UART_Driver.o
                0x0000000008000e78                MCAL_UART_GPIO_SetPins
 .text.USART1_IRQHandler
                0x0000000008000f44       0x14 ./Stm32_F103C6_Drivers/MCAL/UART_Driver/Stm32_F103C6_UART_Driver.o
                0x0000000008000f44                USART1_IRQHandler
 .text.USART2_IRQHandler
                0x0000000008000f58       0x14 ./Stm32_F103C6_Drivers/MCAL/UART_Driver/Stm32_F103C6_UART_Driver.o
                0x0000000008000f58                USART2_IRQHandler
 .text.USART3_IRQHandler
                0x0000000008000f6c       0x14 ./Stm32_F103C6_Drivers/MCAL/UART_Driver/Stm32_F103C6_UART_Driver.o
                0x0000000008000f6c                USART3_IRQHandler
 .text.__libc_init_array
                0x0000000008000f80       0x48 c:/st/stm32cubeide_1.4.0/stm32cubeide/plugins/com.st.stm32cube.ide.mcu.externaltools.gnu-tools-for-stm32.10.3-2021.10.win32_1.0.100.202210260954/tools/bin/../lib/gcc/arm-none-eabi/10.3.1/../../../../arm-none-eabi/lib/thumb/v7-m/nofp\libc_nano.a(lib_a-init.o)
                0x0000000008000f80                __libc_init_array
 *(.glue_7)
 .glue_7        0x0000000008000fc8        0x0 linker stubs
 *(.glue_7t)
 .glue_7t       0x0000000008000fc8        0x0 linker stubs
 *(.eh_frame)
 .eh_frame      0x0000000008000fc8        0x0 c:/st/stm32cubeide_1.4.0/stm32cubeide/plugins/com.st.stm32cube.ide.mcu.externaltools.gnu-tools-for-stm32.10.3-2021.10.win32_1.0.100.202210260954/tools/bin/../lib/gcc/arm-none-eabi/10.3.1/thumb/v7-m/nofp/crtbegin.o
 *(.init)
 .init          0x0000000008000fc8        0x4 c:/st/stm32cubeide_1.4.0/stm32cubeide/plugins/com.st.stm32cube.ide.mcu.externaltools.gnu-tools-for-stm32.10.3-2021.10.win32_1.0.100.202210260954/tools/bin/../lib/gcc/arm-none-eabi/10.3.1/thumb/v7-m/nofp/crti.o
                0x0000000008000fc8                _init
 .init          0x0000000008000fcc        0x8 c:/st/stm32cubeide_1.4.0/stm32cubeide/plugins/com.st.stm32cube.ide.mcu.externaltools.gnu-tools-for-stm32.10.3-2021.10.win32_1.0.100.202210260954/tools/bin/../lib/gcc/arm-none-eabi/10.3.1/thumb/v7-m/nofp/crtn.o
 *(.fini)
 .fini          0x0000000008000fd4        0x4 c:/st/stm32cubeide_1.4.0/stm32cubeide/plugins/com.st.stm32cube.ide.mcu.externaltools.gnu-tools-for-stm32.10.3-2021.10.win32_1.0.100.202210260954/tools/bin/../lib/gcc/arm-none-eabi/10.3.1/thumb/v7-m/nofp/crti.o
                0x0000000008000fd4                _fini
 .fini          0x0000000008000fd8        0x8 c:/st/stm32cubeide_1.4.0/stm32cubeide/plugins/com.st.stm32cube.ide.mcu.externaltools.gnu-tools-for-stm32.10.3-2021.10.win32_1.0.100.202210260954/tools/bin/../lib/gcc/arm-none-eabi/10.3.1/thumb/v7-m/nofp/crtn.o
                0x0000000008000fe0                . = ALIGN (0x4)
                0x0000000008000fe0                _etext = .

.vfp11_veneer   0x0000000008000fe0        0x0
 .vfp11_veneer  0x0000000008000fe0        0x0 linker stubs

.v4_bx          0x0000000008000fe0        0x0
 .v4_bx         0x0000000008000fe0        0x0 linker stubs

.iplt           0x0000000008000fe0        0x0
 .iplt          0x0000000008000fe0        0x0 c:/st/stm32cubeide_1.4.0/stm32cubeide/plugins/com.st.stm32cube.ide.mcu.externaltools.gnu-tools-for-stm32.10.3-2021.10.win32_1.0.100.202210260954/tools/bin/../lib/gcc/arm-none-eabi/10.3.1/thumb/v7-m/nofp/crtbegin.o

.rodata         0x0000000008000fe0       0x18
                0x0000000008000fe0                . = ALIGN (0x4)
 *(.rodata)
 *(.rodata*)
 .rodata.APBPrescTable
                0x0000000008000fe0        0x8 ./Stm32_F103C6_Drivers/MCAL/RCC_Driver/Stm32_F103C6_RCC_Driver.o
                0x0000000008000fe0                APBPrescTable
 .rodata.AHBPrescTable
                0x0000000008000fe8       0x10 ./Stm32_F103C6_Drivers/MCAL/RCC_Driver/Stm32_F103C6_RCC_Driver.o
                0x0000000008000fe8                AHBPrescTable
                0x0000000008000ff8                . = ALIGN (0x4)

.rel.dyn        0x0000000008000ff8        0x0
 .rel.iplt      0x0000000008000ff8        0x0 c:/st/stm32cubeide_1.4.0/stm32cubeide/plugins/com.st.stm32cube.ide.mcu.externaltools.gnu-tools-for-stm32.10.3-2021.10.win32_1.0.100.202210260954/tools/bin/../lib/gcc/arm-none-eabi/10.3.1/thumb/v7-m/nofp/crtbegin.o

.ARM.extab      0x0000000008000ff8        0x0
                0x0000000008000ff8                . = ALIGN (0x4)
 *(.ARM.extab* .gnu.linkonce.armextab.*)
                0x0000000008000ff8                . = ALIGN (0x4)

.ARM            0x0000000008000ff8        0x0
                0x0000000008000ff8                . = ALIGN (0x4)
                0x0000000008000ff8                __exidx_start = .
 *(.ARM.exidx*)
                0x0000000008000ff8                __exidx_end = .
                0x0000000008000ff8                . = ALIGN (0x4)

.preinit_array  0x0000000008000ff8        0x0
                0x0000000008000ff8                . = ALIGN (0x4)
                0x0000000008000ff8                PROVIDE (__preinit_array_start = .)
 *(.preinit_array*)
                0x0000000008000ff8                PROVIDE (__preinit_array_end = .)
                0x0000000008000ff8                . = ALIGN (0x4)

.init_array     0x0000000008000ff8        0x4
                0x0000000008000ff8                . = ALIGN (0x4)
                0x0000000008000ff8                PROVIDE (__init_array_start = .)
 *(SORT_BY_NAME(.init_array.*))
 *(.init_array*)
 .init_array    0x0000000008000ff8        0x4 c:/st/stm32cubeide_1.4.0/stm32cubeide/plugins/com.st.stm32cube.ide.mcu.externaltools.gnu-tools-for-stm32.10.3-2021.10.win32_1.0.100.202210260954/tools/bin/../lib/gcc/arm-none-eabi/10.3.1/thumb/v7-m/nofp/crtbegin.o
                0x0000000008000ffc                PROVIDE (__init_array_end = .)
                0x0000000008000ffc                . = ALIGN (0x4)

.fini_array     0x0000000008000ffc        0x4
                0x0000000008000ffc                . = ALIGN (0x4)
                [!provide]                        PROVIDE (__fini_array_start = .)
 *(SORT_BY_NAME(.fini_array.*))
 *(.fini_array*)
 .fini_array    0x0000000008000ffc        0x4 c:/st/stm32cubeide_1.4.0/stm32cubeide/plugins/com.st.stm32cube.ide.mcu.externaltools.gnu-tools-for-stm32.10.3-2021.10.win32_1.0.100.202210260954/tools/bin/../lib/gcc/arm-none-eabi/10.3.1/thumb/v7-m/nofp/crtbegin.o
                [!provide]                        PROVIDE (__fini_array_end = .)
                0x0000000008001000                . = ALIGN (0x4)
                0x0000000008001000                _sidata = LOADADDR (.data)

.data           0x0000000020000000        0x0 load address 0x0000000008001000
                0x0000000020000000                . = ALIGN (0x4)
                0x0000000020000000                _sdata = .
 *(.data)
 *(.data*)
                0x0000000020000000                . = ALIGN (0x4)
                0x0000000020000000                _edata = .

.igot.plt       0x0000000020000000        0x0 load address 0x0000000008001000
 .igot.plt      0x0000000020000000        0x0 c:/st/stm32cubeide_1.4.0/stm32cubeide/plugins/com.st.stm32cube.ide.mcu.externaltools.gnu-tools-for-stm32.10.3-2021.10.win32_1.0.100.202210260954/tools/bin/../lib/gcc/arm-none-eabi/10.3.1/thumb/v7-m/nofp/crtbegin.o
                0x0000000020000000                . = ALIGN (0x4)

.bss            0x0000000020000000       0x68 load address 0x0000000008001000
                0x0000000020000000                _sbss = .
                0x0000000020000000                __bss_start__ = _sbss
 *(.bss)
 .bss           0x0000000020000000       0x1c c:/st/stm32cubeide_1.4.0/stm32cubeide/plugins/com.st.stm32cube.ide.mcu.externaltools.gnu-tools-for-stm32.10.3-2021.10.win32_1.0.100.202210260954/tools/bin/../lib/gcc/arm-none-eabi/10.3.1/thumb/v7-m/nofp/crtbegin.o
 *(.bss*)
 .bss.data      0x000000002000001c        0x1 ./Src/main.o
                0x000000002000001c                data
 *fill*         0x000000002000001d        0x3 
 .bss.GP_IRQ_CallBack
                0x0000000020000020       0x3c ./Stm32_F103C6_Drivers/MCAL/EXTI_Driver/Stm32_F103C6_EXTI_Driver.o
                0x0000000020000020                GP_IRQ_CallBack
 .bss.G_SPI_Config
                0x000000002000005c        0x8 ./Stm32_F103C6_Drivers/MCAL/SPI_Driver/Stm32_F103C6_SPI_Driver.o
                0x000000002000005c                G_SPI_Config
 .bss.Global_UART_Config
                0x0000000020000064        0x4 ./Stm32_F103C6_Drivers/MCAL/UART_Driver/Stm32_F103C6_UART_Driver.o
                0x0000000020000064                Global_UART_Config
 *(COMMON)
                0x0000000020000068                . = ALIGN (0x4)
                0x0000000020000068                _ebss = .
                0x0000000020000068                __bss_end__ = _ebss

._user_heap_stack
                0x0000000020000068      0x600 load address 0x0000000008001000
                0x0000000020000068                . = ALIGN (0x8)
                [!provide]                        PROVIDE (end = .)
                0x0000000020000068                PROVIDE (_end = .)
                0x0000000020000268                . = (. + _Min_Heap_Size)
 *fill*         0x0000000020000068      0x200 
                0x0000000020000668                . = (. + _Min_Stack_Size)
 *fill*         0x0000000020000268      0x400 
                0x0000000020000668                . = ALIGN (0x8)

/DISCARD/
 libc.a(*)
 libm.a(*)
 libgcc.a(*)

.ARM.attributes
                0x0000000000000000       0x29
 *(.ARM.attributes)
 .ARM.attributes
                0x0000000000000000       0x1d c:/st/stm32cubeide_1.4.0/stm32cubeide/plugins/com.st.stm32cube.ide.mcu.externaltools.gnu-tools-for-stm32.10.3-2021.10.win32_1.0.100.202210260954/tools/bin/../lib/gcc/arm-none-eabi/10.3.1/thumb/v7-m/nofp/crti.o
 .ARM.attributes
                0x000000000000001d       0x2d c:/st/stm32cubeide_1.4.0/stm32cubeide/plugins/com.st.stm32cube.ide.mcu.externaltools.gnu-tools-for-stm32.10.3-2021.10.win32_1.0.100.202210260954/tools/bin/../lib/gcc/arm-none-eabi/10.3.1/thumb/v7-m/nofp/crtbegin.o
 .ARM.attributes
                0x000000000000004a       0x2d ./Src/main.o
 .ARM.attributes
                0x0000000000000077       0x21 ./Startup/startup_stm32f103c6tx.o
 .ARM.attributes
                0x0000000000000098       0x2d ./Stm32_F103C6_Drivers/MCAL/EXTI_Driver/Stm32_F103C6_EXTI_Driver.o
 .ARM.attributes
                0x00000000000000c5       0x2d ./Stm32_F103C6_Drivers/MCAL/GPIO_Driver/Stm32_F103C6_GPIO_Driver.o
 .ARM.attributes
                0x00000000000000f2       0x2d ./Stm32_F103C6_Drivers/MCAL/RCC_Driver/Stm32_F103C6_RCC_Driver.o
 .ARM.attributes
                0x000000000000011f       0x2d ./Stm32_F103C6_Drivers/MCAL/SPI_Driver/Stm32_F103C6_SPI_Driver.o
 .ARM.attributes
                0x000000000000014c       0x2d ./Stm32_F103C6_Drivers/MCAL/UART_Driver/Stm32_F103C6_UART_Driver.o
 .ARM.attributes
                0x0000000000000179       0x2d c:/st/stm32cubeide_1.4.0/stm32cubeide/plugins/com.st.stm32cube.ide.mcu.externaltools.gnu-tools-for-stm32.10.3-2021.10.win32_1.0.100.202210260954/tools/bin/../lib/gcc/arm-none-eabi/10.3.1/../../../../arm-none-eabi/lib/thumb/v7-m/nofp\libc_nano.a(lib_a-init.o)
 .ARM.attributes
                0x00000000000001a6       0x1d c:/st/stm32cubeide_1.4.0/stm32cubeide/plugins/com.st.stm32cube.ide.mcu.externaltools.gnu-tools-for-stm32.10.3-2021.10.win32_1.0.100.202210260954/tools/bin/../lib/gcc/arm-none-eabi/10.3.1/thumb/v7-m/nofp/crtn.o
OUTPUT(Drivers.elf elf32-littlearm)
LOAD linker stubs
LOAD c:/st/stm32cubeide_1.4.0/stm32cubeide/plugins/com.st.stm32cube.ide.mcu.externaltools.gnu-tools-for-stm32.10.3-2021.10.win32_1.0.100.202210260954/tools/bin/../lib/gcc/arm-none-eabi/10.3.1/../../../../arm-none-eabi/lib/thumb/v7-m/nofp\libc.a
LOAD c:/st/stm32cubeide_1.4.0/stm32cubeide/plugins/com.st.stm32cube.ide.mcu.externaltools.gnu-tools-for-stm32.10.3-2021.10.win32_1.0.100.202210260954/tools/bin/../lib/gcc/arm-none-eabi/10.3.1/../../../../arm-none-eabi/lib/thumb/v7-m/nofp\libm.a
LOAD c:/st/stm32cubeide_1.4.0/stm32cubeide/plugins/com.st.stm32cube.ide.mcu.externaltools.gnu-tools-for-stm32.10.3-2021.10.win32_1.0.100.202210260954/tools/bin/../lib/gcc/arm-none-eabi/10.3.1/thumb/v7-m/nofp\libgcc.a

.debug_info     0x0000000000000000     0x1dda
 .debug_info    0x0000000000000000      0x5de ./Src/main.o
 .debug_info    0x00000000000005de       0x22 ./Startup/startup_stm32f103c6tx.o
 .debug_info    0x0000000000000600      0x529 ./Stm32_F103C6_Drivers/MCAL/EXTI_Driver/Stm32_F103C6_EXTI_Driver.o
 .debug_info    0x0000000000000b29      0x498 ./Stm32_F103C6_Drivers/MCAL/GPIO_Driver/Stm32_F103C6_GPIO_Driver.o
 .debug_info    0x0000000000000fc1      0x223 ./Stm32_F103C6_Drivers/MCAL/RCC_Driver/Stm32_F103C6_RCC_Driver.o
 .debug_info    0x00000000000011e4      0x65f ./Stm32_F103C6_Drivers/MCAL/SPI_Driver/Stm32_F103C6_SPI_Driver.o
 .debug_info    0x0000000000001843      0x597 ./Stm32_F103C6_Drivers/MCAL/UART_Driver/Stm32_F103C6_UART_Driver.o

.debug_abbrev   0x0000000000000000      0x92c
 .debug_abbrev  0x0000000000000000      0x191 ./Src/main.o
 .debug_abbrev  0x0000000000000191       0x12 ./Startup/startup_stm32f103c6tx.o
 .debug_abbrev  0x00000000000001a3      0x198 ./Stm32_F103C6_Drivers/MCAL/EXTI_Driver/Stm32_F103C6_EXTI_Driver.o
 .debug_abbrev  0x000000000000033b      0x16f ./Stm32_F103C6_Drivers/MCAL/GPIO_Driver/Stm32_F103C6_GPIO_Driver.o
 .debug_abbrev  0x00000000000004aa       0xda ./Stm32_F103C6_Drivers/MCAL/RCC_Driver/Stm32_F103C6_RCC_Driver.o
 .debug_abbrev  0x0000000000000584      0x1f4 ./Stm32_F103C6_Drivers/MCAL/SPI_Driver/Stm32_F103C6_SPI_Driver.o
 .debug_abbrev  0x0000000000000778      0x1b4 ./Stm32_F103C6_Drivers/MCAL/UART_Driver/Stm32_F103C6_UART_Driver.o

.debug_loc      0x0000000000000000      0xd78
 .debug_loc     0x0000000000000000      0x110 ./Src/main.o
 .debug_loc     0x0000000000000110      0x320 ./Stm32_F103C6_Drivers/MCAL/EXTI_Driver/Stm32_F103C6_EXTI_Driver.o
 .debug_loc     0x0000000000000430      0x330 ./Stm32_F103C6_Drivers/MCAL/GPIO_Driver/Stm32_F103C6_GPIO_Driver.o
 .debug_loc     0x0000000000000760       0xc8 ./Stm32_F103C6_Drivers/MCAL/RCC_Driver/Stm32_F103C6_RCC_Driver.o
 .debug_loc     0x0000000000000828      0x2bc ./Stm32_F103C6_Drivers/MCAL/SPI_Driver/Stm32_F103C6_SPI_Driver.o
 .debug_loc     0x0000000000000ae4      0x294 ./Stm32_F103C6_Drivers/MCAL/UART_Driver/Stm32_F103C6_UART_Driver.o

.debug_aranges  0x0000000000000000      0x230
 .debug_aranges
                0x0000000000000000       0x38 ./Src/main.o
 .debug_aranges
                0x0000000000000038       0x28 ./Startup/startup_stm32f103c6tx.o
 .debug_aranges
                0x0000000000000060       0x80 ./Stm32_F103C6_Drivers/MCAL/EXTI_Driver/Stm32_F103C6_EXTI_Driver.o
 .debug_aranges
                0x00000000000000e0       0x60 ./Stm32_F103C6_Drivers/MCAL/GPIO_Driver/Stm32_F103C6_GPIO_Driver.o
 .debug_aranges
                0x0000000000000140       0x38 ./Stm32_F103C6_Drivers/MCAL/RCC_Driver/Stm32_F103C6_RCC_Driver.o
 .debug_aranges
                0x0000000000000178       0x58 ./Stm32_F103C6_Drivers/MCAL/SPI_Driver/Stm32_F103C6_SPI_Driver.o
 .debug_aranges
                0x00000000000001d0       0x60 ./Stm32_F103C6_Drivers/MCAL/UART_Driver/Stm32_F103C6_UART_Driver.o

.debug_ranges   0x0000000000000000      0x1c8
 .debug_ranges  0x0000000000000000       0x28 ./Src/main.o
 .debug_ranges  0x0000000000000028       0x20 ./Startup/startup_stm32f103c6tx.o
 .debug_ranges  0x0000000000000048       0x70 ./Stm32_F103C6_Drivers/MCAL/EXTI_Driver/Stm32_F103C6_EXTI_Driver.o
 .debug_ranges  0x00000000000000b8       0x50 ./Stm32_F103C6_Drivers/MCAL/GPIO_Driver/Stm32_F103C6_GPIO_Driver.o
 .debug_ranges  0x0000000000000108       0x28 ./Stm32_F103C6_Drivers/MCAL/RCC_Driver/Stm32_F103C6_RCC_Driver.o
 .debug_ranges  0x0000000000000130       0x48 ./Stm32_F103C6_Drivers/MCAL/SPI_Driver/Stm32_F103C6_SPI_Driver.o
 .debug_ranges  0x0000000000000178       0x50 ./Stm32_F103C6_Drivers/MCAL/UART_Driver/Stm32_F103C6_UART_Driver.o

.debug_macro    0x0000000000000000     0x2ac4
 .debug_macro   0x0000000000000000      0x176 ./Src/main.o
 .debug_macro   0x0000000000000176      0xa72 ./Src/main.o
 .debug_macro   0x0000000000000be8       0x18 ./Src/main.o
 .debug_macro   0x0000000000000c00       0x22 ./Src/main.o
 .debug_macro   0x0000000000000c22       0x4c ./Src/main.o
 .debug_macro   0x0000000000000c6e       0x94 ./Src/main.o
 .debug_macro   0x0000000000000d02       0x3c ./Src/main.o
 .debug_macro   0x0000000000000d3e       0x34 ./Src/main.o
 .debug_macro   0x0000000000000d72       0x16 ./Src/main.o
 .debug_macro   0x0000000000000d88      0x10e ./Src/main.o
 .debug_macro   0x0000000000000e96       0x8d ./Src/main.o
 .debug_macro   0x0000000000000f23       0x16 ./Src/main.o
 .debug_macro   0x0000000000000f39       0x43 ./Src/main.o
 .debug_macro   0x0000000000000f7c       0x57 ./Src/main.o
 .debug_macro   0x0000000000000fd3       0x34 ./Src/main.o
 .debug_macro   0x0000000000001007       0x10 ./Src/main.o
 .debug_macro   0x0000000000001017       0x58 ./Src/main.o
 .debug_macro   0x000000000000106f       0x71 ./Src/main.o
 .debug_macro   0x00000000000010e0       0x1c ./Src/main.o
 .debug_macro   0x00000000000010fc      0x12a ./Src/main.o
 .debug_macro   0x0000000000001226      0x341 ./Src/main.o
 .debug_macro   0x0000000000001567       0x16 ./Src/main.o
 .debug_macro   0x000000000000157d       0x29 ./Src/main.o
 .debug_macro   0x00000000000015a6      0x103 ./Src/main.o
 .debug_macro   0x00000000000016a9       0x6a ./Src/main.o
 .debug_macro   0x0000000000001713      0x1df ./Src/main.o
 .debug_macro   0x00000000000018f2      0x29a ./Src/main.o
 .debug_macro   0x0000000000001b8c       0xd0 ./Src/main.o
 .debug_macro   0x0000000000001c5c      0x22b ./Src/main.o
 .debug_macro   0x0000000000001e87       0x16 ./Src/main.o
 .debug_macro   0x0000000000001e9d       0xe8 ./Src/main.o
 .debug_macro   0x0000000000001f85       0xc4 ./Src/main.o
 .debug_macro   0x0000000000002049      0x15b ./Stm32_F103C6_Drivers/MCAL/EXTI_Driver/Stm32_F103C6_EXTI_Driver.o
 .debug_macro   0x00000000000021a4      0x225 ./Stm32_F103C6_Drivers/MCAL/EXTI_Driver/Stm32_F103C6_EXTI_Driver.o
 .debug_macro   0x00000000000023c9      0x14c ./Stm32_F103C6_Drivers/MCAL/GPIO_Driver/Stm32_F103C6_GPIO_Driver.o
 .debug_macro   0x0000000000002515       0xca ./Stm32_F103C6_Drivers/MCAL/GPIO_Driver/Stm32_F103C6_GPIO_Driver.o
 .debug_macro   0x00000000000025df      0x14c ./Stm32_F103C6_Drivers/MCAL/RCC_Driver/Stm32_F103C6_RCC_Driver.o
 .debug_macro   0x000000000000272b       0x10 ./Stm32_F103C6_Drivers/MCAL/RCC_Driver/Stm32_F103C6_RCC_Driver.o
 .debug_macro   0x000000000000273b      0x16d ./Stm32_F103C6_Drivers/MCAL/SPI_Driver/Stm32_F103C6_SPI_Driver.o
 .debug_macro   0x00000000000028a8       0xbe ./Stm32_F103C6_Drivers/MCAL/SPI_Driver/Stm32_F103C6_SPI_Driver.o
 .debug_macro   0x0000000000002966      0x15e ./Stm32_F103C6_Drivers/MCAL/UART_Driver/Stm32_F103C6_UART_Driver.o

.debug_line     0x0000000000000000     0x30f7
 .debug_line    0x0000000000000000      0x7ad ./Src/main.o
 .debug_line    0x00000000000007ad       0x84 ./Startup/startup_stm32f103c6tx.o
 .debug_line    0x0000000000000831      0xa14 ./Stm32_F103C6_Drivers/MCAL/EXTI_Driver/Stm32_F103C6_EXTI_Driver.o
 .debug_line    0x0000000000001245      0x7a5 ./Stm32_F103C6_Drivers/MCAL/GPIO_Driver/Stm32_F103C6_GPIO_Driver.o
 .debug_line    0x00000000000019ea      0x5ee ./Stm32_F103C6_Drivers/MCAL/RCC_Driver/Stm32_F103C6_RCC_Driver.o
 .debug_line    0x0000000000001fd8      0x8cd ./Stm32_F103C6_Drivers/MCAL/SPI_Driver/Stm32_F103C6_SPI_Driver.o
 .debug_line    0x00000000000028a5      0x852 ./Stm32_F103C6_Drivers/MCAL/UART_Driver/Stm32_F103C6_UART_Driver.o

.debug_str      0x0000000000000000     0xa484
 .debug_str     0x0000000000000000     0x9d81 ./Src/main.o
                                       0x9fab (size before relaxing)
 .debug_str     0x0000000000009d81       0x31 ./Startup/startup_stm32f103c6tx.o
                                         0x58 (size before relaxing)
 .debug_str     0x0000000000009db2      0x2e0 ./Stm32_F103C6_Drivers/MCAL/EXTI_Driver/Stm32_F103C6_EXTI_Driver.o
                                       0x94d7 (size before relaxing)
 .debug_str     0x000000000000a092      0x118 ./Stm32_F103C6_Drivers/MCAL/GPIO_Driver/Stm32_F103C6_GPIO_Driver.o
                                       0x8126 (size before relaxing)
 .debug_str     0x000000000000a1aa       0xb7 ./Stm32_F103C6_Drivers/MCAL/RCC_Driver/Stm32_F103C6_RCC_Driver.o
                                       0x7c85 (size before relaxing)
 .debug_str     0x000000000000a261      0x147 ./Stm32_F103C6_Drivers/MCAL/SPI_Driver/Stm32_F103C6_SPI_Driver.o
                                       0x8772 (size before relaxing)
 .debug_str     0x000000000000a3a8       0xdc ./Stm32_F103C6_Drivers/MCAL/UART_Driver/Stm32_F103C6_UART_Driver.o
                                       0x880b (size before relaxing)

.comment        0x0000000000000000       0x50
 .comment       0x0000000000000000       0x50 ./Src/main.o
                                         0x51 (size before relaxing)
 .comment       0x0000000000000050       0x51 ./Stm32_F103C6_Drivers/MCAL/EXTI_Driver/Stm32_F103C6_EXTI_Driver.o
 .comment       0x0000000000000050       0x51 ./Stm32_F103C6_Drivers/MCAL/GPIO_Driver/Stm32_F103C6_GPIO_Driver.o
 .comment       0x0000000000000050       0x51 ./Stm32_F103C6_Drivers/MCAL/RCC_Driver/Stm32_F103C6_RCC_Driver.o
 .comment       0x0000000000000050       0x51 ./Stm32_F103C6_Drivers/MCAL/SPI_Driver/Stm32_F103C6_SPI_Driver.o
 .comment       0x0000000000000050       0x51 ./Stm32_F103C6_Drivers/MCAL/UART_Driver/Stm32_F103C6_UART_Driver.o

.debug_frame    0x0000000000000000      0x700
 .debug_frame   0x0000000000000000       0x94 ./Src/main.o
 .debug_frame   0x0000000000000094      0x1b0 ./Stm32_F103C6_Drivers/MCAL/EXTI_Driver/Stm32_F103C6_EXTI_Driver.o
 .debug_frame   0x0000000000000244      0x178 ./Stm32_F103C6_Drivers/MCAL/GPIO_Driver/Stm32_F103C6_GPIO_Driver.o
 .debug_frame   0x00000000000003bc       0x84 ./Stm32_F103C6_Drivers/MCAL/RCC_Driver/Stm32_F103C6_RCC_Driver.o
 .debug_frame   0x0000000000000440      0x148 ./Stm32_F103C6_Drivers/MCAL/SPI_Driver/Stm32_F103C6_SPI_Driver.o
 .debug_frame   0x0000000000000588      0x14c ./Stm32_F103C6_Drivers/MCAL/UART_Driver/Stm32_F103C6_UART_Driver.o
 .debug_frame   0x00000000000006d4       0x2c c:/st/stm32cubeide_1.4.0/stm32cubeide/plugins/com.st.stm32cube.ide.mcu.externaltools.gnu-tools-for-stm32.10.3-2021.10.win32_1.0.100.202210260954/tools/bin/../lib/gcc/arm-none-eabi/10.3.1/../../../../arm-none-eabi/lib/thumb/v7-m/nofp\libc_nano.a(lib_a-init.o)
