
Memory Configuration

Name             Origin             Length             Attributes
Mem              0x00000000         0x04000000         xrw
*default*        0x00000000         0xffffffff

Linker script and memory map

                0x00010000                . = 0x10000

.reset          0x00010000       0x10
 startup.o(.text)
 .text          0x00010000       0x10 startup.o
                0x00010000                reset

.text           0x00010010       0xcc
 *(.text)
 .text          0x00010010       0x18 main.o
                0x00010010                main
 .text          0x00010028       0x50 uart.o
                0x00010028                uart_Send_String
 *(.rodata)
 .rodata        0x00010078       0x64 main.o
                0x00010078                string_Buffer2

.glue_7         0x000100dc        0x0
 .glue_7        0x00000000        0x0 linker stubs

.glue_7t        0x000100dc        0x0
 .glue_7t       0x00000000        0x0 linker stubs

.vfp11_veneer   0x000100dc        0x0
 .vfp11_veneer  0x00000000        0x0 linker stubs

.v4_bx          0x000100dc        0x0
 .v4_bx         0x00000000        0x0 linker stubs

.iplt           0x000100dc        0x0
 .iplt          0x00000000        0x0 startup.o

.rel.dyn        0x000100dc        0x0
 .rel.iplt      0x00000000        0x0 startup.o

.data           0x000100dc       0x64
 *(.data)
 .data          0x000100dc        0x0 startup.o
 .data          0x000100dc       0x64 main.o
                0x000100dc                string_Buffer
 .data          0x00010140        0x0 uart.o

.igot.plt       0x00010140        0x0
 .igot.plt      0x00000000        0x0 startup.o

.bss            0x00010140        0x0
 *(.bss)
 .bss           0x00010140        0x0 startup.o
 .bss           0x00010140        0x0 main.o
 .bss           0x00010140        0x0 uart.o
 *(COMMON)
                0x00011140                . = (. + 0x1000)
                0x00011140                stack_top = .
LOAD startup.o
LOAD main.o
LOAD uart.o
OUTPUT(learn-in-depth.elf elf32-littlearm)

.ARM.attributes
                0x00000000       0x2e
 .ARM.attributes
                0x00000000       0x14 startup.o
 .ARM.attributes
                0x00000014       0x32 main.o
 .ARM.attributes
                0x00000046       0x32 uart.o

.comment        0x00000000       0x11
 .comment       0x00000000       0x11 main.o
                                 0x12 (size before relaxing)
 .comment       0x00000000       0x12 uart.o
