../Stm32_F103C6_Drivers/HAL/LCD_Driver/LCD.c:11:13:delay_ms	24	static
../Stm32_F103C6_Drivers/HAL/LCD_Driver/LCD.c:20:13:LCD_GPIO_INIT	8	static
../Stm32_F103C6_Drivers/HAL/LCD_Driver/LCD.c:87:6:HAL_LCD_CLEAR_SCREEN	8	static
../Stm32_F103C6_Drivers/HAL/LCD_Driver/LCD.c:92:13:HAL_LCD_KICK	8	static
../Stm32_F103C6_Drivers/HAL/LCD_Driver/LCD.c:101:6:HAL_LCD_GOTO_XY	16	static
../Stm32_F103C6_Drivers/HAL/LCD_Driver/LCD.c:119:6:HAL_LCD_INIT	8	static
../Stm32_F103C6_Drivers/HAL/LCD_Driver/LCD.c:142:6:HAL_LCD_ISBUSY	8	static
../Stm32_F103C6_Drivers/HAL/LCD_Driver/LCD.c:189:6:HAL_LCD_WRITE_COMMAND	16	static
../Stm32_F103C6_Drivers/HAL/LCD_Driver/LCD.c:230:6:HAL_LCD_WRITE_CHAR	16	static
../Stm32_F103C6_Drivers/HAL/LCD_Driver/LCD.c:270:6:HAL_LCD_WRITE_STRING	24	static
