../Stm32_F103C6_Drivers/MCAL/UART_Driver/Stm32_F103C6_UART_Driver.c:37:6:MCAL_UART_Init	24	static
../Stm32_F103C6_Drivers/MCAL/UART_Driver/Stm32_F103C6_UART_Driver.c:105:6:MCAL_UART_DeInit	16	static
../Stm32_F103C6_Drivers/MCAL/UART_Driver/Stm32_F103C6_UART_Driver.c:138:6:MCAL_UART_ReceiveData	24	static
../Stm32_F103C6_Drivers/MCAL/UART_Driver/Stm32_F103C6_UART_Driver.c:187:6:MCAL_UART_SendData	24	static
../Stm32_F103C6_Drivers/MCAL/UART_Driver/Stm32_F103C6_UART_Driver.c:211:6:MCAL_UART_GPIO_SetPins	24	static
../Stm32_F103C6_Drivers/MCAL/UART_Driver/Stm32_F103C6_UART_Driver.c:329:6:MCAL_UART_Wait_TC	16	static
../Stm32_F103C6_Drivers/MCAL/UART_Driver/Stm32_F103C6_UART_Driver.c:338:6:USART1_IRQHandler	8	static
../Stm32_F103C6_Drivers/MCAL/UART_Driver/Stm32_F103C6_UART_Driver.c:342:6:USART2_IRQHandler	8	static
../Stm32_F103C6_Drivers/MCAL/UART_Driver/Stm32_F103C6_UART_Driver.c:346:6:USART3_IRQHandler	8	static
