
Allocating common symbols
Common symbol       size              file

buffer              0xc               main.o

Memory Configuration

Name             Origin             Length             Attributes
flash            0x0000000008000000 0x0000000000020000 xr
sram             0x0000000020000000 0x0000000000005000 xrw
*default*        0x0000000000000000 0xffffffffffffffff

Linker script and memory map


.text           0x0000000008000000      0x128
 *(.vectors*)
 .vectors       0x0000000008000000       0x1c startup.o
                0x0000000008000000                vectors
 *(.text*)
 .text          0x000000000800001c       0x7c main.o
                0x000000000800001c                main
 .text          0x0000000008000098       0x90 startup.o
                0x0000000008000098                MM_Fault_Handler
                0x0000000008000098                Defaut_Handler
                0x0000000008000098                Bus_Fault
                0x0000000008000098                H_fault_Handler
                0x0000000008000098                Usage_Fault_Handler
                0x0000000008000098                NMI_Handler
                0x00000000080000a4                Reset_Handler
                0x0000000008000128                _E_TEXT_ = .

.glue_7         0x0000000008000128        0x0
 .glue_7        0x0000000008000128        0x0 linker stubs

.glue_7t        0x0000000008000128        0x0
 .glue_7t       0x0000000008000128        0x0 linker stubs

.vfp11_veneer   0x0000000008000128        0x0
 .vfp11_veneer  0x0000000008000128        0x0 linker stubs

.v4_bx          0x0000000008000128        0x0
 .v4_bx         0x0000000008000128        0x0 linker stubs

.iplt           0x0000000008000128        0x0
 .iplt          0x0000000008000128        0x0 main.o

.rodata         0x0000000008000128        0xc
 .rodata        0x0000000008000128        0xc main.o
                0x0000000008000128                Buffer3

.rel.dyn        0x0000000008000134        0x0
 .rel.iplt      0x0000000008000134        0x0 main.o

.data           0x0000000020000000        0xc load address 0x0000000008000134
                0x0000000020000000                _S_DATA_ = .
 *(.data)
 .data          0x0000000020000000        0xc main.o
                0x0000000020000000                Buffer2
 .data          0x000000002000000c        0x0 startup.o
                0x000000002000000c                . = ALIGN (0x4)
                0x000000002000000c                _E_DATA_ = .

.igot.plt       0x000000002000000c        0x0 load address 0x0000000008000140
 .igot.plt      0x000000002000000c        0x0 main.o

.bss            0x000000002000000c        0xc load address 0x0000000008000140
                0x000000002000000c                _S_BSS_ = .
 *(.bss)
 .bss           0x000000002000000c        0x0 main.o
 .bss           0x000000002000000c        0x0 startup.o
                0x000000002000000c                _E_BSS_ = .
                0x000000002000000c                . = ALIGN (0x4)
 COMMON         0x000000002000000c        0xc main.o
                0x000000002000000c                buffer
                0x0000000020000400                . = (. + 0x3e8)
                0x0000000020000400                _stack_top = .
LOAD main.o
LOAD startup.o
OUTPUT(Learn-In-Depth-CortexM3.elf elf32-littlearm)

.debug_info     0x0000000000000000      0x2be
 .debug_info    0x0000000000000000      0x12d main.o
 .debug_info    0x000000000000012d      0x191 startup.o

.debug_abbrev   0x0000000000000000      0x176
 .debug_abbrev  0x0000000000000000       0x9e main.o
 .debug_abbrev  0x000000000000009e       0xd8 startup.o

.debug_loc      0x0000000000000000       0xb4
 .debug_loc     0x0000000000000000       0x38 main.o
 .debug_loc     0x0000000000000038       0x7c startup.o

.debug_aranges  0x0000000000000000       0x40
 .debug_aranges
                0x0000000000000000       0x20 main.o
 .debug_aranges
                0x0000000000000020       0x20 startup.o

.debug_line     0x0000000000000000      0x3d3
 .debug_line    0x0000000000000000      0x1e1 main.o
 .debug_line    0x00000000000001e1      0x1f2 startup.o

.debug_str      0x0000000000000000      0x1cb
 .debug_str     0x0000000000000000      0x147 main.o
                                        0x184 (size before relaxing)
 .debug_str     0x0000000000000147       0x84 startup.o
                                        0x1e5 (size before relaxing)

.comment        0x0000000000000000       0x7b
 .comment       0x0000000000000000       0x7b main.o
                                         0x7c (size before relaxing)
 .comment       0x000000000000007b       0x7c startup.o

.ARM.attributes
                0x0000000000000000       0x33
 .ARM.attributes
                0x0000000000000000       0x33 main.o
 .ARM.attributes
                0x0000000000000033       0x33 startup.o

.debug_frame    0x0000000000000000       0x7c
 .debug_frame   0x0000000000000000       0x2c main.o
 .debug_frame   0x000000000000002c       0x50 startup.o
